<html>
<body>
<pre>
<h1>µVision Build Log</h1>
<h2>Tool Versions:</h2>
IDE-Version: ¦ÌVision V5.27.0.0
Copyright (C) 2018 ARM Ltd and ARM Germany GmbH. All rights reserved.
License Information: 356 5456, 524, LIC=IC963-AT92H-C2KL6-D7YYZ-QW6ZJ-8P26C
 
Tool Versions:
Toolchain:       MDK-ARM Professional  Version: 5.27.0.0
Toolchain Path:  C:\Keil_v5\ARM\ARMCC\Bin
C Compiler:      Armcc.exe V5.06 update 6 (build 750)
Assembler:       Armasm.exe V5.06 update 6 (build 750)
Linker/Locator:  ArmLink.exe V5.06 update 6 (build 750)
Library Manager: ArmAr.exe V5.06 update 6 (build 750)
Hex Converter:   FromElf.exe V5.06 update 6 (build 750)
CPU DLL:         SARMCM3.DLL V5.27.0.0
Dialog DLL:      DCM.DLL V1.17.2.0
Target DLL:      CMSIS_AGDI.dll V1.31.9.0
Dialog DLL:      TCM.DLL V1.36.1.0
 
<h2>Project:</h2>
C:\Users\hop\Documents\GitHub\STANDARDA\infantry\MAIN\standardA.uvprojx
Project File Date:  04/14/2019

<h2>Output:</h2>
*** Using Compiler 'V5.06 update 6 (build 750)', folder: 'C:\Keil_v5\ARM\ARMCC\Bin'
Build target 'RM2019_STANDARD'
compiling main.c...
compiling app.c...
compiling CONFIG_PARAM_task.c...
compiling STAT_JUDGE_task.c...
compiling CONCLUDE_task.c...
compiling DETECTION_task.c...
compiling SHOOT_task.c...
compiling REFERENCE_task.c...
compiling AUX_task.c...
compiling GIMBAL_task.c...
compiling CHASIS_task.c...
compiling IO_task.c...
compiling beep.c...
compiling flash.c...
compiling can.c...
compiling fricmotor.c...
compiling key.c...
compiling timer3.c...
compiling led.c...
compiling usart1.c...
compiling usart3.c...
compiling usart2.c...
compiling usart5.c...
compiling usart4.c...
compiling usart6.c...
compiling pid.c...
compiling user_lib.c...
compiling filter.c...
linking...
Program Size: Code=41044 RO-data=3540 RW-data=312 ZI-data=28048  
FromELF: creating hex file...
"..\OBJ\STANDARD.axf" - 0 Error(s), 0 Warning(s).

<h2>Software Packages used:</h2>

Package Vendor: Keil
                http://www.keil.com/pack/Keil.STM32F4xx_DFP.1.0.8.pack
                Keil.STM32F4xx_DFP.1.0.8
                STMicroelectronics STM32F4 Series Device Support, Drivers and Examples

<h2>Collection of Component include folders:</h2>
  .\RTE\_RM2019_STANDARD
  C:\Keil_v5\ARM\PACK\Keil\STM32F4xx_DFP\1.0.8\Device\Include

<h2>Collection of Component Files used:</h2>
Build Time Elapsed:  00:00:22
</pre>
</body>
</html>
