Component: ARM Compiler 5.06 update 6 (build 750) Tool: armlink [4d35ed]

==============================================================================

Section Cross References

    main.o(i.main) refers to app.o(i.BspInit) for BspInit
    main.o(i.main) refers to app.o(i.ParamInit) for ParamInit
    main.o(i.main) refers to tasks.o(i.xTaskCreate) for xTaskCreate
    main.o(i.main) refers to tasks.o(i.vTaskStartScheduler) for vTaskStartScheduler
    main.o(i.main) refers to main.o(.data) for StartTask_Handler
    main.o(i.main) refers to main.o(i.start_task) for start_task
    main.o(i.start_task) refers to port.o(i.vPortEnterCritical) for vPortEnterCritical
    main.o(i.start_task) refers to tasks.o(i.xTaskCreate) for xTaskCreate
    main.o(i.start_task) refers to heap_4.o(i.xPortGetFreeHeapSize) for xPortGetFreeHeapSize
    main.o(i.start_task) refers to printf5.o(i.__0printf$5) for __2printf
    main.o(i.start_task) refers to tasks.o(i.vTaskDelete) for vTaskDelete
    main.o(i.start_task) refers to port.o(i.vPortExitCritical) for vPortExitCritical
    main.o(i.start_task) refers to main.o(.data) for STAT_JUDGETask_Handler
    main.o(i.start_task) refers to stat_judge_task.o(i.STAT_JUDGE_task) for STAT_JUDGE_task
    main.o(i.start_task) refers to chasis_task.o(i.CHASIS_task) for CHASIS_task
    main.o(i.start_task) refers to gimbal_task.o(i.GIMBAL_task) for GIMBAL_task
    main.o(i.start_task) refers to conclude_task.o(i.CONCLUDE_task) for CONCLUDE_task
    main.o(i.start_task) refers to io_task.o(i.Upload_task) for Upload_task
    main.o(i.start_task) refers to aux_task.o(i.AUX_task) for AUX_task
    main.o(i.start_task) refers to config_param_task.o(i.CONFIG_PARAM_Task) for CONFIG_PARAM_Task
    main.o(i.start_task) refers to reference_task.o(i.REFERENCE_task) for REFERENCE_task
    main.o(i.start_task) refers to shoot_task.o(i.SHOOT_task) for SHOOT_task
    main.o(i.vApplicationIdleHook) refers to app.o(i.GetSysTickCnt) for GetSysTickCnt
    main.o(i.vApplicationIdleHook) refers to main.o(.data) for tickWatchdogReset
    app.o(i.BspInit) refers to misc.o(i.NVIC_PriorityGroupConfig) for NVIC_PriorityGroupConfig
    app.o(i.BspInit) refers to delay.o(i.delay_init) for delay_init
    app.o(i.BspInit) refers to usart1.o(i.USART1_Configuration) for USART1_Configuration
    app.o(i.BspInit) refers to usart3.o(i.USART3_Configuration) for USART3_Configuration
    app.o(i.BspInit) refers to usart4.o(i.USART4_Configuration) for USART4_Configuration
    app.o(i.BspInit) refers to usart5.o(i.USART5_Configuration) for USART5_Configuration
    app.o(i.BspInit) refers to usart6.o(i.USART6_Configuration) for USART6_Configuration
    app.o(i.BspInit) refers to can.o(i.CAN1_Configuration) for CAN1_Configuration
    app.o(i.BspInit) refers to led.o(i.LED_Configuration) for LED_Configuration
    app.o(i.BspInit) refers to fricmotor.o(i.Fricmotor_Configuration) for Fricmotor_Configuration
    app.o(i.BspInit) refers to beep.o(i.BEEP_Init) for BEEP_Init
    app.o(i.BspInit) refers to timer3.o(i.MicroStepMotor_Configuration) for MicroStepMotor_Configuration
    app.o(i.BspInit) refers to key.o(i.KEY_Init) for KEY_Init
    app.o(i.BspInit) refers to led.o(i.FlowLED) for FlowLED
    app.o(i.ChangeNowPitchAngleToExpangle) refers to can.o(.bss) for gimbal_motor
    app.o(i.ChangeNowPitchAngleToExpangle) refers to gimbal_task.o(.bss) for pitchdata
    app.o(i.ChangeNowYawAngleToExpangle) refers to app.o(.bss) for extend_angle
    app.o(i.ChangeNowYawAngleToExpangle) refers to gimbal_task.o(.bss) for yawdata
    app.o(i.FirstFlashRead) refers to flash.o(i.Data_Read) for Data_Read
    app.o(i.FirstFlashRead) refers to app.o(i.PID_Load) for PID_Load
    app.o(i.FirstFlashRead) refers to printf5.o(i.__0printf$5) for __2printf
    app.o(i.FirstFlashRead) refers to delay.o(i.delay_ms) for delay_ms
    app.o(i.GetSysTickCnt) refers to tasks.o(i.xTaskGetSchedulerState) for xTaskGetSchedulerState
    app.o(i.GetSysTickCnt) refers to tasks.o(i.xTaskGetTickCount) for xTaskGetTickCount
    app.o(i.GetSysTickCnt) refers to app.o(.data) for sysTickCnt
    app.o(i.PID_Load) refers to flash.o(.bss) for flash_save_data_access
    app.o(i.PID_Load) refers to pid.o(.bss) for chasis_motor1_pid_v
    app.o(i.ParamInit) refers to pid.o(i.DJI_PID_Param_Init) for DJI_PID_Param_Init
    app.o(i.ParamInit) refers to user_lib.o(i.first_order_filter_init) for first_order_filter_init
    app.o(i.ParamInit) refers to reference_task.o(i.USART5_FIFO_Init) for USART5_FIFO_Init
    app.o(i.ParamInit) refers to app.o(i.FirstFlashRead) for FirstFlashRead
    app.o(i.ParamInit) refers to usart1.o(i.Rc_Init) for Rc_Init
    app.o(i.ParamInit) refers to stat_judge_task.o(i.setSystemStat) for setSystemStat
    app.o(i.ParamInit) refers to stat_judge_task.o(i.setChasisFollowStat) for setChasisFollowStat
    app.o(i.ParamInit) refers to stat_judge_task.o(i.confirmGimabalMainStat) for confirmGimabalMainStat
[...]
    EXTI0_IRQHandler                         0x0800026f   Thumb Code     0  startup_stm32f40_41xxx.o(.text)
    EXTI15_10_IRQHandler                     0x0800026f   Thumb Code     0  startup_stm32f40_41xxx.o(.text)
    EXTI1_IRQHandler                         0x0800026f   Thumb Code     0  startup_stm32f40_41xxx.o(.text)
    EXTI2_IRQHandler                         0x0800026f   Thumb Code     0  startup_stm32f40_41xxx.o(.text)
    EXTI3_IRQHandler                         0x0800026f   Thumb Code     0  startup_stm32f40_41xxx.o(.text)
    EXTI4_IRQHandler                         0x0800026f   Thumb Code     0  startup_stm32f40_41xxx.o(.text)
    EXTI9_5_IRQHandler                       0x0800026f   Thumb Code     0  startup_stm32f40_41xxx.o(.text)
    FLASH_IRQHandler                         0x0800026f   Thumb Code     0  startup_stm32f40_41xxx.o(.text)
    FPU_IRQHandler                           0x0800026f   Thumb Code     0  startup_stm32f40_41xxx.o(.text)
    FSMC_IRQHandler                          0x0800026f   Thumb Code     0  startup_stm32f40_41xxx.o(.text)
    HASH_RNG_IRQHandler                      0x0800026f   Thumb Code     0  startup_stm32f40_41xxx.o(.text)
    I2C1_ER_IRQHandler                       0x0800026f   Thumb Code     0  startup_stm32f40_41xxx.o(.text)
    I2C1_EV_IRQHandler                       0x0800026f   Thumb Code     0  startup_stm32f40_41xxx.o(.text)
    I2C2_ER_IRQHandler                       0x0800026f   Thumb Code     0  startup_stm32f40_41xxx.o(.text)
    I2C2_EV_IRQHandler                       0x0800026f   Thumb Code     0  startup_stm32f40_41xxx.o(.text)
    I2C3_ER_IRQHandler                       0x0800026f   Thumb Code     0  startup_stm32f40_41xxx.o(.text)
    I2C3_EV_IRQHandler                       0x0800026f   Thumb Code     0  startup_stm32f40_41xxx.o(.text)
    OTG_FS_IRQHandler                        0x0800026f   Thumb Code     0  startup_stm32f40_41xxx.o(.text)
    OTG_FS_WKUP_IRQHandler                   0x0800026f   Thumb Code     0  startup_stm32f40_41xxx.o(.text)
    OTG_HS_EP1_IN_IRQHandler                 0x0800026f   Thumb Code     0  startup_stm32f40_41xxx.o(.text)
    OTG_HS_EP1_OUT_IRQHandler                0x0800026f   Thumb Code     0  startup_stm32f40_41xxx.o(.text)
    OTG_HS_IRQHandler                        0x0800026f   Thumb Code     0  startup_stm32f40_41xxx.o(.text)
    OTG_HS_WKUP_IRQHandler                   0x0800026f   Thumb Code     0  startup_stm32f40_41xxx.o(.text)
    PVD_IRQHandler                           0x0800026f   Thumb Code     0  startup_stm32f40_41xxx.o(.text)
    RCC_IRQHandler                           0x0800026f   Thumb Code     0  startup_stm32f40_41xxx.o(.text)
    RTC_Alarm_IRQHandler                     0x0800026f   Thumb Code     0  startup_stm32f40_41xxx.o(.text)
    RTC_WKUP_IRQHandler                      0x0800026f   Thumb Code     0  startup_stm32f40_41xxx.o(.text)
    SDIO_IRQHandler                          0x0800026f   Thumb Code     0  startup_stm32f40_41xxx.o(.text)
    SPI1_IRQHandler                          0x0800026f   Thumb Code     0  startup_stm32f40_41xxx.o(.text)
    SPI2_IRQHandler                          0x0800026f   Thumb Code     0  startup_stm32f40_41xxx.o(.text)
    SPI3_IRQHandler                          0x0800026f   Thumb Code     0  startup_stm32f40_41xxx.o(.text)
    TAMP_STAMP_IRQHandler                    0x0800026f   Thumb Code     0  startup_stm32f40_41xxx.o(.text)
    TIM1_BRK_TIM9_IRQHandler                 0x0800026f   Thumb Code     0  startup_stm32f40_41xxx.o(.text)
    TIM1_CC_IRQHandler                       0x0800026f   Thumb Code     0  startup_stm32f40_41xxx.o(.text)
    TIM1_TRG_COM_TIM11_IRQHandler            0x0800026f   Thumb Code     0  startup_stm32f40_41xxx.o(.text)
    TIM1_UP_TIM10_IRQHandler                 0x0800026f   Thumb Code     0  startup_stm32f40_41xxx.o(.text)
    TIM2_IRQHandler                          0x0800026f   Thumb Code     0  startup_stm32f40_41xxx.o(.text)
    TIM3_IRQHandler                          0x0800026f   Thumb Code     0  startup_stm32f40_41xxx.o(.text)
    TIM4_IRQHandler                          0x0800026f   Thumb Code     0  startup_stm32f40_41xxx.o(.text)
    TIM5_IRQHandler                          0x0800026f   Thumb Code     0  startup_stm32f40_41xxx.o(.text)
    TIM6_DAC_IRQHandler                      0x0800026f   Thumb Code     0  startup_stm32f40_41xxx.o(.text)
    TIM7_IRQHandler                          0x0800026f   Thumb Code     0  startup_stm32f40_41xxx.o(.text)
    TIM8_BRK_TIM12_IRQHandler                0x0800026f   Thumb Code     0  startup_stm32f40_41xxx.o(.text)
    TIM8_CC_IRQHandler                       0x0800026f   Thumb Code     0  startup_stm32f40_41xxx.o(.text)
    TIM8_TRG_COM_TIM14_IRQHandler            0x0800026f   Thumb Code     0  startup_stm32f40_41xxx.o(.text)
    TIM8_UP_TIM13_IRQHandler                 0x0800026f   Thumb Code     0  startup_stm32f40_41xxx.o(.text)
    WWDG_IRQHandler                          0x0800026f   Thumb Code     0  startup_stm32f40_41xxx.o(.text)
    FIFO_Init                                0x08000279   Thumb Code    78  fifo.o(.text)
    FIFO_Create                              0x080002c7   Thumb Code    80  fifo.o(.text)
    FIFO_Destory                             0x08000317   Thumb Code    40  fifo.o(.text)
    FIFO_S_Init                              0x0800033f   Thumb Code    62  fifo.o(.text)
    FIFO_S_Create                            0x0800037d   Thumb Code    60  fifo.o(.text)
    FIFO_S_Destory                           0x080003b9   Thumb Code    40  fifo.o(.text)
    FIFO_Put                                 0x080003e1   Thumb Code   106  fifo.o(.text)
    FIFO_S_Put                               0x0800044b   Thumb Code    68  fifo.o(.text)
    FIFO_S_Puts                              0x0800048f   Thumb Code    98  fifo.o(.text)
    FIFO_Get                                 0x080004f1   Thumb Code   106  fifo.o(.text)
    FIFO_S_Get                               0x0800055b   Thumb Code    58  fifo.o(.text)
    FIFO_GetHead                             0x08000595   Thumb Code   162  fifo.o(.text)
    FIFO_S_GetHead                           0x08000637   Thumb Code    76  fifo.o(.text)
    FIFO_PreRead                             0x08000683   Thumb Code   108  fifo.o(.text)
    FIFO_S_PreRead                           0x080006ef   Thumb Code    48  fifo.o(.text)
    FIFO_IsEmpty                             0x0800071f   Thumb Code    24  fifo.o(.text)
    FIFO_S_IsEmpty                           0x08000737   Thumb Code    24  fifo.o(.text)
    FIFO_IsFull                              0x0800074f   Thumb Code    24  fifo.o(.text)
    FIFO_S_IsFull                            0x08000767   Thumb Code    24  fifo.o(.text)
    FIFO_CountUsed                           0x0800077f   Thumb Code    16  fifo.o(.text)
    FIFO_S_CountUsed                         0x0800078f   Thumb Code    16  fifo.o(.text)
    FIFO_CountFree                           0x0800079f   Thumb Code    16  fifo.o(.text)
    FIFO_S_CountFree                         0x080007af   Thumb Code    16  fifo.o(.text)
    FIFO_Flush                               0x080007bf   Thumb Code    50  fifo.o(.text)
    FIFO_S_Flush                             0x080007f1   Thumb Code    44  fifo.o(.text)
    PID_Reset                                0x0800081d   Thumb Code    50  pid_regulator.o(.text)
    PID_Calc                                 0x0800084f   Thumb Code   234  pid_regulator.o(.text)
    __aeabi_memcpy                           0x0800093d   Thumb Code    36  memcpya.o(.text)
    __aeabi_memcpy4                          0x0800093d   Thumb Code     0  memcpya.o(.text)
    __aeabi_memcpy8                          0x0800093d   Thumb Code     0  memcpya.o(.text)
    __aeabi_memset                           0x08000961   Thumb Code    14  memseta.o(.text)
    __aeabi_memset4                          0x08000961   Thumb Code     0  memseta.o(.text)
    __aeabi_memset8                          0x08000961   Thumb Code     0  memseta.o(.text)
    __aeabi_memclr                           0x0800096f   Thumb Code     4  memseta.o(.text)
    __aeabi_memclr4                          0x0800096f   Thumb Code     0  memseta.o(.text)
    __aeabi_memclr8                          0x0800096f   Thumb Code     0  memseta.o(.text)
    _memset$wrapper                          0x08000973   Thumb Code    18  memseta.o(.text)
    strlen                                   0x08000985   Thumb Code    14  strlen.o(.text)
    __aeabi_dmul                             0x08000993   Thumb Code   228  dmul.o(.text)
    __aeabi_i2d                              0x08000a77   Thumb Code    34  dflti.o(.text)
    __aeabi_f2d                              0x08000a99   Thumb Code    38  f2d.o(.text)
    __aeabi_d2f                              0x08000abf   Thumb Code    56  d2f.o(.text)
    __aeabi_uldivmod                         0x08000af7   Thumb Code    98  uldiv.o(.text)
    __I$use$fp                               0x08000b59   Thumb Code     0  iusefp.o(.text)
    _float_round                             0x08000b59   Thumb Code    18  fepilogue.o(.text)
    _float_epilogue                          0x08000b6b   Thumb Code    92  fepilogue.o(.text)
    _double_round                            0x08000bc7   Thumb Code    30  depilogue.o(.text)
    _double_epilogue                         0x08000be5   Thumb Code   156  depilogue.o(.text)
    __scatterload                            0x08000c81   Thumb Code    28  init.o(.text)
    __scatterload_rt2                        0x08000c81   Thumb Code     0  init.o(.text)
    __aeabi_llsl                             0x08000ca5   Thumb Code    30  llshl.o(.text)
    _ll_shift_l                              0x08000ca5   Thumb Code     0  llshl.o(.text)
    __aeabi_llsr                             0x08000cc3   Thumb Code    32  llushr.o(.text)
    _ll_ushift_r                             0x08000cc3   Thumb Code     0  llushr.o(.text)
    AUX_task                                 0x08000ce3   Thumb Code    74  aux_task.o(i.AUX_task)
    Append_CRC16_Check_Sum                   0x08000d2d   Thumb Code    44  io_task.o(i.Append_CRC16_Check_Sum)
    Append_CRC8_Check_Sum                    0x08000d59   Thumb Code    38  io_task.o(i.Append_CRC8_Check_Sum)
    BEEP_Init                                0x08000d85   Thumb Code    60  beep.o(i.BEEP_Init)
    BeepAlam                                 0x08000dc5   Thumb Code    40  beep.o(i.BeepAlam)
    BeepON                                   0x08000df5   Thumb Code     8  beep.o(i.BeepON)
    BspInit                                  0x08000e01   Thumb Code    84  app.o(i.BspInit)
    BusFault_Handler                         0x08000e5d   Thumb Code     4  stm32f4xx_it.o(i.BusFault_Handler)
    CAN1_Configuration                       0x08000e61   Thumb Code   266  can.o(i.CAN1_Configuration)
    CAN1_RX0_IRQHandler                      0x08000f75   Thumb Code   202  can.o(i.CAN1_RX0_IRQHandler)
    CAN1_TX_IRQHandler                       0x08001051   Thumb Code    22  can.o(i.CAN1_TX_IRQHandler)
    CAN2_RX0_IRQHandler                      0x0800106d   Thumb Code    36  can.o(i.CAN2_RX0_IRQHandler)
    CAN2_TX_IRQHandler                       0x08001095   Thumb Code    22  can.o(i.CAN2_TX_IRQHandler)
    CAN_CMD_CHASSIS_RESET_ID                 0x080010b1   Thumb Code    74  can.o(i.CAN_CMD_CHASSIS_RESET_ID)
    CAN_ClearITPendingBit                    0x08001101   Thumb Code   162  stm32f4xx_can.o(i.CAN_ClearITPendingBit)
    CAN_DeInit                               0x080011a9   Thumb Code    50  stm32f4xx_can.o(i.CAN_DeInit)
    CAN_FilterInit                           0x080011e1   Thumb Code   258  stm32f4xx_can.o(i.CAN_FilterInit)
    CAN_GetITStatus                          0x080012e9   Thumb Code   284  stm32f4xx_can.o(i.CAN_GetITStatus)
    CAN_ITConfig                             0x08001409   Thumb Code    18  stm32f4xx_can.o(i.CAN_ITConfig)
    CAN_Init                                 0x0800141b   Thumb Code   276  stm32f4xx_can.o(i.CAN_Init)
    CAN_Receive                              0x0800152f   Thumb Code   240  stm32f4xx_can.o(i.CAN_Receive)
    CAN_StructInit                           0x0800161f   Thumb Code    32  stm32f4xx_can.o(i.CAN_StructInit)
    CAN_Transmit                             0x0800163f   Thumb Code   294  stm32f4xx_can.o(i.CAN_Transmit)
    CHASIS_task                              0x08001765   Thumb Code    96  chasis_task.o(i.CHASIS_task)
    CONCLUDE_task                            0x080017c5   Thumb Code    40  conclude_task.o(i.CONCLUDE_task)
    CONFIG_PARAM_Task                        0x080017f1   Thumb Code    84  config_param_task.o(i.CONFIG_PARAM_Task)
    CalChasisAndSend                         0x0800184d   Thumb Code   134  conclude_task.o(i.CalChasisAndSend)
    ChangeNowPitchAngleToExpangle            0x080018e1   Thumb Code    22  app.o(i.ChangeNowPitchAngleToExpangle)
    ChangeNowYawAngleToExpangle              0x08001905   Thumb Code    14  app.o(i.ChangeNowYawAngleToExpangle)
    ChasisControl                            0x0800191d   Thumb Code   304  chasis_task.o(i.ChasisControl)
    ChasisRoteCal                            0x08001a7d   Thumb Code   222  chasis_task.o(i.ChasisRoteCal)
    CheckUpFinishi                           0x08001ba1   Thumb Code    78  gimbal_task.o(i.CheckUpFinishi)
    CheckUpQuickBackFinishi                  0x08001c19   Thumb Code    78  gimbal_task.o(i.CheckUpQuickBackFinishi)
    DJI_PID_Cal                              0x08001c91   Thumb Code    56  pid.o(i.DJI_PID_Cal)
    DJI_PID_Init                             0x08001cc9   Thumb Code   154  pid.o(i.DJI_PID_Init)
    DJI_PID_Param_Init                       0x08001d69   Thumb Code   446  pid.o(i.DJI_PID_Param_Init)
    DMA1_Stream0_IRQHandler                  0x08001f81   Thumb Code    22  usart5.o(i.DMA1_Stream0_IRQHandler)
    DMA_ClearFlag                            0x08001fa5   Thumb Code    38  stm32f4xx_dma.o(i.DMA_ClearFlag)
    DMA_Cmd                                  0x08001fd9   Thumb Code    22  stm32f4xx_dma.o(i.DMA_Cmd)
    DMA_DeInit                               0x08001ff1   Thumb Code   324  stm32f4xx_dma.o(i.DMA_DeInit)
    DMA_DoubleBufferModeCmd                  0x08002149   Thumb Code    22  stm32f4xx_dma.o(i.DMA_DoubleBufferModeCmd)
    DMA_DoubleBufferModeConfig               0x0800215f   Thumb Code    24  stm32f4xx_dma.o(i.DMA_DoubleBufferModeConfig)
    DMA_GetCmdStatus                         0x08002177   Thumb Code    20  stm32f4xx_dma.o(i.DMA_GetCmdStatus)
    DMA_GetCurrDataCounter                   0x0800218b   Thumb Code     8  stm32f4xx_dma.o(i.DMA_GetCurrDataCounter)
    DMA_GetCurrentMemoryTarget               0x08002193   Thumb Code    20  stm32f4xx_dma.o(i.DMA_GetCurrentMemoryTarget)
    DMA_GetFlagStatus                        0x080021a9   Thumb Code    54  stm32f4xx_dma.o(i.DMA_GetFlagStatus)
    DMA_GetITStatus                          0x080021ed   Thumb Code    82  stm32f4xx_dma.o(i.DMA_GetITStatus)
    DMA_ITConfig                             0x08002251   Thumb Code    58  stm32f4xx_dma.o(i.DMA_ITConfig)
    DMA_Init                                 0x0800228d   Thumb Code    82  stm32f4xx_dma.o(i.DMA_Init)
    DMA_SetCurrDataCounter                   0x080022e5   Thumb Code     4  stm32f4xx_dma.o(i.DMA_SetCurrDataCounter)
    DMA_StructInit                           0x080022e9   Thumb Code    34  stm32f4xx_dma.o(i.DMA_StructInit)
    DataVerify                               0x0800230b   Thumb Code    40  io_task.o(i.DataVerify)
    Data_Read                                0x08002335   Thumb Code   136  flash.o(i.Data_Read)
    DeathAreaProcess                         0x08002405   Thumb Code    66  usart1.o(i.DeathAreaProcess)
    DebugMon_Handler                         0x0800244d   Thumb Code     2  stm32f4xx_it.o(i.DebugMon_Handler)
    ExtendAngle                              0x08002451   Thumb Code   112  app.o(i.ExtendAngle)
    FLASH_ClearFlag                          0x080024c9   Thumb Code     6  stm32f4xx_flash.o(i.FLASH_ClearFlag)
    FLASH_EraseSector                        0x080024d5   Thumb Code   130  stm32f4xx_flash.o(i.FLASH_EraseSector)
    FLASH_GetStatus                          0x0800255d   Thumb Code    80  stm32f4xx_flash.o(i.FLASH_GetStatus)
    FLASH_Lock                               0x080025b1   Thumb Code    14  stm32f4xx_flash.o(i.FLASH_Lock)
    FLASH_ProgramByte                        0x080025c5   Thumb Code    70  stm32f4xx_flash.o(i.FLASH_ProgramByte)
    FLASH_Unlock                             0x08002611   Thumb Code    24  stm32f4xx_flash.o(i.FLASH_Unlock)
    FLASH_WaitForLastOperation               0x08002635   Thumb Code    34  stm32f4xx_flash.o(i.FLASH_WaitForLastOperation)
    FRICMOTOR_OFF                            0x08002659   Thumb Code    24  fricmotor.o(i.FRICMOTOR_OFF)
    FRICMOTOR_ON                             0x08002675   Thumb Code    24  fricmotor.o(i.FRICMOTOR_ON)
    FeedMotorOFF                             0x08002691   Thumb Code    12  timer3.o(i.FeedMotorOFF)
    FeedMotorON                              0x080026a1   Thumb Code    12  timer3.o(i.FeedMotorON)
    FirstFlashRead                           0x080026b1   Thumb Code    64  app.o(i.FirstFlashRead)
    FirstGimbalBack                          0x08002721   Thumb Code   248  gimbal_task.o(i.FirstGimbalBack)
    Flash_Data_Save                          0x08002851   Thumb Code   126  flash.o(i.Flash_Data_Save)
    FlowLED                                  0x08002905   Thumb Code    62  led.o(i.FlowLED)
    Fricmotor_Configuration                  0x08002945   Thumb Code   224  fricmotor.o(i.Fricmotor_Configuration)
    GIMBAL_task                              0x08002a2d   Thumb Code    54  gimbal_task.o(i.GIMBAL_task)
    GPIO_Init                                0x08002a63   Thumb Code   144  stm32f4xx_gpio.o(i.GPIO_Init)
    GPIO_PinAFConfig                         0x08002af3   Thumb Code    70  stm32f4xx_gpio.o(i.GPIO_PinAFConfig)
    GPIO_ReadInputDataBit                    0x08002b39   Thumb Code    18  stm32f4xx_gpio.o(i.GPIO_ReadInputDataBit)
    GPIO_ResetBits                           0x08002b4b   Thumb Code     4  stm32f4xx_gpio.o(i.GPIO_ResetBits)
    GPIO_SetBits                             0x08002b4f   Thumb Code     4  stm32f4xx_gpio.o(i.GPIO_SetBits)
    GPIO_StructInit                          0x08002b53   Thumb Code    18  stm32f4xx_gpio.o(i.GPIO_StructInit)
    GetSysTickCnt                            0x08002b65   Thumb Code    22  app.o(i.GetSysTickCnt)
    Get_CRC16_Check_Sum                      0x08002b81   Thumb Code    46  io_task.o(i.Get_CRC16_Check_Sum)
    Get_CRC8_Check_Sum                       0x08002bb5   Thumb Code    30  io_task.o(i.Get_CRC8_Check_Sum)
    GimbalCtl                                0x08002bd9   Thumb Code    58  gimbal_task.o(i.GimbalCtl)
    GimbalNomalCtl                           0x08002c19   Thumb Code   588  gimbal_task.o(i.GimbalNomalCtl)
    GimbalQuickBack                          0x08002ea9   Thumb Code   242  gimbal_task.o(i.GimbalQuickBack)
    GimbalSlefaimCtl                         0x08002fd1   Thumb Code   216  gimbal_task.o(i.GimbalSlefaimCtl)
    HardFault_Handler                        0x080030d9   Thumb Code     4  stm32f4xx_it.o(i.HardFault_Handler)
    Judege_Shoot                             0x080030dd   Thumb Code    80  shoot_task.o(i.Judege_Shoot)
    JudgeCalibration                         0x08003135   Thumb Code   184  stat_judge_task.o(i.JudgeCalibration)
    JudgeChasisStat                          0x08003231   Thumb Code    50  stat_judge_task.o(i.JudgeChasisStat)
    JudgeFricMotor                           0x08003279   Thumb Code    30  stat_judge_task.o(i.JudgeFricMotor)
    JudgeGimabalStat                         0x080032a1   Thumb Code    76  stat_judge_task.o(i.JudgeGimabalStat)
    JudgeSystemStat                          0x08003305   Thumb Code   130  stat_judge_task.o(i.JudgeSystemStat)
    KEYFunction                              0x080033ad   Thumb Code   102  stat_judge_task.o(i.KEYFunction)
    KEY_Init                                 0x08003471   Thumb Code    42  key.o(i.KEY_Init)
    KeepPitchexp                             0x080034a1   Thumb Code    22  gimbal_task.o(i.KeepPitchexp)
    KeyBoardProcess                          0x080034c5   Thumb Code   258  usart1.o(i.KeyBoardProcess)
    LEDAlam                                  0x080035c9   Thumb Code   198  aux_task.o(i.LEDAlam)
    LED_Configuration                        0x080036a9   Thumb Code    78  led.o(i.LED_Configuration)
    LightingGreenLED                         0x0800370d   Thumb Code    22  led.o(i.LightingGreenLED)
    LimitAngle                               0x0800372d   Thumb Code    54  gimbal_task.o(i.LimitAngle)
    Load_And_Save_Param                      0x08003765   Thumb Code    18  flash.o(i.Load_And_Save_Param)
    LockChasis                               0x0800377d   Thumb Code    28  chasis_task.o(i.LockChasis)
    ManifoldProcess                          0x080037a1   Thumb Code   194  usart4.o(i.ManifoldProcess)
    MemManage_Handler                        0x0800386d   Thumb Code     4  stm32f4xx_it.o(i.MemManage_Handler)
    MicroStepMotorControl                    0x08003871   Thumb Code   208  stat_judge_task.o(i.MicroStepMotorControl)
    MicroStepMotor_Configuration             0x0800395d   Thumb Code    74  timer3.o(i.MicroStepMotor_Configuration)
    Mpu6000DataProcess                       0x080039ad   Thumb Code   158  usart6.o(i.Mpu6000DataProcess)
    NMI_Handler                              0x08003a5d   Thumb Code     2  stm32f4xx_it.o(i.NMI_Handler)
    NVIC_Init                                0x08003a61   Thumb Code   106  misc.o(i.NVIC_Init)
    NVIC_PriorityGroupConfig                 0x08003ad9   Thumb Code    10  misc.o(i.NVIC_PriorityGroupConfig)
    PID_Load                                 0x08003aed   Thumb Code   338  app.o(i.PID_Load)
    PIDz_Calculate                           0x08003c75   Thumb Code   182  pid.o(i.PIDz_Calculate)
    ParamInit                                0x08003d2d   Thumb Code   120  app.o(i.ParamInit)
    PrintTaskInfomation                      0x08003dd5   Thumb Code   102  app.o(i.PrintTaskInfomation)
    Process3508Data                          0x08003f81   Thumb Code    68  can.o(i.Process3508Data)
    Process6623Data                          0x08003fc9   Thumb Code   100  can.o(i.Process6623Data)
    ProcessRC                                0x08004039   Thumb Code   232  usart1.o(i.ProcessRC)
    RCC_AHB1PeriphClockCmd                   0x0800412d   Thumb Code    26  stm32f4xx_rcc.o(i.RCC_AHB1PeriphClockCmd)
    RCC_APB1PeriphClockCmd                   0x0800414d   Thumb Code    26  stm32f4xx_rcc.o(i.RCC_APB1PeriphClockCmd)
    RCC_APB1PeriphResetCmd                   0x0800416d   Thumb Code    26  stm32f4xx_rcc.o(i.RCC_APB1PeriphResetCmd)
    RCC_APB2PeriphClockCmd                   0x0800418d   Thumb Code    26  stm32f4xx_rcc.o(i.RCC_APB2PeriphClockCmd)
    RCC_APB2PeriphResetCmd                   0x080041ad   Thumb Code    26  stm32f4xx_rcc.o(i.RCC_APB2PeriphResetCmd)
    RCC_GetClocksFreq                        0x080041cd   Thumb Code   214  stm32f4xx_rcc.o(i.RCC_GetClocksFreq)
    REFERENCE_task                           0x080042b5   Thumb Code    32  reference_task.o(i.REFERENCE_task)
    Rc_Init                                  0x080042d9   Thumb Code    16  usart1.o(i.Rc_Init)
    RecordGimbalZeroPosition                 0x080042ed   Thumb Code    50  app.o(i.RecordGimbalZeroPosition)
    RefreshKeyValu                           0x08004329   Thumb Code   146  usart1.o(i.RefreshKeyValu)
    SHOOT_task                               0x080043d1   Thumb Code    28  shoot_task.o(i.SHOOT_task)
    STAT_JUDGE_task                          0x080043ed   Thumb Code    52  stat_judge_task.o(i.STAT_JUDGE_task)
    SetLED                                   0x08004421   Thumb Code    90  led.o(i.SetLED)
    Set_CM_Speed                             0x08004571   Thumb Code    94  can.o(i.Set_CM_Speed)
    Set_Gimbal_Current                       0x080045d5   Thumb Code    84  can.o(i.Set_Gimbal_Current)
    ShootControl                             0x0800462d   Thumb Code    34  stat_judge_task.o(i.ShootControl)
    SysTick_CLKSourceConfig                  0x08004655   Thumb Code    40  misc.o(i.SysTick_CLKSourceConfig)
    SysTick_Handler                          0x0800467d   Thumb Code    16  delay.o(i.SysTick_Handler)
    SystemInit                               0x0800468d   Thumb Code    88  system_stm32f4xx.o(i.SystemInit)
    TIM3_Init                                0x080046f5   Thumb Code   166  timer3.o(i.TIM3_Init)
    TIM_ARRPreloadConfig                     0x080047a5   Thumb Code    24  stm32f4xx_tim.o(i.TIM_ARRPreloadConfig)
    TIM_Cmd                                  0x080047bd   Thumb Code    24  stm32f4xx_tim.o(i.TIM_Cmd)
    TIM_OC1Init                              0x080047d5   Thumb Code   114  stm32f4xx_tim.o(i.TIM_OC1Init)
    TIM_OC1PreloadConfig                     0x08004851   Thumb Code    18  stm32f4xx_tim.o(i.TIM_OC1PreloadConfig)
    TIM_OC2Init                              0x08004865   Thumb Code   154  stm32f4xx_tim.o(i.TIM_OC2Init)
    TIM_OC2PreloadConfig                     0x08004909   Thumb Code    26  stm32f4xx_tim.o(i.TIM_OC2PreloadConfig)
    TIM_SetCompare1                          0x08004923   Thumb Code     4  stm32f4xx_tim.o(i.TIM_SetCompare1)
    TIM_SetCompare2                          0x08004927   Thumb Code     4  stm32f4xx_tim.o(i.TIM_SetCompare2)
    TIM_TimeBaseInit                         0x0800492d   Thumb Code   104  stm32f4xx_tim.o(i.TIM_TimeBaseInit)
    TopToBottomDataPPrcess                   0x080049b1   Thumb Code  1080  io_task.o(i.TopToBottomDataPPrcess)
    UART4_IRQHandler                         0x08004de9   Thumb Code   148  usart4.o(i.UART4_IRQHandler)
    UART5_IRQHandler                         0x08004e8d   Thumb Code   166  usart5.o(i.UART5_IRQHandler)
    USART1_Configuration                     0x08004f49   Thumb Code   310  usart1.o(i.USART1_Configuration)
    USART1_IRQHandler                        0x08005095   Thumb Code   150  usart1.o(i.USART1_IRQHandler)
    USART2_IRQHandler                        0x0800513d   Thumb Code   158  usart2.o(i.USART2_IRQHandler)
    USART3_Configuration                     0x080051ed   Thumb Code   420  usart3.o(i.USART3_Configuration)
    USART3_IRQHandler                        0x080053a5   Thumb Code   170  usart3.o(i.USART3_IRQHandler)
    USART3_MYDMA_Enable                      0x08005461   Thumb Code    90  usart3.o(i.USART3_MYDMA_Enable)
    USART4_Configuration                     0x080054c9   Thumb Code   298  usart4.o(i.USART4_Configuration)
    USART5_Configuration                     0x08005605   Thumb Code   360  usart5.o(i.USART5_Configuration)
    USART5_FIFO_Init                         0x08005785   Thumb Code    40  reference_task.o(i.USART5_FIFO_Init)
    USART6_Configuration                     0x080057b9   Thumb Code   340  usart6.o(i.USART6_Configuration)
    USART6_IRQHandler                        0x0800591d   Thumb Code   160  usart6.o(i.USART6_IRQHandler)
    USART_Cmd                                0x080059cd   Thumb Code    24  stm32f4xx_usart.o(i.USART_Cmd)
    USART_DMACmd                             0x080059e5   Thumb Code    18  stm32f4xx_usart.o(i.USART_DMACmd)
    USART_DeInit                             0x080059f9   Thumb Code   206  stm32f4xx_usart.o(i.USART_DeInit)
    USART_GetITStatus                        0x08005ae9   Thumb Code    84  stm32f4xx_usart.o(i.USART_GetITStatus)
    USART_ITConfig                           0x08005b3d   Thumb Code    74  stm32f4xx_usart.o(i.USART_ITConfig)
    USART_Init                               0x08005b89   Thumb Code   204  stm32f4xx_usart.o(i.USART_Init)
    USART_ReceiveData                        0x08005c5d   Thumb Code    10  stm32f4xx_usart.o(i.USART_ReceiveData)
    USART_StructInit                         0x08005c67   Thumb Code    24  stm32f4xx_usart.o(i.USART_StructInit)
    Upload_task                              0x08005c81   Thumb Code  1768  io_task.o(i.Upload_task)
    UsageFault_Handler                       0x0800637d   Thumb Code     4  stm32f4xx_it.o(i.UsageFault_Handler)
    Verify_CRC16_Check_Sum                   0x08006381   Thumb Code    60  io_task.o(i.Verify_CRC16_Check_Sum)
    Verify_CRC8_Check_Sum                    0x080063bd   Thumb Code    48  io_task.o(i.Verify_CRC8_Check_Sum)
    YellowLED                                0x080063f1   Thumb Code    10  aux_task.o(i.YellowLED)
    __0printf$5                              0x08006401   Thumb Code    22  printf5.o(i.__0printf$5)
    __1printf$5                              0x08006401   Thumb Code     0  printf5.o(i.__0printf$5)
    __2printf                                0x08006401   Thumb Code     0  printf5.o(i.__0printf$5)
    __scatterload_copy                       0x08006421   Thumb Code    14  handlers.o(i.__scatterload_copy)
    __scatterload_null                       0x0800642f   Thumb Code     2  handlers.o(i.__scatterload_null)
    __scatterload_zeroinit                   0x08006431   Thumb Code    14  handlers.o(i.__scatterload_zeroinit)
    confirmGimabalMainStat                   0x0800677d   Thumb Code    18  stat_judge_task.o(i.confirmGimabalMainStat)
    confirmSystemStat                        0x08006795   Thumb Code    18  stat_judge_task.o(i.confirmSystemStat)
    data_pack_handle                         0x080067ad   Thumb Code    74  io_task.o(i.data_pack_handle)
    delay_init                               0x080067fd   Thumb Code    58  delay.o(i.delay_init)
    delay_ms                                 0x08006841   Thumb Code    60  delay.o(i.delay_ms)
    delay_us                                 0x08006881   Thumb Code    68  delay.o(i.delay_us)
    eTaskGetState                            0x080068c9   Thumb Code   102  tasks.o(i.eTaskGetState)
    first_order_filter_cali                  0x08006969   Thumb Code    94  user_lib.o(i.first_order_filter_cali)
    first_order_filter_init                  0x080069c9   Thumb Code    34  user_lib.o(i.first_order_filter_init)
    fp32_constrain                           0x080069f1   Thumb Code    42  user_lib.o(i.fp32_constrain)
    fputc                                    0x08006a1d   Thumb Code    28  usart.o(i.fputc)
    free                                     0x08006a41   Thumb Code    76  malloc.o(i.free)
    get_crc16_check_sum                      0x08006ab5   Thumb Code    46  reference_task.o(i.get_crc16_check_sum)
    get_crc8_check_sum                       0x08006ae9   Thumb Code    32  reference_task.o(i.get_crc8_check_sum)
    judgement_data_handler                   0x08006b0d   Thumb Code   162  reference_task.o(i.judgement_data_handler)
    main                                     0x08006bb5   Thumb Code    38  main.o(i.main)
    malloc                                   0x08006bf1   Thumb Code    92  malloc.o(i.malloc)
    pvPortMalloc                             0x08007811   Thumb Code   262  heap_4.o(i.pvPortMalloc)
    pvTaskIncrementMutexHeldCount            0x08007965   Thumb Code    26  tasks.o(i.pvTaskIncrementMutexHeldCount)
    pxPortInitialiseStack                    0x08007985   Thumb Code    38  port.o(i.pxPortInitialiseStack)
    setChasisFollowStat                      0x080079b9   Thumb Code     6  stat_judge_task.o(i.setChasisFollowStat)
    setControlMode                           0x080079c5   Thumb Code     6  stat_judge_task.o(i.setControlMode)
    setFricmotorStat                         0x080079d1   Thumb Code     6  stat_judge_task.o(i.setFricmotorStat)
    setSystemStat                            0x080079dd   Thumb Code     6  stat_judge_task.o(i.setSystemStat)
    start_task                               0x080079e9   Thumb Code   222  main.o(i.start_task)
    transe_angle                             0x08007bb5   Thumb Code    48  can.o(i.transe_angle)
    unpack_fifo_data                         0x08007be5   Thumb Code   344  reference_task.o(i.unpack_fifo_data)
    uxListRemove                             0x08007d3d   Thumb Code    40  list.o(i.uxListRemove)
    vApplicationIdleHook                     0x08007d65   Thumb Code    32  main.o(i.vApplicationIdleHook)
    vListInitialise                          0x08007d8d   Thumb Code    26  list.o(i.vListInitialise)
    vListInitialiseItem                      0x08007da7   Thumb Code     6  list.o(i.vListInitialiseItem)
    vListInsert                              0x08007dad   Thumb Code    52  list.o(i.vListInsert)
    vListInsertEnd                           0x08007de1   Thumb Code    24  list.o(i.vListInsertEnd)
    vPortEnterCritical                       0x08007df9   Thumb Code    68  port.o(i.vPortEnterCritical)
    vPortExitCritical                        0x08007e81   Thumb Code    48  port.o(i.vPortExitCritical)
    vPortFree                                0x08007ef1   Thumb Code   120  heap_4.o(i.vPortFree)
    vPortSetupTimerInterrupt                 0x08007fa9   Thumb Code    26  port.o(i.vPortSetupTimerInterrupt)
    vPortValidateInterruptPriority           0x08007fc9   Thumb Code    86  port.o(i.vPortValidateInterruptPriority)
    vQueueAddToRegistry                      0x08008069   Thumb Code    38  queue.o(i.vQueueAddToRegistry)
    vQueueWaitForMessageRestricted           0x08008095   Thumb Code    74  queue.o(i.vQueueWaitForMessageRestricted)
    vTaskDelay                               0x080080e1   Thumb Code    72  tasks.o(i.vTaskDelay)
    vTaskDelayUntil                          0x08008155   Thumb Code   170  tasks.o(i.vTaskDelayUntil)
    vTaskDelete                              0x08008231   Thumb Code   192  tasks.o(i.vTaskDelete)
    vTaskGetInfo                             0x0800833d   Thumb Code   114  tasks.o(i.vTaskGetInfo)
    vTaskMissedYield                         0x080083b5   Thumb Code     8  tasks.o(i.vTaskMissedYield)
    vTaskPlaceOnEventList                    0x080083c1   Thumb Code    42  tasks.o(i.vTaskPlaceOnEventList)
    vTaskPlaceOnEventListRestricted          0x08008415   Thumb Code    50  tasks.o(i.vTaskPlaceOnEventListRestricted)
    vTaskPriorityInherit                     0x08008471   Thumb Code   164  tasks.o(i.vTaskPriorityInherit)
    vTaskSetTimeOutState                     0x08008521   Thumb Code    32  tasks.o(i.vTaskSetTimeOutState)
    vTaskStartScheduler                      0x0800856d   Thumb Code   108  tasks.o(i.vTaskStartScheduler)
    vTaskSuspendAll                          0x08008619   Thumb Code    12  tasks.o(i.vTaskSuspendAll)
    vTaskSwitchContext                       0x08008629   Thumb Code   110  tasks.o(i.vTaskSwitchContext)
    verify_crc16_check_sum                   0x080086d1   Thumb Code    60  reference_task.o(i.verify_crc16_check_sum)
    verify_crc8_check_sum                    0x08008711   Thumb Code    48  reference_task.o(i.verify_crc8_check_sum)
    xPortGetFreeHeapSize                     0x08008769   Thumb Code     6  heap_4.o(i.xPortGetFreeHeapSize)
    xPortStartScheduler                      0x08008775   Thumb Code   258  port.o(i.xPortStartScheduler)
    xPortSysTickHandler                      0x080088d1   Thumb Code    46  port.o(i.xPortSysTickHandler)
    xQueueGenericCreate                      0x08008905   Thumb Code    78  queue.o(i.xQueueGenericCreate)
    xQueueGenericReceive                     0x08008979   Thumb Code   416  queue.o(i.xQueueGenericReceive)
    xQueueGenericReset                       0x08008b41   Thumb Code   136  queue.o(i.xQueueGenericReset)
    xQueueGenericSend                        0x08008bf1   Thumb Code   412  queue.o(i.xQueueGenericSend)
    xQueueGenericSendFromISR                 0x08008db5   Thumb Code   234  queue.o(i.xQueueGenericSendFromISR)
    xTaskCheckForTimeOut                     0x08008ec5   Thumb Code   116  tasks.o(i.xTaskCheckForTimeOut)
    xTaskCreate                              0x08008f65   Thumb Code    96  tasks.o(i.xTaskCreate)
    xTaskGetHandle                           0x08008fc5   Thumb Code   132  tasks.o(i.xTaskGetHandle)
    xTaskGetSchedulerState                   0x08009081   Thumb Code    24  tasks.o(i.xTaskGetSchedulerState)
    xTaskGetTickCount                        0x080090a1   Thumb Code     6  tasks.o(i.xTaskGetTickCount)
    xTaskIncrementTick                       0x080090ad   Thumb Code   272  tasks.o(i.xTaskIncrementTick)
    xTaskPriorityDisinherit                  0x0800920d   Thumb Code   168  tasks.o(i.xTaskPriorityDisinherit)
    xTaskRemoveFromEventList                 0x080092e5   Thumb Code   118  tasks.o(i.xTaskRemoveFromEventList)
    xTaskResumeAll                           0x08009399   Thumb Code   214  tasks.o(i.xTaskResumeAll)
    xTimerCreateTimerTask                    0x080094b9   Thumb Code    56  timers.o(i.xTimerCreateTimerTask)
    xTimerGenericCommand                     0x0800952d   Thumb Code   118  timers.o(i.xTimerGenericCommand)
    CRC8_INIT                                0x080095d0   Data           1  reference_task.o(.constdata)
    CRC8_TAB                                 0x080095d1   Data         256  reference_task.o(.constdata)
    wCRC_Table                               0x080096d2   Data         512  reference_task.o(.constdata)
    Region$$Table$$Base                      0x080098d4   Number         0  anon$$obj.o(Region$$Table)
    Region$$Table$$Limit                     0x080098f4   Number         0  anon$$obj.o(Region$$Table)
    StartTask_Handler                        0x20000000   Data           4  main.o(.data)
    STAT_JUDGETask_Handler                   0x20000004   Data           4  main.o(.data)
    CHASISTask_Handler                       0x20000008   Data           4  main.o(.data)
    GIMBALTask_Handler                       0x2000000c   Data           4  main.o(.data)
    CONCLUDETask_Handler                     0x20000010   Data           4  main.o(.data)
    AUXTask_Handler                          0x20000014   Data           4  main.o(.data)
    UploadTask_Handler                       0x20000018   Data           4  main.o(.data)
    CONFIG_PARAM_Task_Handler                0x2000001c   Data           4  main.o(.data)
    REFERENCE_Task_Handler                   0x20000020   Data           4  main.o(.data)
    SHOOT_Task_Handler                       0x20000024   Data           4  main.o(.data)
    config_param_xSemaphore                  0x20000030   Data           4  config_param_task.o(.data)
    system_stat                              0x20000038   Data           1  stat_judge_task.o(.data)
    chasis_follow_stat                       0x20000039   Data           1  stat_judge_task.o(.data)
    gimabal_main_stat                        0x2000003a   Data           1  stat_judge_task.o(.data)
    gimabal_aux_mode                         0x2000003b   Data           1  stat_judge_task.o(.data)
    control_mode                             0x2000003c   Data           1  stat_judge_task.o(.data)
    shoot_mode                               0x2000003d   Data           1  stat_judge_task.o(.data)
    fricmotor_stat                           0x2000003e   Data           1  stat_judge_task.o(.data)
    last_back_time                           0x20000040   Data           4  stat_judge_task.o(.data)
    CRC_INIT                                 0x2000004a   Data           2  reference_task.o(.data)
    shoot                                    0x2000004c   Data           8  shoot_task.o(.data)
    chasis_follow_ecd_exp                    0x20000054   Data           4  chasis_task.o(.data)
    yellow_led_count                         0x20000058   Data           1  aux_task.o(.data)
    blue_led_count                           0x20000059   Data           1  aux_task.o(.data)
    red_led_count                            0x2000005a   Data           1  aux_task.o(.data)
    green_led_count                          0x2000005b   Data           1  aux_task.o(.data)
    Upload_Enable_count                      0x2000005c   Data           1  io_task.o(.data)
    app_param_calied_flag                    0x2000005d   Data           1  io_task.o(.data)
    data_save_flag                           0x2000005e   Data           1  io_task.o(.data)
    beep_valu                                0x20000064   Data           4  beep.o(.data)
    RC_DataQueue                             0x2000006c   Data           4  usart1.o(.data)
    __stdout                                 0x2000008c   Data           4  usart.o(.data)
    printf_buff_len                          0x20000090   Data           2  usart.o(.data)
    SystemCoreClock                          0x20000094   Data           4  system_stm32f4xx.o(.data)
    AHBPrescTable                            0x20000098   Data          16  system_stm32f4xx.o(.data)
    pxCurrentTCB                             0x200000a8   Data           4  tasks.o(.data)
    __microlib_freelist                      0x2000011c   Data           4  mvars.o(.data)
    __microlib_freelist_initialised          0x20000120   Data           4  mvars.o(.data)
    extend_angle                             0x20000124   Data          24  app.o(.bss)
    slef_check_count                         0x2000013c   Data          40  detection_task.o(.bss)
    cm_motor                                 0x20000164   Data          36  conclude_task.o(.bss)
    judge_rece_mesg                          0x20000188   Data          56  reference_task.o(.bss)
    Client_Show_Data                         0x200001c0   Data          13  reference_task.o(.bss)
    judge_unpack_obj                         0x200001d0   Data         216  reference_task.o(.bss)
    rference_fifo_buff                       0x200002a8   Data        1024  reference_task.o(.bss)
    REFERENCE_FIFO                           0x200006a8   Data          24  reference_task.o(.bss)
    pitchdata                                0x200006c0   Data          16  gimbal_task.o(.bss)
    yawdata                                  0x200006d0   Data          16  gimbal_task.o(.bss)
    chasis_expspeed                          0x200006e0   Data          12  chasis_task.o(.bss)
    key_expspeed                             0x200006ec   Data          12  chasis_task.o(.bss)
    TopToBottomData                          0x200006f8   Data         122  io_task.o(.bss)
    UploadData                               0x20000772   Data         268  io_task.o(.bss)
    chasis_motor                             0x20000880   Data          64  can.o(.bss)
    gimbal_motor                             0x200008c0   Data          96  can.o(.bss)
    flash_save_data_access                   0x20000920   Data         155  flash.o(.bss)
    flash_save_data_temp                     0x200009bb   Data         155  flash.o(.bss)
    chasis_motor1_pid_v                      0x20000a58   Data          80  pid.o(.bss)
    chasis_motor2_pid_v                      0x20000aa8   Data          80  pid.o(.bss)
    chasis_motor3_pid_v                      0x20000af8   Data          80  pid.o(.bss)
    chasis_motor4_pid_v                      0x20000b48   Data          80  pid.o(.bss)
    gimbal_pitch_pid_v                       0x20000b98   Data          80  pid.o(.bss)
    gimbal_pitch_pid_p                       0x20000be8   Data          80  pid.o(.bss)
    gimbal_yaw_pid_v                         0x20000c38   Data          80  pid.o(.bss)
    gimbal_yaw_pid_p                         0x20000c88   Data          80  pid.o(.bss)
    gimbal_back_yaw_pid_p                    0x20000cd8   Data          80  pid.o(.bss)
    chasis_follow_pid_p                      0x20000d28   Data          80  pid.o(.bss)
    gimbal_yaw_slef_aim_pid                  0x20000d78   Data          80  pid.o(.bss)
    gimbal_pitch_slef_aim_pid                0x20000dc8   Data          80  pid.o(.bss)
    chasis_motor_power_pid                   0x20000e18   Data          80  pid.o(.bss)
    sad                                      0x20000e68   Data          80  pid.o(.bss)
    sadas                                    0x20000eb8   Data          60  pid.o(.bss)
    _USART1_DMA_RX_BUF                       0x20000ef4   Data          90  usart1.o(.bss)
    cal_ch                                   0x20000f50   Data          16  usart1.o(.bss)
    last_key_valu                            0x20000f60   Data          24  usart1.o(.bss)
    this_key_valu                            0x20000f78   Data          24  usart1.o(.bss)
    RC_Ctl                                   0x20000f90   Data          20  usart1.o(.bss)
    key_boad                                 0x20000fa4   Data          16  usart1.o(.bss)
    _USART3_DMA_TX_BUF                       0x200010b4   Data         256  usart3.o(.bss)
    manifold                                 0x20001318   Data          48  usart4.o(.bss)
    packed_6050                              0x20001548   Data          16  usart6.o(.bss)
    gesture_sensor_Gx                        0x20001558   Data          16  user_lib.o(.bss)
    chassis_slow_set_vx                      0x20001568   Data          16  user_lib.o(.bss)
    chassis_slow_set_vy                      0x20001578   Data          16  user_lib.o(.bss)
    chassis_follow_QE                        0x20001588   Data          16  user_lib.o(.bss)
    chasis_power_control                     0x20001598   Data          16  user_lib.o(.bss)
    imu_data_access                          0x200015a8   Data          46  user_lib.o(.bss)
    imu_data_temp                            0x200015d6   Data          46  user_lib.o(.bss)
    printf_buff                              0x20001604   Data         256  usart.o(.bss)
    xQueueRegistry                           0x20001704   Data          64  queue.o(.bss)
    __heap_base                              0x20006a50   Data           0  startup_stm32f40_41xxx.o(HEAP)
    __heap_limit                             0x20006c50   Data           0  startup_stm32f40_41xxx.o(HEAP)
    __initial_sp                             0x20007050   Data           0  startup_stm32f40_41xxx.o(STACK)



==============================================================================

Memory Map of the image

  Image Entry point : 0x08000189

  Load Region LR_IROM1 (Base: 0x08000000, Size: 0x00009a18, Max: 0x00100000, ABSOLUTE)

    Execution Region ER_IROM1 (Exec base: 0x08000000, Load base: 0x08000000, Size: 0x000098f4, Max: 0x00100000, ABSOLUTE)

    Exec Addr    Load Addr    Size         Type   Attr      Idx    E Section Name        Object

    0x08000000   0x08000000   0x00000188   Data   RO         3882    RESET               startup_stm32f40_41xxx.o
    0x08000188   0x08000188   0x00000000   Code   RO         5095  * .ARM.Collect$$$$00000000  mc_w.l(entry.o)
    0x08000188   0x08000188   0x00000004   Code   RO         5407    .ARM.Collect$$$$00000001  mc_w.l(entry2.o)
    0x0800018c   0x0800018c   0x00000004   Code   RO         5410    .ARM.Collect$$$$00000004  mc_w.l(entry5.o)
    0x08000190   0x08000190   0x00000000   Code   RO         5412    .ARM.Collect$$$$00000008  mc_w.l(entry7b.o)
    0x08000190   0x08000190   0x00000000   Code   RO         5414    .ARM.Collect$$$$0000000A  mc_w.l(entry8b.o)
    0x08000190   0x08000190   0x00000008   Code   RO         5415    .ARM.Collect$$$$0000000B  mc_w.l(entry9a.o)
    0x08000198   0x08000198   0x00000000   Code   RO         5417    .ARM.Collect$$$$0000000D  mc_w.l(entry10a.o)
    0x08000198   0x08000198   0x00000000   Code   RO         5419    .ARM.Collect$$$$0000000F  mc_w.l(entry11a.o)
    0x08000198   0x08000198   0x00000004   Code   RO         5408    .ARM.Collect$$$$00002712  mc_w.l(entry2.o)
    0x0800019c   0x0800019c   0x000000b6   Code   RO         4831    .emb_text           port.o
    0x08000252   0x08000252   0x00000002   PAD
    0x08000254   0x08000254   0x00000024   Code   RO         3883    .text               startup_stm32f40_41xxx.o
    0x08000278   0x08000278   0x000005a4   Code   RO         4973    .text               RMLib.lib(fifo.o)
    0x0800081c   0x0800081c   0x00000120   Code   RO         5065    .text               RMLib.lib(pid_regulator.o)
    0x0800093c   0x0800093c   0x00000024   Code   RO         5098    .text               mc_w.l(memcpya.o)
    0x08000960   0x08000960   0x00000024   Code   RO         5100    .text               mc_w.l(memseta.o)
    0x08000984   0x08000984   0x0000000e   Code   RO         5102    .text               mc_w.l(strlen.o)
    0x08000992   0x08000992   0x000000e4   Code   RO         5397    .text               mf_w.l(dmul.o)
    0x08000a76   0x08000a76   0x00000022   Code   RO         5399    .text               mf_w.l(dflti.o)
    0x08000a98   0x08000a98   0x00000026   Code   RO         5401    .text               mf_w.l(f2d.o)
    0x08000abe   0x08000abe   0x00000038   Code   RO         5405    .text               mf_w.l(d2f.o)
    0x08000af6   0x08000af6   0x00000062   Code   RO         5423    .text               mc_w.l(uldiv.o)
    0x08000b58   0x08000b58   0x00000000   Code   RO         5427    .text               mc_w.l(iusefp.o)
    0x08000b58   0x08000b58   0x0000006e   Code   RO         5428    .text               mf_w.l(fepilogue.o)
    0x08000bc6   0x08000bc6   0x000000ba   Code   RO         5430    .text               mf_w.l(depilogue.o)
    0x08000c80   0x08000c80   0x00000024   Code   RO         5438    .text               mc_w.l(init.o)
    0x08000ca4   0x08000ca4   0x0000001e   Code   RO         5440    .text               mc_w.l(llshl.o)
    0x08000cc2   0x08000cc2   0x00000020   Code   RO         5442    .text               mc_w.l(llushr.o)
    0x08000ce2   0x08000ce2   0x0000004a   Code   RO          942    i.AUX_task          aux_task.o
    0x08000d2c   0x08000d2c   0x0000002c   Code   RO          998    i.Append_CRC16_Check_Sum  io_task.o
    0x08000d58   0x08000d58   0x0000002c   Code   RO          999    i.Append_CRC8_Check_Sum  io_task.o
    0x08000d84   0x08000d84   0x00000040   Code   RO         1081    i.BEEP_Init         beep.o
    0x08000dc4   0x08000dc4   0x00000030   Code   RO         1082    i.BeepAlam          beep.o
    0x08000df4   0x08000df4   0x0000000c   Code   RO         1084    i.BeepON            beep.o
    0x08000e00   0x08000e00   0x0000005c   Code   RO          314    i.BspInit           app.o
    0x08000e5c   0x08000e5c   0x00000004   Code   RO         3792    i.BusFault_Handler  stm32f4xx_it.o
    0x08000e60   0x08000e60   0x00000114   Code   RO         1122    i.CAN1_Configuration  can.o
    0x08000f74   0x08000f74   0x000000dc   Code   RO         1123    i.CAN1_RX0_IRQHandler  can.o
    0x08001050   0x08001050   0x0000001c   Code   RO         1124    i.CAN1_TX_IRQHandler  can.o
    0x0800106c   0x0800106c   0x00000028   Code   RO         1126    i.CAN2_RX0_IRQHandler  can.o
    0x08001094   0x08001094   0x0000001c   Code   RO         1127    i.CAN2_TX_IRQHandler  can.o
    0x080010b0   0x080010b0   0x00000050   Code   RO         1128    i.CAN_CMD_CHASSIS_RESET_ID  can.o
    0x08001100   0x08001100   0x000000a8   Code   RO         1904    i.CAN_ClearITPendingBit  stm32f4xx_can.o
    0x080011a8   0x080011a8   0x00000038   Code   RO         1906    i.CAN_DeInit        stm32f4xx_can.o
    0x080011e0   0x080011e0   0x00000108   Code   RO         1908    i.CAN_FilterInit    stm32f4xx_can.o
    0x080012e8   0x080012e8   0x00000120   Code   RO         1910    i.CAN_GetITStatus   stm32f4xx_can.o
    0x08001408   0x08001408   0x00000012   Code   RO         1914    i.CAN_ITConfig      stm32f4xx_can.o
    0x0800141a   0x0800141a   0x00000114   Code   RO         1915    i.CAN_Init          stm32f4xx_can.o
    0x0800152e   0x0800152e   0x000000f0   Code   RO         1918    i.CAN_Receive       stm32f4xx_can.o
    0x0800161e   0x0800161e   0x00000020   Code   RO         1921    i.CAN_StructInit    stm32f4xx_can.o
    0x0800163e   0x0800163e   0x00000126   Code   RO         1923    i.CAN_Transmit      stm32f4xx_can.o
    0x08001764   0x08001764   0x00000060   Code   RO          897    i.CHASIS_task       chasis_task.o
    0x080017c4   0x080017c4   0x0000002c   Code   RO          648    i.CONCLUDE_task     conclude_task.o
    0x080017f0   0x080017f0   0x0000005c   Code   RO          415    i.CONFIG_PARAM_Task  config_param_task.o
    0x0800184c   0x0800184c   0x00000094   Code   RO          649    i.CalChasisAndSend  conclude_task.o
    0x080018e0   0x080018e0   0x00000024   Code   RO          315    i.ChangeNowPitchAngleToExpangle  app.o
    0x08001904   0x08001904   0x00000018   Code   RO          316    i.ChangeNowYawAngleToExpangle  app.o
    0x0800191c   0x0800191c   0x00000160   Code   RO          898    i.ChasisControl     chasis_task.o
    0x08001a7c   0x08001a7c   0x00000110   Code   RO          899    i.ChasisRoteCal     chasis_task.o
    0x08001b8c   0x08001b8c   0x00000012   Code   RO         1926    i.CheckITStatus     stm32f4xx_can.o
    0x08001b9e   0x08001b9e   0x00000002   PAD
    0x08001ba0   0x08001ba0   0x00000078   Code   RO          811    i.CheckUpFinishi    gimbal_task.o
    0x08001c18   0x08001c18   0x00000078   Code   RO          812    i.CheckUpQuickBackFinishi  gimbal_task.o
    0x08001c90   0x08001c90   0x00000038   Code   RO         1396    i.DJI_PID_Cal       pid.o
    0x08001cc8   0x08001cc8   0x000000a0   Code   RO         1397    i.DJI_PID_Init      pid.o
    0x08001d68   0x08001d68   0x00000218   Code   RO         1398    i.DJI_PID_Param_Init  pid.o
    0x08001f80   0x08001f80   0x00000024   Code   RO         1686    i.DMA1_Stream0_IRQHandler  usart5.o
    0x08001fa4   0x08001fa4   0x00000034   Code   RO         2065    i.DMA_ClearFlag     stm32f4xx_dma.o
    0x08001fd8   0x08001fd8   0x00000016   Code   RO         2067    i.DMA_Cmd           stm32f4xx_dma.o
    0x08001fee   0x08001fee   0x00000002   PAD
    0x08001ff0   0x08001ff0   0x00000158   Code   RO         2068    i.DMA_DeInit        stm32f4xx_dma.o
    0x08002148   0x08002148   0x00000016   Code   RO         2069    i.DMA_DoubleBufferModeCmd  stm32f4xx_dma.o
    0x0800215e   0x0800215e   0x00000018   Code   RO         2070    i.DMA_DoubleBufferModeConfig  stm32f4xx_dma.o
    0x08002176   0x08002176   0x00000014   Code   RO         2072    i.DMA_GetCmdStatus  stm32f4xx_dma.o
    0x0800218a   0x0800218a   0x00000008   Code   RO         2073    i.DMA_GetCurrDataCounter  stm32f4xx_dma.o
    0x08002192   0x08002192   0x00000014   Code   RO         2074    i.DMA_GetCurrentMemoryTarget  stm32f4xx_dma.o
    0x080021a6   0x080021a6   0x00000002   PAD
    0x080021a8   0x080021a8   0x00000044   Code   RO         2076    i.DMA_GetFlagStatus  stm32f4xx_dma.o
    0x080021ec   0x080021ec   0x00000064   Code   RO         2077    i.DMA_GetITStatus   stm32f4xx_dma.o
    0x08002250   0x08002250   0x0000003a   Code   RO         2078    i.DMA_ITConfig      stm32f4xx_dma.o
    0x0800228a   0x0800228a   0x00000002   PAD
    0x0800228c   0x0800228c   0x00000058   Code   RO         2079    i.DMA_Init          stm32f4xx_dma.o
    0x080022e4   0x080022e4   0x00000004   Code   RO         2082    i.DMA_SetCurrDataCounter  stm32f4xx_dma.o
    0x080022e8   0x080022e8   0x00000022   Code   RO         2083    i.DMA_StructInit    stm32f4xx_dma.o
    0x0800230a   0x0800230a   0x00000028   Code   RO         1000    i.DataVerify        io_task.o
    0x08002332   0x08002332   0x00000002   PAD
    0x08002334   0x08002334   0x000000d0   Code   RO         1220    i.Data_Read         flash.o
    0x08002404   0x08002404   0x00000048   Code   RO         1496    i.DeathAreaProcess  usart1.o
    0x0800244c   0x0800244c   0x00000002   Code   RO         3793    i.DebugMon_Handler  stm32f4xx_it.o
    0x0800244e   0x0800244e   0x00000002   PAD
    0x08002450   0x08002450   0x00000078   Code   RO          317    i.ExtendAngle       app.o
    0x080024c8   0x080024c8   0x0000000c   Code   RO         2193    i.FLASH_ClearFlag   stm32f4xx_flash.o
    0x080024d4   0x080024d4   0x00000088   Code   RO         2199    i.FLASH_EraseSector  stm32f4xx_flash.o
    0x0800255c   0x0800255c   0x00000054   Code   RO         2201    i.FLASH_GetStatus   stm32f4xx_flash.o
    0x080025b0   0x080025b0   0x00000014   Code   RO         2205    i.FLASH_Lock        stm32f4xx_flash.o
    0x080025c4   0x080025c4   0x0000004c   Code   RO         2226    i.FLASH_ProgramByte  stm32f4xx_flash.o
    0x08002610   0x08002610   0x00000024   Code   RO         2231    i.FLASH_Unlock      stm32f4xx_flash.o
    0x08002634   0x08002634   0x00000022   Code   RO         2232    i.FLASH_WaitForLastOperation  stm32f4xx_flash.o
    0x08002656   0x08002656   0x00000002   PAD
    0x08002658   0x08002658   0x0000001c   Code   RO         1298    i.FRICMOTOR_OFF     fricmotor.o
    0x08002674   0x08002674   0x0000001c   Code   RO         1299    i.FRICMOTOR_ON      fricmotor.o
    0x08002690   0x08002690   0x00000010   Code   RO         1458    i.FeedMotorOFF      timer3.o
    0x080026a0   0x080026a0   0x00000010   Code   RO         1459    i.FeedMotorON       timer3.o
    0x080026b0   0x080026b0   0x00000070   Code   RO          318    i.FirstFlashRead    app.o
    0x08002720   0x08002720   0x00000130   Code   RO          813    i.FirstGimbalBack   gimbal_task.o
    0x08002850   0x08002850   0x000000b4   Code   RO         1221    i.Flash_Data_Save   flash.o
    0x08002904   0x08002904   0x0000003e   Code   RO         1357    i.FlowLED           led.o
    0x08002942   0x08002942   0x00000002   PAD
    0x08002944   0x08002944   0x000000e8   Code   RO         1300    i.Fricmotor_Configuration  fricmotor.o
    0x08002a2c   0x08002a2c   0x00000036   Code   RO          814    i.GIMBAL_task       gimbal_task.o
    0x08002a62   0x08002a62   0x00000090   Code   RO         2448    i.GPIO_Init         stm32f4xx_gpio.o
    0x08002af2   0x08002af2   0x00000046   Code   RO         2449    i.GPIO_PinAFConfig  stm32f4xx_gpio.o
    0x08002b38   0x08002b38   0x00000012   Code   RO         2452    i.GPIO_ReadInputDataBit  stm32f4xx_gpio.o
    0x08002b4a   0x08002b4a   0x00000004   Code   RO         2455    i.GPIO_ResetBits    stm32f4xx_gpio.o
    0x08002b4e   0x08002b4e   0x00000004   Code   RO         2456    i.GPIO_SetBits      stm32f4xx_gpio.o
    0x08002b52   0x08002b52   0x00000012   Code   RO         2457    i.GPIO_StructInit   stm32f4xx_gpio.o
    0x08002b64   0x08002b64   0x0000001c   Code   RO          320    i.GetSysTickCnt     app.o
    0x08002b80   0x08002b80   0x00000034   Code   RO         1001    i.Get_CRC16_Check_Sum  io_task.o
    0x08002bb4   0x08002bb4   0x00000024   Code   RO         1002    i.Get_CRC8_Check_Sum  io_task.o
    0x08002bd8   0x08002bd8   0x00000040   Code   RO          815    i.GimbalCtl         gimbal_task.o
    0x08002c18   0x08002c18   0x00000290   Code   RO          816    i.GimbalNomalCtl    gimbal_task.o
    0x08002ea8   0x08002ea8   0x00000128   Code   RO          817    i.GimbalQuickBack   gimbal_task.o
    0x08002fd0   0x08002fd0   0x00000108   Code   RO          818    i.GimbalSlefaimCtl  gimbal_task.o
    0x080030d8   0x080030d8   0x00000004   Code   RO         3794    i.HardFault_Handler  stm32f4xx_it.o
    0x080030dc   0x080030dc   0x00000058   Code   RO          779    i.Judege_Shoot      shoot_task.o
    0x08003134   0x08003134   0x000000fc   Code   RO          452    i.JudgeCalibration  stat_judge_task.o
    0x08003230   0x08003230   0x00000048   Code   RO          453    i.JudgeChasisStat   stat_judge_task.o
    0x08003278   0x08003278   0x00000028   Code   RO          454    i.JudgeFricMotor    stat_judge_task.o
    0x080032a0   0x080032a0   0x00000064   Code   RO          455    i.JudgeGimabalStat  stat_judge_task.o
    0x08003304   0x08003304   0x000000a8   Code   RO          456    i.JudgeSystemStat   stat_judge_task.o
    0x080033ac   0x080033ac   0x000000c4   Code   RO          457    i.KEYFunction       stat_judge_task.o
    0x08003470   0x08003470   0x00000030   Code   RO         1330    i.KEY_Init          key.o
    0x080034a0   0x080034a0   0x00000024   Code   RO          819    i.KeepPitchexp      gimbal_task.o
    0x080034c4   0x080034c4   0x00000102   Code   RO         1497    i.KeyBoardProcess   usart1.o
    0x080035c6   0x080035c6   0x00000002   PAD
    0x080035c8   0x080035c8   0x000000e0   Code   RO          945    i.LEDAlam           aux_task.o
    0x080036a8   0x080036a8   0x00000064   Code   RO         1358    i.LED_Configuration  led.o
    0x0800370c   0x0800370c   0x00000020   Code   RO         1359    i.LightingGreenLED  led.o
    0x0800372c   0x0800372c   0x00000036   Code   RO          820    i.LimitAngle        gimbal_task.o
    0x08003762   0x08003762   0x00000002   PAD
    0x08003764   0x08003764   0x00000018   Code   RO         1222    i.Load_And_Save_Param  flash.o
    0x0800377c   0x0800377c   0x00000024   Code   RO          900    i.LockChasis        chasis_task.o
    0x080037a0   0x080037a0   0x000000cc   Code   RO         1647    i.ManifoldProcess   usart4.o
    0x0800386c   0x0800386c   0x00000004   Code   RO         3795    i.MemManage_Handler  stm32f4xx_it.o
    0x08003870   0x08003870   0x000000ec   Code   RO          458    i.MicroStepMotorControl  stat_judge_task.o
    0x0800395c   0x0800395c   0x00000050   Code   RO         1460    i.MicroStepMotor_Configuration  timer3.o
    0x080039ac   0x080039ac   0x000000b0   Code   RO         1721    i.Mpu6000DataProcess  usart6.o
    0x08003a5c   0x08003a5c   0x00000002   Code   RO         3796    i.NMI_Handler       stm32f4xx_it.o
    0x08003a5e   0x08003a5e   0x00000002   PAD
    0x08003a60   0x08003a60   0x00000078   Code   RO         1858    i.NVIC_Init         misc.o
    0x08003ad8   0x08003ad8   0x00000014   Code   RO         1859    i.NVIC_PriorityGroupConfig  misc.o
    0x08003aec   0x08003aec   0x00000188   Code   RO          322    i.PID_Load          app.o
    0x08003c74   0x08003c74   0x000000b6   Code   RO         1401    i.PIDz_Calculate    pid.o
    0x08003d2a   0x08003d2a   0x00000002   PAD
    0x08003d2c   0x08003d2c   0x000000a8   Code   RO          323    i.ParamInit         app.o
    0x08003dd4   0x08003dd4   0x000001ac   Code   RO          324    i.PrintTaskInfomation  app.o
    0x08003f80   0x08003f80   0x00000048   Code   RO         1129    i.Process3508Data   can.o
    0x08003fc8   0x08003fc8   0x00000070   Code   RO         1130    i.Process6623Data   can.o
    0x08004038   0x08004038   0x000000f4   Code   RO         1498    i.ProcessRC         usart1.o
    0x0800412c   0x0800412c   0x00000020   Code   RO         2595    i.RCC_AHB1PeriphClockCmd  stm32f4xx_rcc.o
    0x0800414c   0x0800414c   0x00000020   Code   RO         2604    i.RCC_APB1PeriphClockCmd  stm32f4xx_rcc.o
    0x0800416c   0x0800416c   0x00000020   Code   RO         2606    i.RCC_APB1PeriphResetCmd  stm32f4xx_rcc.o
    0x0800418c   0x0800418c   0x00000020   Code   RO         2607    i.RCC_APB2PeriphClockCmd  stm32f4xx_rcc.o
    0x080041ac   0x080041ac   0x00000020   Code   RO         2609    i.RCC_APB2PeriphResetCmd  stm32f4xx_rcc.o
    0x080041cc   0x080041cc   0x000000e8   Code   RO         2616    i.RCC_GetClocksFreq  stm32f4xx_rcc.o
    0x080042b4   0x080042b4   0x00000024   Code   RO          697    i.REFERENCE_task    reference_task.o
    0x080042d8   0x080042d8   0x00000014   Code   RO         1499    i.Rc_Init           usart1.o
    0x080042ec   0x080042ec   0x0000003c   Code   RO          325    i.RecordGimbalZeroPosition  app.o
    0x08004328   0x08004328   0x000000a8   Code   RO         1500    i.RefreshKeyValu    usart1.o
    0x080043d0   0x080043d0   0x0000001c   Code   RO          780    i.SHOOT_task        shoot_task.o
    0x080043ec   0x080043ec   0x00000034   Code   RO          459    i.STAT_JUDGE_task   stat_judge_task.o
    0x08004420   0x08004420   0x00000064   Code   RO         1360    i.SetLED            led.o
    0x08004484   0x08004484   0x000000ec   Code   RO         3845    i.SetSysClock       system_stm32f4xx.o
    0x08004570   0x08004570   0x00000064   Code   RO         1131    i.Set_CM_Speed      can.o
    0x080045d4   0x080045d4   0x00000058   Code   RO         1133    i.Set_Gimbal_Current  can.o
    0x0800462c   0x0800462c   0x00000028   Code   RO          460    i.ShootControl      stat_judge_task.o
    0x08004654   0x08004654   0x00000028   Code   RO         1862    i.SysTick_CLKSourceConfig  misc.o
    0x0800467c   0x0800467c   0x00000010   Code   RO         3679    i.SysTick_Handler   delay.o
    0x0800468c   0x0800468c   0x00000068   Code   RO         3847    i.SystemInit        system_stm32f4xx.o
    0x080046f4   0x080046f4   0x000000b0   Code   RO         1461    i.TIM3_Init         timer3.o
    0x080047a4   0x080047a4   0x00000018   Code   RO         3121    i.TIM_ARRPreloadConfig  stm32f4xx_tim.o
    0x080047bc   0x080047bc   0x00000018   Code   RO         3133    i.TIM_Cmd           stm32f4xx_tim.o
    0x080047d4   0x080047d4   0x0000007c   Code   RO         3162    i.TIM_OC1Init       stm32f4xx_tim.o
    0x08004850   0x08004850   0x00000012   Code   RO         3165    i.TIM_OC1PreloadConfig  stm32f4xx_tim.o
    0x08004862   0x08004862   0x00000002   PAD
    0x08004864   0x08004864   0x000000a4   Code   RO         3167    i.TIM_OC2Init       stm32f4xx_tim.o
    0x08004908   0x08004908   0x0000001a   Code   RO         3170    i.TIM_OC2PreloadConfig  stm32f4xx_tim.o
    0x08004922   0x08004922   0x00000004   Code   RO         3195    i.TIM_SetCompare1   stm32f4xx_tim.o
    0x08004926   0x08004926   0x00000004   Code   RO         3196    i.TIM_SetCompare2   stm32f4xx_tim.o
    0x0800492a   0x0800492a   0x00000002   PAD
    0x0800492c   0x0800492c   0x00000084   Code   RO         3205    i.TIM_TimeBaseInit  stm32f4xx_tim.o
    0x080049b0   0x080049b0   0x00000438   Code   RO         1003    i.TopToBottomDataPPrcess  io_task.o
    0x08004de8   0x08004de8   0x000000a4   Code   RO         1648    i.UART4_IRQHandler  usart4.o
    0x08004e8c   0x08004e8c   0x000000bc   Code   RO         1687    i.UART5_IRQHandler  usart5.o
    0x08004f48   0x08004f48   0x0000014c   Code   RO         1501    i.USART1_Configuration  usart1.o
    0x08005094   0x08005094   0x000000a8   Code   RO         1502    i.USART1_IRQHandler  usart1.o
    0x0800513c   0x0800513c   0x000000b0   Code   RO         1580    i.USART2_IRQHandler  usart2.o
    0x080051ec   0x080051ec   0x000001b8   Code   RO         1608    i.USART3_Configuration  usart3.o
    0x080053a4   0x080053a4   0x000000bc   Code   RO         1609    i.USART3_IRQHandler  usart3.o
    0x08005460   0x08005460   0x00000068   Code   RO         1610    i.USART3_MYDMA_Enable  usart3.o
    0x080054c8   0x080054c8   0x0000013c   Code   RO         1649    i.USART4_Configuration  usart4.o
    0x08005604   0x08005604   0x00000180   Code   RO         1688    i.USART5_Configuration  usart5.o
    0x08005784   0x08005784   0x00000034   Code   RO          698    i.USART5_FIFO_Init  reference_task.o
    0x080057b8   0x080057b8   0x00000164   Code   RO         1722    i.USART6_Configuration  usart6.o
    0x0800591c   0x0800591c   0x000000b0   Code   RO         1723    i.USART6_IRQHandler  usart6.o
    0x080059cc   0x080059cc   0x00000018   Code   RO         2933    i.USART_Cmd         stm32f4xx_usart.o
    0x080059e4   0x080059e4   0x00000012   Code   RO         2934    i.USART_DMACmd      stm32f4xx_usart.o
    0x080059f6   0x080059f6   0x00000002   PAD
    0x080059f8   0x080059f8   0x000000f0   Code   RO         2935    i.USART_DeInit      stm32f4xx_usart.o
    0x08005ae8   0x08005ae8   0x00000054   Code   RO         2937    i.USART_GetITStatus  stm32f4xx_usart.o
    0x08005b3c   0x08005b3c   0x0000004a   Code   RO         2939    i.USART_ITConfig    stm32f4xx_usart.o
    0x08005b86   0x08005b86   0x00000002   PAD
    0x08005b88   0x08005b88   0x000000d4   Code   RO         2940    i.USART_Init        stm32f4xx_usart.o
    0x08005c5c   0x08005c5c   0x0000000a   Code   RO         2947    i.USART_ReceiveData  stm32f4xx_usart.o
    0x08005c66   0x08005c66   0x00000018   Code   RO         2956    i.USART_StructInit  stm32f4xx_usart.o
    0x08005c7e   0x08005c7e   0x00000002   PAD
    0x08005c80   0x08005c80   0x000006fc   Code   RO         1004    i.Upload_task       io_task.o
    0x0800637c   0x0800637c   0x00000004   Code   RO         3797    i.UsageFault_Handler  stm32f4xx_it.o
    0x08006380   0x08006380   0x0000003c   Code   RO         1005    i.Verify_CRC16_Check_Sum  io_task.o
    0x080063bc   0x080063bc   0x00000034   Code   RO         1006    i.Verify_CRC8_Check_Sum  io_task.o
    0x080063f0   0x080063f0   0x00000010   Code   RO          947    i.YellowLED         aux_task.o
    0x08006400   0x08006400   0x00000020   Code   RO         5241    i.__0printf$5       mc_w.l(printf5.o)
    0x08006420   0x08006420   0x0000000e   Code   RO         5448    i.__scatterload_copy  mc_w.l(handlers.o)
    0x0800642e   0x0800642e   0x00000002   Code   RO         5449    i.__scatterload_null  mc_w.l(handlers.o)
    0x08006430   0x08006430   0x0000000e   Code   RO         5450    i.__scatterload_zeroinit  mc_w.l(handlers.o)
    0x0800643e   0x0800643e   0x00000002   PAD
    0x08006440   0x08006440   0x000002c0   Code   RO         5248    i._printf_core      mc_w.l(printf5.o)
    0x08006700   0x08006700   0x00000054   Code   RO          652    i.chassis_vector_to_mecanum_wheel_speed  conclude_task.o
    0x08006754   0x08006754   0x00000028   Code   RO         1223    i.clear_flash       flash.o
    0x0800677c   0x0800677c   0x00000018   Code   RO          465    i.confirmGimabalMainStat  stat_judge_task.o
    0x08006794   0x08006794   0x00000018   Code   RO          467    i.confirmSystemStat  stat_judge_task.o
    0x080067ac   0x080067ac   0x00000050   Code   RO         1007    i.data_pack_handle  io_task.o
    0x080067fc   0x080067fc   0x00000044   Code   RO         3680    i.delay_init        delay.o
    0x08006840   0x08006840   0x00000040   Code   RO         3681    i.delay_ms          delay.o
    0x08006880   0x08006880   0x00000048   Code   RO         3682    i.delay_us          delay.o
    0x080068c8   0x080068c8   0x000000a0   Code   RO         4312    i.eTaskGetState     tasks.o
    0x08006968   0x08006968   0x0000005e   Code   RO         1761    i.first_order_filter_cali  user_lib.o
    0x080069c6   0x080069c6   0x00000002   PAD
    0x080069c8   0x080069c8   0x00000028   Code   RO         1762    i.first_order_filter_init  user_lib.o
    0x080069f0   0x080069f0   0x0000002a   Code   RO         1763    i.fp32_constrain    user_lib.o
    0x08006a1a   0x08006a1a   0x00000002   PAD
    0x08006a1c   0x08006a1c   0x00000024   Code   RO         3744    i.fputc             usart.o
    0x08006a40   0x08006a40   0x00000050   Code   RO         5369    i.free              mc_w.l(malloc.o)
    0x08006a90   0x08006a90   0x00000024   Code   RO         1224    i.get_act_page      flash.o
    0x08006ab4   0x08006ab4   0x00000034   Code   RO          701    i.get_crc16_check_sum  reference_task.o
    0x08006ae8   0x08006ae8   0x00000024   Code   RO          702    i.get_crc8_check_sum  reference_task.o
    0x08006b0c   0x08006b0c   0x000000a8   Code   RO          703    i.judgement_data_handler  reference_task.o
    0x08006bb4   0x08006bb4   0x0000003c   Code   RO            3    i.main              main.o
    0x08006bf0   0x08006bf0   0x0000006c   Code   RO         5370    i.malloc            mc_w.l(malloc.o)
    0x08006c5c   0x08006c5c   0x00000098   Code   RO         4314    i.prvAddCurrentTaskToDelayedList  tasks.o
    0x08006cf4   0x08006cf4   0x000000b8   Code   RO         4315    i.prvAddNewTaskToReadyList  tasks.o
    0x08006dac   0x08006dac   0x00000064   Code   RO         4693    i.prvCheckForValidListAndQueue  timers.o
    0x08006e10   0x08006e10   0x00000064   Code   RO         4316    i.prvCheckTasksWaitingTermination  tasks.o
    0x08006e74   0x08006e74   0x0000002a   Code   RO         4073    i.prvCopyDataFromQueue  queue.o
    0x08006e9e   0x08006e9e   0x0000007c   Code   RO         4074    i.prvCopyDataToQueue  queue.o
    0x08006f1a   0x08006f1a   0x00000012   Code   RO         4317    i.prvDeleteTCB      tasks.o
    0x08006f2c   0x08006f2c   0x00000028   Code   RO         4694    i.prvGetNextExpireTime  timers.o
    0x08006f54   0x08006f54   0x0000007c   Code   RO         4916    i.prvHeapInit       heap_4.o
    0x08006fd0   0x08006fd0   0x0000002c   Code   RO         4318    i.prvIdleTask       tasks.o
    0x08006ffc   0x08006ffc   0x0000002e   Code   RO         4076    i.prvInitialiseNewQueue  queue.o
    0x0800702a   0x0800702a   0x00000002   PAD
    0x0800702c   0x0800702c   0x000000d0   Code   RO         4319    i.prvInitialiseNewTask  tasks.o
    0x080070fc   0x080070fc   0x00000068   Code   RO         4320    i.prvInitialiseTaskLists  tasks.o
    0x08007164   0x08007164   0x00000068   Code   RO         4917    i.prvInsertBlockIntoFreeList  heap_4.o
    0x080071cc   0x080071cc   0x00000058   Code   RO         4696    i.prvInsertTimerInActiveList  timers.o
    0x08007224   0x08007224   0x0000001a   Code   RO         4077    i.prvIsQueueEmpty   queue.o
    0x0800723e   0x0800723e   0x0000001e   Code   RO         4078    i.prvIsQueueFull    queue.o
    0x0800725c   0x0800725c   0x000000a0   Code   RO         4079    i.prvNotifyQueueSetContainer  queue.o
    0x080072fc   0x080072fc   0x00000080   Code   RO         4697    i.prvProcessExpiredTimer  timers.o
    0x0800737c   0x0800737c   0x0000012c   Code   RO         4698    i.prvProcessReceivedCommands  timers.o
    0x080074a8   0x080074a8   0x00000074   Code   RO         4699    i.prvProcessTimerOrBlockTask  timers.o
    0x0800751c   0x0800751c   0x00000034   Code   RO         4322    i.prvResetNextTaskUnblockTime  tasks.o
    0x08007550   0x08007550   0x0000002c   Code   RO         4700    i.prvSampleTimeNow  timers.o
    0x0800757c   0x0800757c   0x0000009e   Code   RO         4323    i.prvSearchForNameWithinSingleList  tasks.o
    0x0800761a   0x0800761a   0x00000002   PAD
    0x0800761c   0x0800761c   0x000000bc   Code   RO         4701    i.prvSwitchTimerLists  timers.o
    0x080076d8   0x080076d8   0x00000016   Code   RO         4324    i.prvTaskCheckFreeStackSpace  tasks.o
    0x080076ee   0x080076ee   0x00000002   PAD
    0x080076f0   0x080076f0   0x00000074   Code   RO         4832    i.prvTaskExitError  port.o
    0x08007764   0x08007764   0x0000001a   Code   RO         4702    i.prvTimerTask      timers.o
    0x0800777e   0x0800777e   0x00000092   Code   RO         4080    i.prvUnlockQueue    queue.o
    0x08007810   0x08007810   0x00000154   Code   RO         4918    i.pvPortMalloc      heap_4.o
    0x08007964   0x08007964   0x00000020   Code   RO         4327    i.pvTaskIncrementMutexHeldCount  tasks.o
    0x08007984   0x08007984   0x0000002c   Code   RO         4833    i.pxPortInitialiseStack  port.o
    0x080079b0   0x080079b0   0x00000006   Code   RO         1225    i.read_byte         flash.o
    0x080079b6   0x080079b6   0x00000002   PAD
    0x080079b8   0x080079b8   0x0000000c   Code   RO          468    i.setChasisFollowStat  stat_judge_task.o
    0x080079c4   0x080079c4   0x0000000c   Code   RO          469    i.setControlMode    stat_judge_task.o
    0x080079d0   0x080079d0   0x0000000c   Code   RO          470    i.setFricmotorStat  stat_judge_task.o
    0x080079dc   0x080079dc   0x0000000c   Code   RO          474    i.setSystemStat     stat_judge_task.o
    0x080079e8   0x080079e8   0x000001cc   Code   RO            4    i.start_task        main.o
    0x08007bb4   0x08007bb4   0x00000030   Code   RO         1134    i.transe_angle      can.o
    0x08007be4   0x08007be4   0x00000158   Code   RO          704    i.unpack_fifo_data  reference_task.o
    0x08007d3c   0x08007d3c   0x00000028   Code   RO         4028    i.uxListRemove      list.o
    0x08007d64   0x08007d64   0x00000028   Code   RO            5    i.vApplicationIdleHook  main.o
    0x08007d8c   0x08007d8c   0x0000001a   Code   RO         4029    i.vListInitialise   list.o
    0x08007da6   0x08007da6   0x00000006   Code   RO         4030    i.vListInitialiseItem  list.o
    0x08007dac   0x08007dac   0x00000034   Code   RO         4031    i.vListInsert       list.o
    0x08007de0   0x08007de0   0x00000018   Code   RO         4032    i.vListInsertEnd    list.o
    0x08007df8   0x08007df8   0x00000088   Code   RO         4835    i.vPortEnterCritical  port.o
    0x08007e80   0x08007e80   0x00000070   Code   RO         4836    i.vPortExitCritical  port.o
    0x08007ef0   0x08007ef0   0x000000b8   Code   RO         4919    i.vPortFree         heap_4.o
    0x08007fa8   0x08007fa8   0x00000020   Code   RO         4837    i.vPortSetupTimerInterrupt  port.o
    0x08007fc8   0x08007fc8   0x000000a0   Code   RO         4838    i.vPortValidateInterruptPriority  port.o
    0x08008068   0x08008068   0x0000002c   Code   RO         4086    i.vQueueAddToRegistry  queue.o
    0x08008094   0x08008094   0x0000004a   Code   RO         4090    i.vQueueWaitForMessageRestricted  queue.o
    0x080080de   0x080080de   0x00000002   PAD
    0x080080e0   0x080080e0   0x00000074   Code   RO         4335    i.vTaskDelay        tasks.o
    0x08008154   0x08008154   0x000000dc   Code   RO         4336    i.vTaskDelayUntil   tasks.o
    0x08008230   0x08008230   0x0000010c   Code   RO         4337    i.vTaskDelete       tasks.o
    0x0800833c   0x0800833c   0x00000078   Code   RO         4339    i.vTaskGetInfo      tasks.o
    0x080083b4   0x080083b4   0x0000000c   Code   RO         4341    i.vTaskMissedYield  tasks.o
    0x080083c0   0x080083c0   0x00000054   Code   RO         4343    i.vTaskPlaceOnEventList  tasks.o
    0x08008414   0x08008414   0x0000005c   Code   RO         4344    i.vTaskPlaceOnEventListRestricted  tasks.o
    0x08008470   0x08008470   0x000000b0   Code   RO         4346    i.vTaskPriorityInherit  tasks.o
    0x08008520   0x08008520   0x0000004c   Code   RO         4350    i.vTaskSetTimeOutState  tasks.o
    0x0800856c   0x0800856c   0x000000ac   Code   RO         4351    i.vTaskStartScheduler  tasks.o
    0x08008618   0x08008618   0x00000010   Code   RO         4353    i.vTaskSuspendAll   tasks.o
    0x08008628   0x08008628   0x000000a8   Code   RO         4354    i.vTaskSwitchContext  tasks.o
    0x080086d0   0x080086d0   0x00000040   Code   RO          705    i.verify_crc16_check_sum  reference_task.o
    0x08008710   0x08008710   0x00000030   Code   RO          706    i.verify_crc8_check_sum  reference_task.o
    0x08008740   0x08008740   0x00000026   Code   RO         1228    i.write_byte        flash.o
    0x08008766   0x08008766   0x00000002   PAD
    0x08008768   0x08008768   0x0000000c   Code   RO         4921    i.xPortGetFreeHeapSize  heap_4.o
    0x08008774   0x08008774   0x0000015c   Code   RO         4839    i.xPortStartScheduler  port.o
    0x080088d0   0x080088d0   0x00000034   Code   RO         4840    i.xPortSysTickHandler  port.o
    0x08008904   0x08008904   0x00000074   Code   RO         4095    i.xQueueGenericCreate  queue.o
    0x08008978   0x08008978   0x000001c8   Code   RO         4096    i.xQueueGenericReceive  queue.o
    0x08008b40   0x08008b40   0x000000b0   Code   RO         4097    i.xQueueGenericReset  queue.o
    0x08008bf0   0x08008bf0   0x000001c4   Code   RO         4098    i.xQueueGenericSend  queue.o
    0x08008db4   0x08008db4   0x00000110   Code   RO         4099    i.xQueueGenericSendFromISR  queue.o
    0x08008ec4   0x08008ec4   0x000000a0   Code   RO         4355    i.xTaskCheckForTimeOut  tasks.o
    0x08008f64   0x08008f64   0x00000060   Code   RO         4356    i.xTaskCreate       tasks.o
    0x08008fc4   0x08008fc4   0x000000bc   Code   RO         4360    i.xTaskGetHandle    tasks.o
    0x08009080   0x08009080   0x00000020   Code   RO         4361    i.xTaskGetSchedulerState  tasks.o
    0x080090a0   0x080090a0   0x0000000c   Code   RO         4362    i.xTaskGetTickCount  tasks.o
    0x080090ac   0x080090ac   0x00000160   Code   RO         4364    i.xTaskIncrementTick  tasks.o
    0x0800920c   0x0800920c   0x000000d8   Code   RO         4367    i.xTaskPriorityDisinherit  tasks.o
    0x080092e4   0x080092e4   0x000000b4   Code   RO         4368    i.xTaskRemoveFromEventList  tasks.o
    0x08009398   0x08009398   0x00000120   Code   RO         4370    i.xTaskResumeAll    tasks.o
    0x080094b8   0x080094b8   0x00000074   Code   RO         4706    i.xTimerCreateTimerTask  timers.o
    0x0800952c   0x0800952c   0x000000a4   Code   RO         4707    i.xTimerGenericCommand  timers.o
    0x080095d0   0x080095d0   0x00000302   Data   RO          708    .constdata          reference_task.o
    0x080098d2   0x080098d2   0x00000002   PAD
    0x080098d4   0x080098d4   0x00000020   Data   RO         5446    Region$$Table       anon$$obj.o


    Execution Region RW_IRAM2 (Exec base: 0x10000000, Load base: 0x08009a18, Size: 0x00000000, Max: 0x00010000, ABSOLUTE)

    **** No section assigned to this execution region ****


    Execution Region RW_IRAM1 (Exec base: 0x20000000, Load base: 0x080098f4, Size: 0x00007050, Max: 0x00020000, ABSOLUTE)

    Exec Addr    Load Addr    Size         Type   Attr      Idx    E Section Name        Object

    0x20000000   0x080098f4   0x0000002c   Data   RW            6    .data               main.o
    0x2000002c   0x08009920   0x00000004   Data   RW          327    .data               app.o
    0x20000030   0x08009924   0x00000008   Data   RW          416    .data               config_param_task.o
    0x20000038   0x0800992c   0x00000011   Data   RW          475    .data               stat_judge_task.o
    0x20000049   0x0800993d   0x00000001   PAD
    0x2000004a   0x0800993e   0x00000002   Data   RW          709    .data               reference_task.o
    0x2000004c   0x08009940   0x00000008   Data   RW          781    .data               shoot_task.o
    0x20000054   0x08009948   0x00000004   Data   RW          902    .data               chasis_task.o
    0x20000058   0x0800994c   0x00000004   Data   RW          948    .data               aux_task.o
    0x2000005c   0x08009950   0x00000008   Data   RW         1010    .data               io_task.o
    0x20000064   0x08009958   0x00000004   Data   RW         1085    .data               beep.o
    0x20000068   0x0800995c   0x00000001   Data   RW         1361    .data               led.o
    0x20000069   0x0800995d   0x00000003   PAD
    0x2000006c   0x08009960   0x00000005   Data   RW         1504    .data               usart1.o
    0x20000071   0x08009965   0x00000001   Data   RW         1582    .data               usart2.o
    0x20000072   0x08009966   0x00000002   Data   RW         1612    .data               usart3.o
    0x20000074   0x08009968   0x00000001   Data   RW         1651    .data               usart4.o
    0x20000075   0x08009969   0x00000001   Data   RW         1690    .data               usart5.o
    0x20000076   0x0800996a   0x00000001   Data   RW         1725    .data               usart6.o
    0x20000077   0x0800996b   0x00000010   Data   RW         2648    .data               stm32f4xx_rcc.o
    0x20000087   0x0800997b   0x00000001   PAD
    0x20000088   0x0800997c   0x00000004   Data   RW         3684    .data               delay.o
    0x2000008c   0x08009980   0x00000006   Data   RW         3747    .data               usart.o
    0x20000092   0x08009986   0x00000002   PAD
    0x20000094   0x08009988   0x00000014   Data   RW         3848    .data               system_stm32f4xx.o
    0x200000a8   0x0800999c   0x0000003c   Data   RW         4373    .data               tasks.o
    0x200000e4   0x080099d8   0x00000014   Data   RW         4715    .data               timers.o
    0x200000f8   0x080099ec   0x0000000c   Data   RW         4841    .data               port.o
    0x20000104   0x080099f8   0x00000018   Data   RW         4924    .data               heap_4.o
    0x2000011c   0x08009a10   0x00000004   Data   RW         5425    .data               mc_w.l(mvars.o)
    0x20000120   0x08009a14   0x00000004   Data   RW         5426    .data               mc_w.l(mvars.o)
    0x20000124        -       0x00000018   Zero   RW          326    .bss                app.o
    0x2000013c        -       0x00000028   Zero   RW          613    .bss                detection_task.o
    0x20000164        -       0x00000024   Zero   RW          653    .bss                conclude_task.o
    0x20000188        -       0x00000538   Zero   RW          707    .bss                reference_task.o
    0x200006c0        -       0x00000020   Zero   RW          822    .bss                gimbal_task.o
    0x200006e0        -       0x00000018   Zero   RW          901    .bss                chasis_task.o
    0x200006f8        -       0x00000186   Zero   RW         1008    .bss                io_task.o
    0x2000087e   0x08009a18   0x00000002   PAD
    0x20000880        -       0x000000a0   Zero   RW         1135    .bss                can.o
    0x20000920        -       0x00000136   Zero   RW         1231    .bss                flash.o
    0x20000a56   0x08009a18   0x00000002   PAD
    0x20000a58        -       0x0000049c   Zero   RW         1403    .bss                pid.o
    0x20000ef4        -       0x000000c0   Zero   RW         1503    .bss                usart1.o
    0x20000fb4        -       0x00000100   Zero   RW         1581    .bss                usart2.o
    0x200010b4        -       0x00000200   Zero   RW         1611    .bss                usart3.o
    0x200012b4        -       0x00000094   Zero   RW         1650    .bss                usart4.o
    0x20001348        -       0x00000100   Zero   RW         1689    .bss                usart5.o
    0x20001448        -       0x00000110   Zero   RW         1724    .bss                usart6.o
    0x20001558        -       0x000000ac   Zero   RW         1773    .bss                user_lib.o
    0x20001604        -       0x00000100   Zero   RW         3746    .bss                usart.o
    0x20001704        -       0x00000040   Zero   RW         4110    .bss                queue.o
    0x20001744        -       0x000002e4   Zero   RW         4372    .bss                tasks.o
    0x20001a28        -       0x00000028   Zero   RW         4714    .bss                timers.o
    0x20001a50        -       0x00005000   Zero   RW         4923    .bss                heap_4.o
    0x20006a50        -       0x00000200   Zero   RW         3881    HEAP                startup_stm32f40_41xxx.o
    0x20006c50        -       0x00000400   Zero   RW         3880    STACK               startup_stm32f40_41xxx.o


==============================================================================

Image component sizes


      Code (inc. data)   RO Data    RW Data    ZI Data      Debug   Object Name

      1460        532          0          4         24      32785   app.o
       314         32          0          4          0       1981   aux_task.o
       124         16          0          4          0       1712   beep.o
      1092         82          0          0        160       7965   can.o
       756        106          0          4         24       2984   chasis_task.o
       276         28          0          0         36       2674   conclude_task.o
        92          8          0          8          0        846   config_param_task.o
       220         18          0          4          0       2517   delay.o
         0          0          0          0         40        755   detection_task.o
         0          0          0          0          0      11768   event_groups.o
       532        138          0          0        310       5566   flash.o
       288         16          0          0          0       1713   fricmotor.o
      1968        330          0          0         32       6105   gimbal_task.o
       764        182          0         24      20480       4498   heap_4.o
      3276         94          0          8        390       9293   io_task.o
        48          6          0          0          0        503   key.o
       294         42          0          1          0       2210   led.o
       148          0          0          0          0       3214   list.o
       560        268          0         44          0     329756   main.o
       180         24          0          0          0       2065   misc.o
       934         96          0          0       1180       4770   pid.o
      1182        396          0         12          0      10865   port.o
      2164        238          0          0         64      13357   queue.o
       800         52        770          2       1336       8513   reference_task.o
       116          8          0          8          0       1652   shoot_task.o
        36          8        392          0       1536        840   startup_stm32f40_41xxx.o
      1252        326          0         17          0       9803   stat_judge_task.o
      1654         22          0          0          0       7508   stm32f4xx_can.o
       864         72          0          0          0      10001   stm32f4xx_dma.o
       398         40          0          0          0       4469   stm32f4xx_flash.o
       258          0          0          0          0       4041   stm32f4xx_gpio.o
        20          0          0          0          0       2821   stm32f4xx_it.o
       392         48          0         16          0       5785   stm32f4xx_rcc.o
       520         48          0          0          0       6158   stm32f4xx_tim.o
       686         42          0          0          0       6075   stm32f4xx_usart.o
       340         32          0         20          0       1821   system_stm32f4xx.o
      4278       1048          0         60        740      34213   tasks.o
       288         24          0          0          0       2276   timer3.o
      1310        312          0         20         40       8823   timers.o
        36          8          0          6        256       2454   usart.o
      1262         84          0          5        192       6612   usart1.o
       176         18          0          1        256       1060   usart2.o
       732         52          0          2        512       2678   usart3.o
       684         44          0          1        148       3063   usart4.o
       608         60          0          1        256       2460   usart5.o
       708         50          0          1        272       2954   usart6.o
       176          6          0          0        172       3802   user_lib.o

    ----------------------------------------------------------------------
     34318       5056       1196        284      28460     599784   Object Totals
         0          0         32          0          0          0   (incl. Generated)
        52          0          2          7          4          0   (incl. Padding)

    ----------------------------------------------------------------------

      Code (inc. data)   RO Data    RW Data    ZI Data      Debug   Library Member Name

      1444          0          0          0          0      11304   fifo.o
       288          4          0          0          0       1785   pid_regulator.o
         0          0          0          0          0          0   entry.o
         0          0          0          0          0          0   entry10a.o
         0          0          0          0          0          0   entry11a.o
         8          4          0          0          0          0   entry2.o
         4          0          0          0          0          0   entry5.o
         0          0          0          0          0          0   entry7b.o
         0          0          0          0          0          0   entry8b.o
         8          4          0          0          0          0   entry9a.o
        30          0          0          0          0          0   handlers.o
        36          8          0          0          0         68   init.o
         0          0          0          0          0          0   iusefp.o
        30          0          0          0          0         68   llshl.o
        32          0          0          0          0         68   llushr.o
       188         20          0          0          0        160   malloc.o
        36          0          0          0          0         68   memcpya.o
        36          0          0          0          0        108   memseta.o
         0          0          0          8          0          0   mvars.o
       736         56          0          0          0        184   printf5.o
        14          0          0          0          0         68   strlen.o
        98          0          0          0          0         92   uldiv.o
        56          0          0          0          0         88   d2f.o
       186          0          0          0          0        176   depilogue.o
        34          0          0          0          0         76   dflti.o
       228          0          0          0          0         96   dmul.o
        38          0          0          0          0         68   f2d.o
       110          0          0          0          0        168   fepilogue.o

    ----------------------------------------------------------------------
      3642         96          0          8          0      14645   Library Totals
         2          0          0          0          0          0   (incl. Padding)

    ----------------------------------------------------------------------

      Code (inc. data)   RO Data    RW Data    ZI Data      Debug   Library Name

      1732          4          0          0          0      13089   RMLib.lib
      1256         92          0          8          0        884   mc_w.l
       652          0          0          0          0        672   mf_w.l

    ----------------------------------------------------------------------
      3642         96          0          8          0      14645   Library Totals

    ----------------------------------------------------------------------

==============================================================================


      Code (inc. data)   RO Data    RW Data    ZI Data      Debug   

     37960       5152       1196        292      28460     586605   Grand Totals
     37960       5152       1196        292      28460     586605   ELF Image Totals
     37960       5152       1196        292          0          0   ROM Totals

==============================================================================

    Total RO  Size (Code + RO Data)                39156 (  38.24kB)
    Total RW  Size (RW Data + ZI Data)             28752 (  28.08kB)
    Total ROM Size (Code + RO Data + RW Data)      39448 (  38.52kB)

==============================================================================

