<html>
<body>
<pre>
<h1>µVision Build Log</h1>
<h2>Tool Versions:</h2>
IDE-Version: ¦ÌVision V5.27.0.0
Copyright (C) 2018 ARM Ltd and ARM Germany GmbH. All rights reserved.
License Information: q'q 2, 12, LIC=PE730-BJ3KU-5T63W-QGCUA-V3YTX-FQMUT
 
Tool Versions:
Toolchain:       MDK-ARM Plus  Version: 5.27.0.0
Toolchain Path:  C:\Keil_v5\ARM\ARMCC\Bin
C Compiler:      Armcc.exe V5.06 update 6 (build 750)
Assembler:       Armasm.exe V5.06 update 6 (build 750)
Linker/Locator:  ArmLink.exe V5.06 update 6 (build 750)
Library Manager: ArmAr.exe V5.06 update 6 (build 750)
Hex Converter:   FromElf.exe V5.06 update 6 (build 750)
CPU DLL:         SARMCM3.DLL V5.27.0.0
Dialog DLL:      DCM.DLL V1.17.2.0
Target DLL:      CMSIS_AGDI.dll V1.31.9.0
Dialog DLL:      TCM.DLL V1.36.1.0
 
<h2>Project:</h2>
C:\Users\19871\Documents\GitHub\STANDARDA\infantry\MAIN\standardA.uvprojx
Project File Date:  04/12/2019

<h2>Output:</h2>
*** Using Compiler 'V5.06 update 6 (build 750)', folder: 'C:\Keil_v5\ARM\ARMCC\Bin'
Build target 'RM2019_STANDARD'
compiling DETECTION_task.c...
compiling REFERENCE_task.c...
compiling main.c...
compiling CONFIG_PARAM_task.c...
compiling app.c...
compiling CONCLUDE_task.c...
compiling STAT_JUDGE_task.c...
compiling beep.c...
compiling IO_task.c...
compiling AUX_task.c...
compiling can.c...
compiling SHOOT_task.c...
compiling CHASIS_task.c...
compiling GIMBAL_task.c...
compiling fricmotor.c...
compiling led.c...
compiling key.c...
compiling pid.c...
compiling flash.c...
compiling timer3.c...
compiling usart1.c...
compiling misc.c...
compiling usart2.c...
compiling usart4.c...
compiling user_lib.c...
compiling usart3.c...
compiling usart5.c...
compiling usart6.c...
compiling stm32f4xx_can.c...
compiling stm32f4xx_gpio.c...
compiling stm32f4xx_iwdg.c...
compiling stm32f4xx_flash.c...
compiling stm32f4xx_usart.c...
compiling stm32f4xx_dma.c...
compiling stm32f4xx_rcc.c...
compiling stm32f4xx_tim.c...
compiling sys.c...
compiling stm32f4xx_it.c...
compiling system_stm32f4xx.c...
compiling usart.c...
compiling delay.c...
compiling croutine.c...
compiling event_groups.c...
compiling list.c...
compiling port.c...
compiling heap_4.c...
compiling timers.c...
compiling queue.c...
compiling tasks.c...
linking...
Program Size: Code=38832 RO-data=1196 RW-data=296 ZI-data=28272  
FromELF: creating hex file...
"..\OBJ\STANDARD.axf" - 0 Error(s), 0 Warning(s).

<h2>Software Packages used:</h2>

Package Vendor: Keil
                http://www.keil.com/pack/Keil.STM32F4xx_DFP.2.9.0.pack
                Keil.STM32F4xx_DFP.2.9.0
                STMicroelectronics STM32F4 Series Device Support, Drivers and Examples

<h2>Collection of Component include folders:</h2>
  .\RTE\_RM2019_STANDARD
  C:\Keil_v5\ARM\PACK\Keil\STM32F4xx_DFP\2.9.0\Drivers\CMSIS\Device\ST\STM32F4xx\Include

<h2>Collection of Component Files used:</h2>
Build Time Elapsed:  00:00:14
</pre>
</body>
</html>
