Component: ARM Compiler 5.06 update 6 (build 750) Tool: armlink [4d35ed]

==============================================================================

Section Cross References

    main.o(i.main) refers to app.o(i.BspInit) for BspInit
    main.o(i.main) refers to app.o(i.ParamInit) for ParamInit
    main.o(i.main) refers to tasks.o(i.xTaskCreate) for xTaskCreate
    main.o(i.main) refers to tasks.o(i.vTaskStartScheduler) for vTaskStartScheduler
    main.o(i.main) refers to main.o(.data) for StartTask_Handler
    main.o(i.main) refers to main.o(i.start_task) for start_task
    main.o(i.start_task) refers to port.o(i.vPortEnterCritical) for vPortEnterCritical
    main.o(i.start_task) refers to tasks.o(i.xTaskCreate) for xTaskCreate
    main.o(i.start_task) refers to heap_4.o(i.xPortGetFreeHeapSize) for xPortGetFreeHeapSize
    main.o(i.start_task) refers to printf5.o(i.__0printf$5) for __2printf
    main.o(i.start_task) refers to tasks.o(i.vTaskDelete) for vTaskDelete
    main.o(i.start_task) refers to port.o(i.vPortExitCritical) for vPortExitCritical
    main.o(i.start_task) refers to main.o(.data) for STAT_JUDGETask_Handler
    main.o(i.start_task) refers to stat_judge_task.o(i.STAT_JUDGE_task) for STAT_JUDGE_task
    main.o(i.start_task) refers to chasis_task.o(i.CHASIS_task) for CHASIS_task
    main.o(i.start_task) refers to gimbal_task.o(i.GIMBAL_task) for GIMBAL_task
    main.o(i.start_task) refers to conclude_task.o(i.CONCLUDE_task) for CONCLUDE_task
    main.o(i.start_task) refers to io_task.o(i.Upload_task) for Upload_task
    main.o(i.start_task) refers to aux_task.o(i.AUX_task) for AUX_task
    main.o(i.start_task) refers to config_param_task.o(i.CONFIG_PARAM_Task) for CONFIG_PARAM_Task
    main.o(i.start_task) refers to reference_task.o(i.REFERENCE_task) for REFERENCE_task
    main.o(i.start_task) refers to shoot_task.o(i.SHOOT_task) for SHOOT_task
    main.o(i.vApplicationIdleHook) refers to app.o(i.GetSysTickCnt) for GetSysTickCnt
    main.o(i.vApplicationIdleHook) refers to main.o(.data) for tickWatchdogReset
    app.o(i.BspInit) refers to misc.o(i.NVIC_PriorityGroupConfig) for NVIC_PriorityGroupConfig
    app.o(i.BspInit) refers to delay.o(i.delay_init) for delay_init
    app.o(i.BspInit) refers to usart1.o(i.USART1_Configuration) for USART1_Configuration
    app.o(i.BspInit) refers to usart3.o(i.USART3_Configuration) for USART3_Configuration
    app.o(i.BspInit) refers to usart4.o(i.USART4_Configuration) for USART4_Configuration
    app.o(i.BspInit) refers to usart5.o(i.USART5_Configuration) for USART5_Configuration
    app.o(i.BspInit) refers to usart6.o(i.USART6_Configuration) for USART6_Configuration
    app.o(i.BspInit) refers to can.o(i.CAN1_Configuration) for CAN1_Configuration
    app.o(i.BspInit) refers to led.o(i.LED_Configuration) for LED_Configuration
    app.o(i.BspInit) refers to fricmotor.o(i.Fricmotor_Configuration) for Fricmotor_Configuration
    app.o(i.BspInit) refers to beep.o(i.BEEP_Init) for BEEP_Init
    app.o(i.BspInit) refers to timer3.o(i.MicroStepMotor_Configuration) for MicroStepMotor_Configuration
    app.o(i.BspInit) refers to key.o(i.KEY_Init) for KEY_Init
    app.o(i.BspInit) refers to led.o(i.FlowLED) for FlowLED
    app.o(i.ChangeNowPitchAngleToExpangle) refers to can.o(.bss) for gimbal_motor
    app.o(i.ChangeNowPitchAngleToExpangle) refers to gimbal_task.o(.bss) for pitchdata
    app.o(i.ChangeNowYawAngleToExpangle) refers to app.o(.bss) for extend_angle
    app.o(i.ChangeNowYawAngleToExpangle) refers to gimbal_task.o(.bss) for yawdata
    app.o(i.FirstFlashRead) refers to flash.o(i.Data_Read) for Data_Read
    app.o(i.FirstFlashRead) refers to app.o(i.PID_Load) for PID_Load
    app.o(i.FirstFlashRead) refers to printf5.o(i.__0printf$5) for __2printf
    app.o(i.FirstFlashRead) refers to delay.o(i.delay_ms) for delay_ms
    app.o(i.GetSysTickCnt) refers to tasks.o(i.xTaskGetSchedulerState) for xTaskGetSchedulerState
    app.o(i.GetSysTickCnt) refers to tasks.o(i.xTaskGetTickCount) for xTaskGetTickCount
    app.o(i.GetSysTickCnt) refers to app.o(.data) for sysTickCnt
    app.o(i.PID_Load) refers to flash.o(.bss) for flash_save_data_access
    app.o(i.PID_Load) refers to pid.o(.bss) for chasis_motor1_pid_v
    app.o(i.ParamInit) refers to pid.o(i.DJI_PID_Param_Init) for DJI_PID_Param_Init
    app.o(i.ParamInit) refers to user_lib.o(i.first_order_filter_init) for first_order_filter_init
    app.o(i.ParamInit) refers to reference_task.o(i.USART5_FIFO_Init) for USART5_FIFO_Init
    app.o(i.ParamInit) refers to app.o(i.FirstFlashRead) for FirstFlashRead
    app.o(i.ParamInit) refers to usart1.o(i.Rc_Init) for Rc_Init
    app.o(i.ParamInit) refers to user_lib.o(.bss) for gesture_sensor_Gx
    app.o(i.ParamInit) refers to stat_judge_task.o(.data) for system_stat
    app.o(i.PrintTaskInfomation) refers to printf5.o(i.__0printf$5) for __2printf
    app.o(i.PrintTaskInfomation) refers to tasks.o(i.xTaskGetHandle) for xTaskGetHandle
[...]
    EXTI0_IRQHandler                         0x0800026f   Thumb Code     0  startup_stm32f40_41xxx.o(.text)
    EXTI15_10_IRQHandler                     0x0800026f   Thumb Code     0  startup_stm32f40_41xxx.o(.text)
    EXTI1_IRQHandler                         0x0800026f   Thumb Code     0  startup_stm32f40_41xxx.o(.text)
    EXTI2_IRQHandler                         0x0800026f   Thumb Code     0  startup_stm32f40_41xxx.o(.text)
    EXTI3_IRQHandler                         0x0800026f   Thumb Code     0  startup_stm32f40_41xxx.o(.text)
    EXTI4_IRQHandler                         0x0800026f   Thumb Code     0  startup_stm32f40_41xxx.o(.text)
    EXTI9_5_IRQHandler                       0x0800026f   Thumb Code     0  startup_stm32f40_41xxx.o(.text)
    FLASH_IRQHandler                         0x0800026f   Thumb Code     0  startup_stm32f40_41xxx.o(.text)
    FPU_IRQHandler                           0x0800026f   Thumb Code     0  startup_stm32f40_41xxx.o(.text)
    FSMC_IRQHandler                          0x0800026f   Thumb Code     0  startup_stm32f40_41xxx.o(.text)
    HASH_RNG_IRQHandler                      0x0800026f   Thumb Code     0  startup_stm32f40_41xxx.o(.text)
    I2C1_ER_IRQHandler                       0x0800026f   Thumb Code     0  startup_stm32f40_41xxx.o(.text)
    I2C1_EV_IRQHandler                       0x0800026f   Thumb Code     0  startup_stm32f40_41xxx.o(.text)
    I2C2_ER_IRQHandler                       0x0800026f   Thumb Code     0  startup_stm32f40_41xxx.o(.text)
    I2C2_EV_IRQHandler                       0x0800026f   Thumb Code     0  startup_stm32f40_41xxx.o(.text)
    I2C3_ER_IRQHandler                       0x0800026f   Thumb Code     0  startup_stm32f40_41xxx.o(.text)
    I2C3_EV_IRQHandler                       0x0800026f   Thumb Code     0  startup_stm32f40_41xxx.o(.text)
    OTG_FS_IRQHandler                        0x0800026f   Thumb Code     0  startup_stm32f40_41xxx.o(.text)
    OTG_FS_WKUP_IRQHandler                   0x0800026f   Thumb Code     0  startup_stm32f40_41xxx.o(.text)
    OTG_HS_EP1_IN_IRQHandler                 0x0800026f   Thumb Code     0  startup_stm32f40_41xxx.o(.text)
    OTG_HS_EP1_OUT_IRQHandler                0x0800026f   Thumb Code     0  startup_stm32f40_41xxx.o(.text)
    OTG_HS_IRQHandler                        0x0800026f   Thumb Code     0  startup_stm32f40_41xxx.o(.text)
    OTG_HS_WKUP_IRQHandler                   0x0800026f   Thumb Code     0  startup_stm32f40_41xxx.o(.text)
    PVD_IRQHandler                           0x0800026f   Thumb Code     0  startup_stm32f40_41xxx.o(.text)
    RCC_IRQHandler                           0x0800026f   Thumb Code     0  startup_stm32f40_41xxx.o(.text)
    RTC_Alarm_IRQHandler                     0x0800026f   Thumb Code     0  startup_stm32f40_41xxx.o(.text)
    RTC_WKUP_IRQHandler                      0x0800026f   Thumb Code     0  startup_stm32f40_41xxx.o(.text)
    SDIO_IRQHandler                          0x0800026f   Thumb Code     0  startup_stm32f40_41xxx.o(.text)
    SPI1_IRQHandler                          0x0800026f   Thumb Code     0  startup_stm32f40_41xxx.o(.text)
    SPI2_IRQHandler                          0x0800026f   Thumb Code     0  startup_stm32f40_41xxx.o(.text)
    SPI3_IRQHandler                          0x0800026f   Thumb Code     0  startup_stm32f40_41xxx.o(.text)
    TAMP_STAMP_IRQHandler                    0x0800026f   Thumb Code     0  startup_stm32f40_41xxx.o(.text)
    TIM1_BRK_TIM9_IRQHandler                 0x0800026f   Thumb Code     0  startup_stm32f40_41xxx.o(.text)
    TIM1_CC_IRQHandler                       0x0800026f   Thumb Code     0  startup_stm32f40_41xxx.o(.text)
    TIM1_TRG_COM_TIM11_IRQHandler            0x0800026f   Thumb Code     0  startup_stm32f40_41xxx.o(.text)
    TIM1_UP_TIM10_IRQHandler                 0x0800026f   Thumb Code     0  startup_stm32f40_41xxx.o(.text)
    TIM2_IRQHandler                          0x0800026f   Thumb Code     0  startup_stm32f40_41xxx.o(.text)
    TIM3_IRQHandler                          0x0800026f   Thumb Code     0  startup_stm32f40_41xxx.o(.text)
    TIM4_IRQHandler                          0x0800026f   Thumb Code     0  startup_stm32f40_41xxx.o(.text)
    TIM5_IRQHandler                          0x0800026f   Thumb Code     0  startup_stm32f40_41xxx.o(.text)
    TIM6_DAC_IRQHandler                      0x0800026f   Thumb Code     0  startup_stm32f40_41xxx.o(.text)
    TIM7_IRQHandler                          0x0800026f   Thumb Code     0  startup_stm32f40_41xxx.o(.text)
    TIM8_BRK_TIM12_IRQHandler                0x0800026f   Thumb Code     0  startup_stm32f40_41xxx.o(.text)
    TIM8_CC_IRQHandler                       0x0800026f   Thumb Code     0  startup_stm32f40_41xxx.o(.text)
    TIM8_TRG_COM_TIM14_IRQHandler            0x0800026f   Thumb Code     0  startup_stm32f40_41xxx.o(.text)
    TIM8_UP_TIM13_IRQHandler                 0x0800026f   Thumb Code     0  startup_stm32f40_41xxx.o(.text)
    WWDG_IRQHandler                          0x0800026f   Thumb Code     0  startup_stm32f40_41xxx.o(.text)
    FIFO_Init                                0x08000279   Thumb Code    78  fifo.o(.text)
    FIFO_Create                              0x080002c7   Thumb Code    80  fifo.o(.text)
    FIFO_Destory                             0x08000317   Thumb Code    40  fifo.o(.text)
    FIFO_S_Init                              0x0800033f   Thumb Code    62  fifo.o(.text)
    FIFO_S_Create                            0x0800037d   Thumb Code    60  fifo.o(.text)
    FIFO_S_Destory                           0x080003b9   Thumb Code    40  fifo.o(.text)
    FIFO_Put                                 0x080003e1   Thumb Code   106  fifo.o(.text)
    FIFO_S_Put                               0x0800044b   Thumb Code    68  fifo.o(.text)
    FIFO_S_Puts                              0x0800048f   Thumb Code    98  fifo.o(.text)
    FIFO_Get                                 0x080004f1   Thumb Code   106  fifo.o(.text)
    FIFO_S_Get                               0x0800055b   Thumb Code    58  fifo.o(.text)
    FIFO_GetHead                             0x08000595   Thumb Code   162  fifo.o(.text)
    FIFO_S_GetHead                           0x08000637   Thumb Code    76  fifo.o(.text)
    FIFO_PreRead                             0x08000683   Thumb Code   108  fifo.o(.text)
    FIFO_S_PreRead                           0x080006ef   Thumb Code    48  fifo.o(.text)
    FIFO_IsEmpty                             0x0800071f   Thumb Code    24  fifo.o(.text)
    FIFO_S_IsEmpty                           0x08000737   Thumb Code    24  fifo.o(.text)
    FIFO_IsFull                              0x0800074f   Thumb Code    24  fifo.o(.text)
    FIFO_S_IsFull                            0x08000767   Thumb Code    24  fifo.o(.text)
    FIFO_CountUsed                           0x0800077f   Thumb Code    16  fifo.o(.text)
    FIFO_S_CountUsed                         0x0800078f   Thumb Code    16  fifo.o(.text)
    FIFO_CountFree                           0x0800079f   Thumb Code    16  fifo.o(.text)
    FIFO_S_CountFree                         0x080007af   Thumb Code    16  fifo.o(.text)
    FIFO_Flush                               0x080007bf   Thumb Code    50  fifo.o(.text)
    FIFO_S_Flush                             0x080007f1   Thumb Code    44  fifo.o(.text)
    PID_Reset                                0x0800081d   Thumb Code    50  pid_regulator.o(.text)
    PID_Calc                                 0x0800084f   Thumb Code   234  pid_regulator.o(.text)
    __aeabi_memcpy                           0x0800093d   Thumb Code    36  memcpya.o(.text)
    __aeabi_memcpy4                          0x0800093d   Thumb Code     0  memcpya.o(.text)
    __aeabi_memcpy8                          0x0800093d   Thumb Code     0  memcpya.o(.text)
    __aeabi_memset                           0x08000961   Thumb Code    14  memseta.o(.text)
    __aeabi_memset4                          0x08000961   Thumb Code     0  memseta.o(.text)
    __aeabi_memset8                          0x08000961   Thumb Code     0  memseta.o(.text)
    __aeabi_memclr                           0x0800096f   Thumb Code     4  memseta.o(.text)
    __aeabi_memclr4                          0x0800096f   Thumb Code     0  memseta.o(.text)
    __aeabi_memclr8                          0x0800096f   Thumb Code     0  memseta.o(.text)
    _memset$wrapper                          0x08000973   Thumb Code    18  memseta.o(.text)
    strlen                                   0x08000985   Thumb Code    14  strlen.o(.text)
    __aeabi_dadd                             0x08000993   Thumb Code   322  dadd.o(.text)
    __aeabi_dsub                             0x08000ad5   Thumb Code     6  dadd.o(.text)
    __aeabi_drsub                            0x08000adb   Thumb Code     6  dadd.o(.text)
    __aeabi_dmul                             0x08000ae1   Thumb Code   228  dmul.o(.text)
    __aeabi_i2d                              0x08000bc5   Thumb Code    34  dflti.o(.text)
    __aeabi_f2d                              0x08000be7   Thumb Code    38  f2d.o(.text)
    __aeabi_d2f                              0x08000c0d   Thumb Code    56  d2f.o(.text)
    __aeabi_uldivmod                         0x08000c45   Thumb Code    98  uldiv.o(.text)
    __aeabi_llsl                             0x08000ca7   Thumb Code    30  llshl.o(.text)
    _ll_shift_l                              0x08000ca7   Thumb Code     0  llshl.o(.text)
    __aeabi_lasr                             0x08000cc5   Thumb Code    36  llsshr.o(.text)
    _ll_sshift_r                             0x08000cc5   Thumb Code     0  llsshr.o(.text)
    __I$use$fp                               0x08000ce9   Thumb Code     0  iusefp.o(.text)
    _float_round                             0x08000ce9   Thumb Code    18  fepilogue.o(.text)
    _float_epilogue                          0x08000cfb   Thumb Code    92  fepilogue.o(.text)
    _double_round                            0x08000d57   Thumb Code    30  depilogue.o(.text)
    _double_epilogue                         0x08000d75   Thumb Code   156  depilogue.o(.text)
    __scatterload                            0x08000e11   Thumb Code    28  init.o(.text)
    __scatterload_rt2                        0x08000e11   Thumb Code     0  init.o(.text)
    __aeabi_llsr                             0x08000e35   Thumb Code    32  llushr.o(.text)
    _ll_ushift_r                             0x08000e35   Thumb Code     0  llushr.o(.text)
    AUX_task                                 0x08000e55   Thumb Code    74  aux_task.o(i.AUX_task)
    Append_CRC16_Check_Sum                   0x08000e9f   Thumb Code    44  io_task.o(i.Append_CRC16_Check_Sum)
    Append_CRC8_Check_Sum                    0x08000ecd   Thumb Code    38  io_task.o(i.Append_CRC8_Check_Sum)
    BEEP_Init                                0x08000ef9   Thumb Code    60  beep.o(i.BEEP_Init)
    BeepAlam                                 0x08000f39   Thumb Code    40  beep.o(i.BeepAlam)
    BeepON                                   0x08000f69   Thumb Code     8  beep.o(i.BeepON)
    BspInit                                  0x08000f75   Thumb Code    84  app.o(i.BspInit)
    BusFault_Handler                         0x08000fd1   Thumb Code     4  stm32f4xx_it.o(i.BusFault_Handler)
    CAN1_Configuration                       0x08000fd5   Thumb Code   266  can.o(i.CAN1_Configuration)
    CAN1_RX0_IRQHandler                      0x080010e9   Thumb Code   202  can.o(i.CAN1_RX0_IRQHandler)
    CAN1_TX_IRQHandler                       0x080011c5   Thumb Code    22  can.o(i.CAN1_TX_IRQHandler)
    CAN2_RX0_IRQHandler                      0x080011e1   Thumb Code    36  can.o(i.CAN2_RX0_IRQHandler)
    CAN2_TX_IRQHandler                       0x08001209   Thumb Code    22  can.o(i.CAN2_TX_IRQHandler)
    CAN_ClearITPendingBit                    0x08001225   Thumb Code   162  stm32f4xx_can.o(i.CAN_ClearITPendingBit)
    CAN_DeInit                               0x080012cd   Thumb Code    50  stm32f4xx_can.o(i.CAN_DeInit)
    CAN_FilterInit                           0x08001305   Thumb Code   258  stm32f4xx_can.o(i.CAN_FilterInit)
    CAN_GetITStatus                          0x0800140d   Thumb Code   284  stm32f4xx_can.o(i.CAN_GetITStatus)
    CAN_ITConfig                             0x0800152d   Thumb Code    18  stm32f4xx_can.o(i.CAN_ITConfig)
    CAN_Init                                 0x0800153f   Thumb Code   276  stm32f4xx_can.o(i.CAN_Init)
    CAN_Receive                              0x08001653   Thumb Code   240  stm32f4xx_can.o(i.CAN_Receive)
    CAN_StructInit                           0x08001743   Thumb Code    32  stm32f4xx_can.o(i.CAN_StructInit)
    CAN_Transmit                             0x08001763   Thumb Code   294  stm32f4xx_can.o(i.CAN_Transmit)
    CHASIS_task                              0x08001889   Thumb Code    96  chasis_task.o(i.CHASIS_task)
    CONCLUDE_task                            0x080018ed   Thumb Code    34  conclude_task.o(i.CONCLUDE_task)
    CONFIG_PARAM_Task                        0x08001915   Thumb Code    84  config_param_task.o(i.CONFIG_PARAM_Task)
    CalChasisAndSend                         0x08001971   Thumb Code   464  conclude_task.o(i.CalChasisAndSend)
    ChangeNowPitchAngleToExpangle            0x08001b65   Thumb Code    22  app.o(i.ChangeNowPitchAngleToExpangle)
    ChangeNowYawAngleToExpangle              0x08001b89   Thumb Code    14  app.o(i.ChangeNowYawAngleToExpangle)
    ChasisControl                            0x08001ba1   Thumb Code   280  chasis_task.o(i.ChasisControl)
    ChasisRoteCal                            0x08001ced   Thumb Code   228  chasis_task.o(i.ChasisRoteCal)
    CheckUpFinishi                           0x08001e11   Thumb Code    78  gimbal_task.o(i.CheckUpFinishi)
    CheckUpQuickBackFinishi                  0x08001e89   Thumb Code    78  gimbal_task.o(i.CheckUpQuickBackFinishi)
    CurrentControl                           0x08001f01   Thumb Code   108  conclude_task.o(i.CurrentControl)
    DJI_PID_Cal                              0x08001f89   Thumb Code    56  pid.o(i.DJI_PID_Cal)
    DJI_PID_Init                             0x08001fc1   Thumb Code   154  pid.o(i.DJI_PID_Init)
    DJI_PID_Param_Init                       0x08002061   Thumb Code   446  pid.o(i.DJI_PID_Param_Init)
    DMA1_Stream0_IRQHandler                  0x08002279   Thumb Code    22  usart5.o(i.DMA1_Stream0_IRQHandler)
    DMA_ClearFlag                            0x0800229d   Thumb Code    38  stm32f4xx_dma.o(i.DMA_ClearFlag)
    DMA_Cmd                                  0x080022d1   Thumb Code    22  stm32f4xx_dma.o(i.DMA_Cmd)
    DMA_DeInit                               0x080022e9   Thumb Code   324  stm32f4xx_dma.o(i.DMA_DeInit)
    DMA_DoubleBufferModeCmd                  0x08002441   Thumb Code    22  stm32f4xx_dma.o(i.DMA_DoubleBufferModeCmd)
    DMA_DoubleBufferModeConfig               0x08002457   Thumb Code    24  stm32f4xx_dma.o(i.DMA_DoubleBufferModeConfig)
    DMA_GetCmdStatus                         0x0800246f   Thumb Code    20  stm32f4xx_dma.o(i.DMA_GetCmdStatus)
    DMA_GetCurrDataCounter                   0x08002483   Thumb Code     8  stm32f4xx_dma.o(i.DMA_GetCurrDataCounter)
    DMA_GetCurrentMemoryTarget               0x0800248b   Thumb Code    20  stm32f4xx_dma.o(i.DMA_GetCurrentMemoryTarget)
    DMA_GetFlagStatus                        0x080024a1   Thumb Code    54  stm32f4xx_dma.o(i.DMA_GetFlagStatus)
    DMA_GetITStatus                          0x080024e5   Thumb Code    82  stm32f4xx_dma.o(i.DMA_GetITStatus)
    DMA_ITConfig                             0x08002549   Thumb Code    58  stm32f4xx_dma.o(i.DMA_ITConfig)
    DMA_Init                                 0x08002585   Thumb Code    82  stm32f4xx_dma.o(i.DMA_Init)
    DMA_SetCurrDataCounter                   0x080025dd   Thumb Code     4  stm32f4xx_dma.o(i.DMA_SetCurrDataCounter)
    DMA_StructInit                           0x080025e1   Thumb Code    34  stm32f4xx_dma.o(i.DMA_StructInit)
    DataVerify                               0x08002603   Thumb Code    40  io_task.o(i.DataVerify)
    Data_Read                                0x0800262d   Thumb Code   136  flash.o(i.Data_Read)
    DeathAreaProcess                         0x080026fd   Thumb Code    66  usart1.o(i.DeathAreaProcess)
    DebugMon_Handler                         0x08002745   Thumb Code     2  stm32f4xx_it.o(i.DebugMon_Handler)
    ExtendAngle                              0x08002749   Thumb Code   112  app.o(i.ExtendAngle)
    FLASH_ClearFlag                          0x080027c1   Thumb Code     6  stm32f4xx_flash.o(i.FLASH_ClearFlag)
    FLASH_EraseSector                        0x080027cd   Thumb Code   130  stm32f4xx_flash.o(i.FLASH_EraseSector)
    FLASH_GetStatus                          0x08002855   Thumb Code    80  stm32f4xx_flash.o(i.FLASH_GetStatus)
    FLASH_Lock                               0x080028a9   Thumb Code    14  stm32f4xx_flash.o(i.FLASH_Lock)
    FLASH_ProgramByte                        0x080028bd   Thumb Code    70  stm32f4xx_flash.o(i.FLASH_ProgramByte)
    FLASH_Unlock                             0x08002909   Thumb Code    24  stm32f4xx_flash.o(i.FLASH_Unlock)
    FLASH_WaitForLastOperation               0x0800292d   Thumb Code    34  stm32f4xx_flash.o(i.FLASH_WaitForLastOperation)
    FRICMOTOR_OFF                            0x08002951   Thumb Code    24  fricmotor.o(i.FRICMOTOR_OFF)
    FRICMOTOR_ON                             0x0800296d   Thumb Code    24  fricmotor.o(i.FRICMOTOR_ON)
    FeedMotorOFF                             0x08002989   Thumb Code    12  timer3.o(i.FeedMotorOFF)
    FeedMotorON                              0x08002999   Thumb Code    12  timer3.o(i.FeedMotorON)
    FirstFlashRead                           0x080029a9   Thumb Code    64  app.o(i.FirstFlashRead)
    FirstGimbalBack                          0x08002a19   Thumb Code   250  gimbal_task.o(i.FirstGimbalBack)
    Flash_Data_Save                          0x08002b4d   Thumb Code   126  flash.o(i.Flash_Data_Save)
    FlowLED                                  0x08002c01   Thumb Code    62  led.o(i.FlowLED)
    Fricmotor_Configuration                  0x08002c41   Thumb Code   224  fricmotor.o(i.Fricmotor_Configuration)
    GIMBAL_task                              0x08002d29   Thumb Code    52  gimbal_task.o(i.GIMBAL_task)
    GPIO_Init                                0x08002d61   Thumb Code   144  stm32f4xx_gpio.o(i.GPIO_Init)
    GPIO_PinAFConfig                         0x08002df1   Thumb Code    70  stm32f4xx_gpio.o(i.GPIO_PinAFConfig)
    GPIO_ReadInputDataBit                    0x08002e37   Thumb Code    18  stm32f4xx_gpio.o(i.GPIO_ReadInputDataBit)
    GPIO_ResetBits                           0x08002e49   Thumb Code     4  stm32f4xx_gpio.o(i.GPIO_ResetBits)
    GPIO_SetBits                             0x08002e4d   Thumb Code     4  stm32f4xx_gpio.o(i.GPIO_SetBits)
    GPIO_StructInit                          0x08002e51   Thumb Code    18  stm32f4xx_gpio.o(i.GPIO_StructInit)
    GetMax                                   0x08002e63   Thumb Code    52  app.o(i.GetMax)
    GetSysTickCnt                            0x08002e99   Thumb Code    22  app.o(i.GetSysTickCnt)
    Get_CRC16_Check_Sum                      0x08002eb5   Thumb Code    46  io_task.o(i.Get_CRC16_Check_Sum)
    Get_CRC8_Check_Sum                       0x08002ee9   Thumb Code    30  io_task.o(i.Get_CRC8_Check_Sum)
    GimbalCtl                                0x08002f0d   Thumb Code    58  gimbal_task.o(i.GimbalCtl)
    GimbalNomalCtl                           0x08002f4d   Thumb Code   560  gimbal_task.o(i.GimbalNomalCtl)
    GimbalPitchAngleLimit                    0x080031ed   Thumb Code    48  gimbal_task.o(i.GimbalPitchAngleLimit)
    GimbalQuickBack                          0x08003221   Thumb Code   244  gimbal_task.o(i.GimbalQuickBack)
    GimbalSlefaimCtl                         0x08003349   Thumb Code   216  gimbal_task.o(i.GimbalSlefaimCtl)
    HardFault_Handler                        0x08003451   Thumb Code     4  stm32f4xx_it.o(i.HardFault_Handler)
    Judege_Shoot                             0x08003455   Thumb Code    80  shoot_task.o(i.Judege_Shoot)
    JudgeCalibration                         0x080034ad   Thumb Code   184  stat_judge_task.o(i.JudgeCalibration)
    JudgeChasisStat                          0x080035a9   Thumb Code    50  stat_judge_task.o(i.JudgeChasisStat)
    JudgeFricMotor                           0x080035f1   Thumb Code    30  stat_judge_task.o(i.JudgeFricMotor)
    JudgeGimabalStat                         0x08003619   Thumb Code    76  stat_judge_task.o(i.JudgeGimabalStat)
    JudgeSystemStat                          0x0800367d   Thumb Code   130  stat_judge_task.o(i.JudgeSystemStat)
    KEYFunction                              0x08003725   Thumb Code   128  stat_judge_task.o(i.KEYFunction)
    KEY_Init                                 0x08003825   Thumb Code    42  key.o(i.KEY_Init)
    KeepPitchexp                             0x08003855   Thumb Code    22  gimbal_task.o(i.KeepPitchexp)
    KeyBoardProcess                          0x08003879   Thumb Code   258  usart1.o(i.KeyBoardProcess)
    LEDAlam                                  0x0800397d   Thumb Code   198  aux_task.o(i.LEDAlam)
    LED_Configuration                        0x08003a5d   Thumb Code    78  led.o(i.LED_Configuration)
    LightingGreenLED                         0x08003ac1   Thumb Code    22  led.o(i.LightingGreenLED)
    LimitAngle                               0x08003ae1   Thumb Code    54  gimbal_task.o(i.LimitAngle)
    Load_And_Save_Param                      0x08003b21   Thumb Code    18  flash.o(i.Load_And_Save_Param)
    LockChasis                               0x08003b39   Thumb Code    28  chasis_task.o(i.LockChasis)
    ManifoldProcess                          0x08003b5d   Thumb Code   194  usart4.o(i.ManifoldProcess)
    MemManage_Handler                        0x08003c29   Thumb Code     4  stm32f4xx_it.o(i.MemManage_Handler)
    MicroStepMotorControl                    0x08003c2d   Thumb Code   208  stat_judge_task.o(i.MicroStepMotorControl)
    MicroStepMotor_Configuration             0x08003d19   Thumb Code    74  timer3.o(i.MicroStepMotor_Configuration)
    MotorSpeedAnalyze                        0x08003d69   Thumb Code   158  conclude_task.o(i.MotorSpeedAnalyze)
    Mpu6000DataProcess                       0x08003e0d   Thumb Code   158  usart6.o(i.Mpu6000DataProcess)
    NMI_Handler                              0x08003ebd   Thumb Code     2  stm32f4xx_it.o(i.NMI_Handler)
    NVIC_Init                                0x08003ec1   Thumb Code   106  misc.o(i.NVIC_Init)
    NVIC_PriorityGroupConfig                 0x08003f39   Thumb Code    10  misc.o(i.NVIC_PriorityGroupConfig)
    PID_Load                                 0x08003f4d   Thumb Code   338  app.o(i.PID_Load)
    ParamInit                                0x080040d5   Thumb Code   116  app.o(i.ParamInit)
    PrintTaskInfomation                      0x0800418d   Thumb Code   102  app.o(i.PrintTaskInfomation)
    Process3508Data                          0x08004339   Thumb Code    44  can.o(i.Process3508Data)
    Process6623Data                          0x08004365   Thumb Code    90  can.o(i.Process6623Data)
    ProcessGimbalexp                         0x080043c9   Thumb Code   126  app.o(i.ProcessGimbalexp)
    ProcessRC                                0x08004451   Thumb Code   232  usart1.o(i.ProcessRC)
    RCC_AHB1PeriphClockCmd                   0x08004545   Thumb Code    26  stm32f4xx_rcc.o(i.RCC_AHB1PeriphClockCmd)
    RCC_APB1PeriphClockCmd                   0x08004565   Thumb Code    26  stm32f4xx_rcc.o(i.RCC_APB1PeriphClockCmd)
    RCC_APB1PeriphResetCmd                   0x08004585   Thumb Code    26  stm32f4xx_rcc.o(i.RCC_APB1PeriphResetCmd)
    RCC_APB2PeriphClockCmd                   0x080045a5   Thumb Code    26  stm32f4xx_rcc.o(i.RCC_APB2PeriphClockCmd)
    RCC_APB2PeriphResetCmd                   0x080045c5   Thumb Code    26  stm32f4xx_rcc.o(i.RCC_APB2PeriphResetCmd)
    RCC_GetClocksFreq                        0x080045e5   Thumb Code   214  stm32f4xx_rcc.o(i.RCC_GetClocksFreq)
    REFERENCE_task                           0x080046cd   Thumb Code    32  reference_task.o(i.REFERENCE_task)
    Rc_Init                                  0x080046f1   Thumb Code    16  usart1.o(i.Rc_Init)
    RecordGimbalZeroPosition                 0x08004705   Thumb Code    50  app.o(i.RecordGimbalZeroPosition)
    RefreshKeyValu                           0x08004741   Thumb Code   146  usart1.o(i.RefreshKeyValu)
    SHOOT_task                               0x080047e9   Thumb Code    28  shoot_task.o(i.SHOOT_task)
    STAT_JUDGE_task                          0x08004805   Thumb Code    52  stat_judge_task.o(i.STAT_JUDGE_task)
    SetLED                                   0x08004839   Thumb Code    90  led.o(i.SetLED)
    Set_CM_Speed                             0x08004989   Thumb Code    94  can.o(i.Set_CM_Speed)
    Set_Gimbal_Current                       0x080049ed   Thumb Code    84  can.o(i.Set_Gimbal_Current)
    ShootControl                             0x08004a45   Thumb Code    34  stat_judge_task.o(i.ShootControl)
    SysTick_CLKSourceConfig                  0x08004a6d   Thumb Code    40  misc.o(i.SysTick_CLKSourceConfig)
    SysTick_Handler                          0x08004a95   Thumb Code    16  delay.o(i.SysTick_Handler)
    SystemInit                               0x08004aa5   Thumb Code    88  system_stm32f4xx.o(i.SystemInit)
    TIM3_Init                                0x08004b0d   Thumb Code   166  timer3.o(i.TIM3_Init)
    TIM_ARRPreloadConfig                     0x08004bbd   Thumb Code    24  stm32f4xx_tim.o(i.TIM_ARRPreloadConfig)
    TIM_Cmd                                  0x08004bd5   Thumb Code    24  stm32f4xx_tim.o(i.TIM_Cmd)
    TIM_OC1Init                              0x08004bed   Thumb Code   114  stm32f4xx_tim.o(i.TIM_OC1Init)
    TIM_OC1PreloadConfig                     0x08004c69   Thumb Code    18  stm32f4xx_tim.o(i.TIM_OC1PreloadConfig)
    TIM_OC2Init                              0x08004c7d   Thumb Code   154  stm32f4xx_tim.o(i.TIM_OC2Init)
    TIM_OC2PreloadConfig                     0x08004d21   Thumb Code    26  stm32f4xx_tim.o(i.TIM_OC2PreloadConfig)
    TIM_SetCompare1                          0x08004d3b   Thumb Code     4  stm32f4xx_tim.o(i.TIM_SetCompare1)
    TIM_SetCompare2                          0x08004d3f   Thumb Code     4  stm32f4xx_tim.o(i.TIM_SetCompare2)
    TIM_TimeBaseInit                         0x08004d45   Thumb Code   104  stm32f4xx_tim.o(i.TIM_TimeBaseInit)
    TopToBottomDataPPrcess                   0x08004dc9   Thumb Code  1080  io_task.o(i.TopToBottomDataPPrcess)
    UART4_IRQHandler                         0x08005201   Thumb Code   148  usart4.o(i.UART4_IRQHandler)
    UART5_IRQHandler                         0x080052a5   Thumb Code   166  usart5.o(i.UART5_IRQHandler)
    USART1_Configuration                     0x08005361   Thumb Code   310  usart1.o(i.USART1_Configuration)
    USART1_IRQHandler                        0x080054ad   Thumb Code   150  usart1.o(i.USART1_IRQHandler)
    USART2_IRQHandler                        0x08005555   Thumb Code   158  usart2.o(i.USART2_IRQHandler)
    USART3_Configuration                     0x08005605   Thumb Code   420  usart3.o(i.USART3_Configuration)
    USART3_IRQHandler                        0x080057bd   Thumb Code   170  usart3.o(i.USART3_IRQHandler)
    USART3_MYDMA_Enable                      0x08005879   Thumb Code    90  usart3.o(i.USART3_MYDMA_Enable)
    USART4_Configuration                     0x080058e1   Thumb Code   298  usart4.o(i.USART4_Configuration)
    USART5_Configuration                     0x08005a1d   Thumb Code   360  usart5.o(i.USART5_Configuration)
    USART5_FIFO_Init                         0x08005b9d   Thumb Code    40  reference_task.o(i.USART5_FIFO_Init)
    USART6_Configuration                     0x08005bd1   Thumb Code   340  usart6.o(i.USART6_Configuration)
    USART6_IRQHandler                        0x08005d35   Thumb Code   160  usart6.o(i.USART6_IRQHandler)
    USART_Cmd                                0x08005de5   Thumb Code    24  stm32f4xx_usart.o(i.USART_Cmd)
    USART_DMACmd                             0x08005dfd   Thumb Code    18  stm32f4xx_usart.o(i.USART_DMACmd)
    USART_DeInit                             0x08005e11   Thumb Code   206  stm32f4xx_usart.o(i.USART_DeInit)
    USART_GetITStatus                        0x08005f01   Thumb Code    84  stm32f4xx_usart.o(i.USART_GetITStatus)
    USART_ITConfig                           0x08005f55   Thumb Code    74  stm32f4xx_usart.o(i.USART_ITConfig)
    USART_Init                               0x08005fa1   Thumb Code   204  stm32f4xx_usart.o(i.USART_Init)
    USART_ReceiveData                        0x08006075   Thumb Code    10  stm32f4xx_usart.o(i.USART_ReceiveData)
    USART_StructInit                         0x0800607f   Thumb Code    24  stm32f4xx_usart.o(i.USART_StructInit)
    Upload_task                              0x08006099   Thumb Code  1782  io_task.o(i.Upload_task)
    UsageFault_Handler                       0x080067a5   Thumb Code     4  stm32f4xx_it.o(i.UsageFault_Handler)
    Verify_CRC16_Check_Sum                   0x080067a9   Thumb Code    60  io_task.o(i.Verify_CRC16_Check_Sum)
    Verify_CRC8_Check_Sum                    0x080067e5   Thumb Code    48  io_task.o(i.Verify_CRC8_Check_Sum)
    YellowLED                                0x08006819   Thumb Code    10  aux_task.o(i.YellowLED)
    __0printf$5                              0x08006829   Thumb Code    22  printf5.o(i.__0printf$5)
    __1printf$5                              0x08006829   Thumb Code     0  printf5.o(i.__0printf$5)
    __2printf                                0x08006829   Thumb Code     0  printf5.o(i.__0printf$5)
    __scatterload_copy                       0x08006849   Thumb Code    14  handlers.o(i.__scatterload_copy)
    __scatterload_null                       0x08006857   Thumb Code     2  handlers.o(i.__scatterload_null)
    __scatterload_zeroinit                   0x08006859   Thumb Code    14  handlers.o(i.__scatterload_zeroinit)
    data_pack_handle                         0x08006b51   Thumb Code    74  io_task.o(i.data_pack_handle)
    delay_init                               0x08006ba1   Thumb Code    58  delay.o(i.delay_init)
    delay_ms                                 0x08006be5   Thumb Code    60  delay.o(i.delay_ms)
    delay_us                                 0x08006c25   Thumb Code    68  delay.o(i.delay_us)
    eTaskGetState                            0x08006c6d   Thumb Code   102  tasks.o(i.eTaskGetState)
    first_order_filter_cali                  0x08006d0d   Thumb Code    94  user_lib.o(i.first_order_filter_cali)
    first_order_filter_init                  0x08006d6d   Thumb Code    34  user_lib.o(i.first_order_filter_init)
    fp32_constrain                           0x08006d95   Thumb Code    42  user_lib.o(i.fp32_constrain)
    fputc                                    0x08006dc1   Thumb Code    28  usart.o(i.fputc)
    free                                     0x08006de5   Thumb Code    76  malloc.o(i.free)
    get_crc16_check_sum                      0x08006e59   Thumb Code    46  reference_task.o(i.get_crc16_check_sum)
    get_crc8_check_sum                       0x08006e8d   Thumb Code    32  reference_task.o(i.get_crc8_check_sum)
    judgement_data_handler                   0x08006eb1   Thumb Code   162  reference_task.o(i.judgement_data_handler)
    main                                     0x08006f59   Thumb Code    38  main.o(i.main)
    malloc                                   0x08006f95   Thumb Code    92  malloc.o(i.malloc)
    pvPortMalloc                             0x08007bb5   Thumb Code   262  heap_4.o(i.pvPortMalloc)
    pvTaskIncrementMutexHeldCount            0x08007d09   Thumb Code    26  tasks.o(i.pvTaskIncrementMutexHeldCount)
    pxPortInitialiseStack                    0x08007d29   Thumb Code    38  port.o(i.pxPortInitialiseStack)
    start_task                               0x08007d5d   Thumb Code   220  main.o(i.start_task)
    transe_angle                             0x08007f25   Thumb Code    40  can.o(i.transe_angle)
    unpack_fifo_data                         0x08007f4d   Thumb Code   344  reference_task.o(i.unpack_fifo_data)
    uxListRemove                             0x080080a5   Thumb Code    40  list.o(i.uxListRemove)
    vApplicationIdleHook                     0x080080cd   Thumb Code    32  main.o(i.vApplicationIdleHook)
    vListInitialise                          0x080080f5   Thumb Code    26  list.o(i.vListInitialise)
    vListInitialiseItem                      0x0800810f   Thumb Code     6  list.o(i.vListInitialiseItem)
    vListInsert                              0x08008115   Thumb Code    52  list.o(i.vListInsert)
    vListInsertEnd                           0x08008149   Thumb Code    24  list.o(i.vListInsertEnd)
    vPortEnterCritical                       0x08008161   Thumb Code    68  port.o(i.vPortEnterCritical)
    vPortExitCritical                        0x080081e9   Thumb Code    48  port.o(i.vPortExitCritical)
    vPortFree                                0x08008259   Thumb Code   120  heap_4.o(i.vPortFree)
    vPortSetupTimerInterrupt                 0x08008311   Thumb Code    26  port.o(i.vPortSetupTimerInterrupt)
    vPortValidateInterruptPriority           0x08008331   Thumb Code    86  port.o(i.vPortValidateInterruptPriority)
    vQueueAddToRegistry                      0x080083d1   Thumb Code    38  queue.o(i.vQueueAddToRegistry)
    vQueueWaitForMessageRestricted           0x080083fd   Thumb Code    74  queue.o(i.vQueueWaitForMessageRestricted)
    vTaskDelay                               0x08008449   Thumb Code    72  tasks.o(i.vTaskDelay)
    vTaskDelayUntil                          0x080084bd   Thumb Code   170  tasks.o(i.vTaskDelayUntil)
    vTaskDelete                              0x08008599   Thumb Code   192  tasks.o(i.vTaskDelete)
    vTaskGetInfo                             0x080086a5   Thumb Code   114  tasks.o(i.vTaskGetInfo)
    vTaskMissedYield                         0x0800871d   Thumb Code     8  tasks.o(i.vTaskMissedYield)
    vTaskPlaceOnEventList                    0x08008729   Thumb Code    42  tasks.o(i.vTaskPlaceOnEventList)
    vTaskPlaceOnEventListRestricted          0x0800877d   Thumb Code    50  tasks.o(i.vTaskPlaceOnEventListRestricted)
    vTaskPriorityInherit                     0x080087d9   Thumb Code   164  tasks.o(i.vTaskPriorityInherit)
    vTaskSetTimeOutState                     0x08008889   Thumb Code    32  tasks.o(i.vTaskSetTimeOutState)
    vTaskStartScheduler                      0x080088d5   Thumb Code   108  tasks.o(i.vTaskStartScheduler)
    vTaskSuspendAll                          0x08008981   Thumb Code    12  tasks.o(i.vTaskSuspendAll)
    vTaskSwitchContext                       0x08008991   Thumb Code   110  tasks.o(i.vTaskSwitchContext)
    verify_crc16_check_sum                   0x08008a39   Thumb Code    60  reference_task.o(i.verify_crc16_check_sum)
    verify_crc8_check_sum                    0x08008a79   Thumb Code    48  reference_task.o(i.verify_crc8_check_sum)
    xPortGetFreeHeapSize                     0x08008ad1   Thumb Code     6  heap_4.o(i.xPortGetFreeHeapSize)
    xPortStartScheduler                      0x08008add   Thumb Code   258  port.o(i.xPortStartScheduler)
    xPortSysTickHandler                      0x08008c39   Thumb Code    46  port.o(i.xPortSysTickHandler)
    xQueueGenericCreate                      0x08008c6d   Thumb Code    78  queue.o(i.xQueueGenericCreate)
    xQueueGenericReceive                     0x08008ce1   Thumb Code   416  queue.o(i.xQueueGenericReceive)
    xQueueGenericReset                       0x08008ea9   Thumb Code   136  queue.o(i.xQueueGenericReset)
    xQueueGenericSend                        0x08008f59   Thumb Code   412  queue.o(i.xQueueGenericSend)
    xQueueGenericSendFromISR                 0x0800911d   Thumb Code   234  queue.o(i.xQueueGenericSendFromISR)
    xTaskCheckForTimeOut                     0x0800922d   Thumb Code   116  tasks.o(i.xTaskCheckForTimeOut)
    xTaskCreate                              0x080092cd   Thumb Code    96  tasks.o(i.xTaskCreate)
    xTaskGetHandle                           0x0800932d   Thumb Code   132  tasks.o(i.xTaskGetHandle)
    xTaskGetSchedulerState                   0x080093e9   Thumb Code    24  tasks.o(i.xTaskGetSchedulerState)
    xTaskGetTickCount                        0x08009409   Thumb Code     6  tasks.o(i.xTaskGetTickCount)
    xTaskIncrementTick                       0x08009415   Thumb Code   272  tasks.o(i.xTaskIncrementTick)
    xTaskPriorityDisinherit                  0x08009575   Thumb Code   168  tasks.o(i.xTaskPriorityDisinherit)
    xTaskRemoveFromEventList                 0x0800964d   Thumb Code   118  tasks.o(i.xTaskRemoveFromEventList)
    xTaskResumeAll                           0x08009701   Thumb Code   214  tasks.o(i.xTaskResumeAll)
    xTimerCreateTimerTask                    0x08009821   Thumb Code    56  timers.o(i.xTimerCreateTimerTask)
    xTimerGenericCommand                     0x08009895   Thumb Code   118  timers.o(i.xTimerGenericCommand)
    CRC8_INIT                                0x08009938   Data           1  reference_task.o(.constdata)
    CRC8_TAB                                 0x08009939   Data         256  reference_task.o(.constdata)
    wCRC_Table                               0x08009a3a   Data         512  reference_task.o(.constdata)
    Region$$Table$$Base                      0x08009c3c   Number         0  anon$$obj.o(Region$$Table)
    Region$$Table$$Limit                     0x08009c5c   Number         0  anon$$obj.o(Region$$Table)
    StartTask_Handler                        0x20000000   Data           4  main.o(.data)
    STAT_JUDGETask_Handler                   0x20000004   Data           4  main.o(.data)
    CHASISTask_Handler                       0x20000008   Data           4  main.o(.data)
    GIMBALTask_Handler                       0x2000000c   Data           4  main.o(.data)
    CONCLUDETask_Handler                     0x20000010   Data           4  main.o(.data)
    AUXTask_Handler                          0x20000014   Data           4  main.o(.data)
    UploadTask_Handler                       0x20000018   Data           4  main.o(.data)
    CONFIG_PARAM_Task_Handler                0x2000001c   Data           4  main.o(.data)
    REFERENCE_Task_Handler                   0x20000020   Data           4  main.o(.data)
    SHOOT_Task_Handler                       0x20000024   Data           4  main.o(.data)
    config_param_xSemaphore                  0x20000030   Data           4  config_param_task.o(.data)
    system_stat                              0x20000038   Data           1  stat_judge_task.o(.data)
    chasis_follow_stat                       0x20000039   Data           1  stat_judge_task.o(.data)
    gimabal_main_stat                        0x2000003a   Data           1  stat_judge_task.o(.data)
    gimabal_aux_mode                         0x2000003b   Data           1  stat_judge_task.o(.data)
    chasis_motor_stat                        0x2000003c   Data           1  stat_judge_task.o(.data)
    control_mode                             0x2000003d   Data           1  stat_judge_task.o(.data)
    shoot_mode                               0x2000003e   Data           1  stat_judge_task.o(.data)
    fricmotor_stat                           0x2000003f   Data           1  stat_judge_task.o(.data)
    last_back_time                           0x20000040   Data           4  stat_judge_task.o(.data)
    CRC_INIT                                 0x2000004e   Data           2  reference_task.o(.data)
    shoot                                    0x20000050   Data           8  shoot_task.o(.data)
    chasis_follow_ecd_exp                    0x20000058   Data           4  chasis_task.o(.data)
    yellow_led_count                         0x2000005c   Data           1  aux_task.o(.data)
    blue_led_count                           0x2000005d   Data           1  aux_task.o(.data)
    red_led_count                            0x2000005e   Data           1  aux_task.o(.data)
    green_led_count                          0x2000005f   Data           1  aux_task.o(.data)
    Upload_Enable_count                      0x20000060   Data           1  io_task.o(.data)
    app_param_calied_flag                    0x20000061   Data           1  io_task.o(.data)
    data_save_flag                           0x20000062   Data           1  io_task.o(.data)
    beep_valu                                0x20000068   Data           4  beep.o(.data)
    RC_DataQueue                             0x20000070   Data           4  usart1.o(.data)
    __stdout                                 0x20000090   Data           4  usart.o(.data)
    printf_buff_len                          0x20000094   Data           2  usart.o(.data)
    SystemCoreClock                          0x20000098   Data           4  system_stm32f4xx.o(.data)
    AHBPrescTable                            0x2000009c   Data          16  system_stm32f4xx.o(.data)
    pxCurrentTCB                             0x200000ac   Data           4  tasks.o(.data)
    __microlib_freelist                      0x20000120   Data           4  mvars.o(.data)
    __microlib_freelist_initialised          0x20000124   Data           4  mvars.o(.data)
    extend_angle                             0x20000128   Data          24  app.o(.bss)
    slef_check_count                         0x20000140   Data          40  detection_task.o(.bss)
    cm_motor                                 0x20000168   Data          36  conclude_task.o(.bss)
    judge_rece_mesg                          0x2000018c   Data          56  reference_task.o(.bss)
    Client_Show_Data                         0x200001c4   Data          13  reference_task.o(.bss)
    judge_unpack_obj                         0x200001d4   Data         216  reference_task.o(.bss)
    rference_fifo_buff                       0x200002ac   Data        1024  reference_task.o(.bss)
    REFERENCE_FIFO                           0x200006ac   Data          24  reference_task.o(.bss)
    pitchdata                                0x200006c4   Data          12  gimbal_task.o(.bss)
    yawdata                                  0x200006d0   Data          12  gimbal_task.o(.bss)
    chasis_expspeed                          0x200006dc   Data          12  chasis_task.o(.bss)
    key_expspeed                             0x200006e8   Data          12  chasis_task.o(.bss)
    TopToBottomData                          0x200006f4   Data         122  io_task.o(.bss)
    UploadData                               0x2000076e   Data         268  io_task.o(.bss)
    chasis_motor                             0x2000087c   Data          40  can.o(.bss)
    gimbal_motor                             0x200008a4   Data          80  can.o(.bss)
    flash_save_data_access                   0x200008f4   Data         155  flash.o(.bss)
    flash_save_data_temp                     0x2000098f   Data         155  flash.o(.bss)
    chasis_motor1_pid_v                      0x20000a2a   Data          80  pid.o(.bss)
    chasis_motor2_pid_v                      0x20000a7a   Data          80  pid.o(.bss)
    chasis_motor3_pid_v                      0x20000aca   Data          80  pid.o(.bss)
    chasis_motor4_pid_v                      0x20000b1a   Data          80  pid.o(.bss)
    gimbal_pitch_pid_v                       0x20000b6a   Data          80  pid.o(.bss)
    gimbal_pitch_pid_p                       0x20000bba   Data          80  pid.o(.bss)
    gimbal_yaw_pid_v                         0x20000c0a   Data          80  pid.o(.bss)
    gimbal_yaw_pid_p                         0x20000c5a   Data          80  pid.o(.bss)
    gimbal_back_yaw_pid_p                    0x20000caa   Data          80  pid.o(.bss)
    chasis_follow_pid_p                      0x20000cfa   Data          80  pid.o(.bss)
    gimbal_yaw_slef_aim_pid                  0x20000d4a   Data          80  pid.o(.bss)
    gimbal_pitch_slef_aim_pid                0x20000d9a   Data          80  pid.o(.bss)
    chasis_motor_power_pid                   0x20000dea   Data          80  pid.o(.bss)
    _USART1_DMA_RX_BUF                       0x20000e3c   Data          90  usart1.o(.bss)
    cal_ch                                   0x20000e98   Data          16  usart1.o(.bss)
    last_key_valu                            0x20000ea8   Data          24  usart1.o(.bss)
    this_key_valu                            0x20000ec0   Data          24  usart1.o(.bss)
    RC_Ctl                                   0x20000ed8   Data          20  usart1.o(.bss)
    key_boad                                 0x20000eec   Data          16  usart1.o(.bss)
    _USART3_DMA_TX_BUF                       0x20000ffc   Data         256  usart3.o(.bss)
    manifold                                 0x20001260   Data          48  usart4.o(.bss)
    packed_6050                              0x20001490   Data          16  usart6.o(.bss)
    gesture_sensor_Gx                        0x200014a0   Data          16  user_lib.o(.bss)
    chassis_slow_set_vx                      0x200014b0   Data          16  user_lib.o(.bss)
    chassis_slow_set_vy                      0x200014c0   Data          16  user_lib.o(.bss)
    chassis_follow_QE                        0x200014d0   Data          16  user_lib.o(.bss)
    chasis_power_control                     0x200014e0   Data          16  user_lib.o(.bss)
    imu_data_access                          0x200014f0   Data          46  user_lib.o(.bss)
    imu_data_temp                            0x2000151e   Data          46  user_lib.o(.bss)
    printf_buff                              0x2000154c   Data         256  usart.o(.bss)
    xQueueRegistry                           0x2000164c   Data          64  queue.o(.bss)
    __heap_base                              0x20006998   Data           0  startup_stm32f40_41xxx.o(HEAP)
    __heap_limit                             0x20006b98   Data           0  startup_stm32f40_41xxx.o(HEAP)
    __initial_sp                             0x20006f98   Data           0  startup_stm32f40_41xxx.o(STACK)



==============================================================================

Memory Map of the image

  Image Entry point : 0x08000189

  Load Region LR_IROM1 (Base: 0x08000000, Size: 0x00009d84, Max: 0x00100000, ABSOLUTE)

    Execution Region ER_IROM1 (Exec base: 0x08000000, Load base: 0x08000000, Size: 0x00009c5c, Max: 0x00100000, ABSOLUTE)

    Exec Addr    Load Addr    Size         Type   Attr      Idx    E Section Name        Object

    0x08000000   0x08000000   0x00000188   Data   RO         3830    RESET               startup_stm32f40_41xxx.o
    0x08000188   0x08000188   0x00000000   Code   RO         5043  * .ARM.Collect$$$$00000000  mc_w.l(entry.o)
    0x08000188   0x08000188   0x00000004   Code   RO         5357    .ARM.Collect$$$$00000001  mc_w.l(entry2.o)
    0x0800018c   0x0800018c   0x00000004   Code   RO         5360    .ARM.Collect$$$$00000004  mc_w.l(entry5.o)
    0x08000190   0x08000190   0x00000000   Code   RO         5362    .ARM.Collect$$$$00000008  mc_w.l(entry7b.o)
    0x08000190   0x08000190   0x00000000   Code   RO         5364    .ARM.Collect$$$$0000000A  mc_w.l(entry8b.o)
    0x08000190   0x08000190   0x00000008   Code   RO         5365    .ARM.Collect$$$$0000000B  mc_w.l(entry9a.o)
    0x08000198   0x08000198   0x00000000   Code   RO         5367    .ARM.Collect$$$$0000000D  mc_w.l(entry10a.o)
    0x08000198   0x08000198   0x00000000   Code   RO         5369    .ARM.Collect$$$$0000000F  mc_w.l(entry11a.o)
    0x08000198   0x08000198   0x00000004   Code   RO         5358    .ARM.Collect$$$$00002712  mc_w.l(entry2.o)
    0x0800019c   0x0800019c   0x000000b6   Code   RO         4779    .emb_text           port.o
    0x08000252   0x08000252   0x00000002   PAD
    0x08000254   0x08000254   0x00000024   Code   RO         3831    .text               startup_stm32f40_41xxx.o
    0x08000278   0x08000278   0x000005a4   Code   RO         4921    .text               RMLib.lib(fifo.o)
    0x0800081c   0x0800081c   0x00000120   Code   RO         5013    .text               RMLib.lib(pid_regulator.o)
    0x0800093c   0x0800093c   0x00000024   Code   RO         5046    .text               mc_w.l(memcpya.o)
    0x08000960   0x08000960   0x00000024   Code   RO         5048    .text               mc_w.l(memseta.o)
    0x08000984   0x08000984   0x0000000e   Code   RO         5050    .text               mc_w.l(strlen.o)
    0x08000992   0x08000992   0x0000014e   Code   RO         5345    .text               mf_w.l(dadd.o)
    0x08000ae0   0x08000ae0   0x000000e4   Code   RO         5347    .text               mf_w.l(dmul.o)
    0x08000bc4   0x08000bc4   0x00000022   Code   RO         5349    .text               mf_w.l(dflti.o)
    0x08000be6   0x08000be6   0x00000026   Code   RO         5351    .text               mf_w.l(f2d.o)
    0x08000c0c   0x08000c0c   0x00000038   Code   RO         5355    .text               mf_w.l(d2f.o)
    0x08000c44   0x08000c44   0x00000062   Code   RO         5373    .text               mc_w.l(uldiv.o)
    0x08000ca6   0x08000ca6   0x0000001e   Code   RO         5375    .text               mc_w.l(llshl.o)
    0x08000cc4   0x08000cc4   0x00000024   Code   RO         5377    .text               mc_w.l(llsshr.o)
    0x08000ce8   0x08000ce8   0x00000000   Code   RO         5381    .text               mc_w.l(iusefp.o)
    0x08000ce8   0x08000ce8   0x0000006e   Code   RO         5382    .text               mf_w.l(fepilogue.o)
    0x08000d56   0x08000d56   0x000000ba   Code   RO         5384    .text               mf_w.l(depilogue.o)
    0x08000e10   0x08000e10   0x00000024   Code   RO         5390    .text               mc_w.l(init.o)
    0x08000e34   0x08000e34   0x00000020   Code   RO         5392    .text               mc_w.l(llushr.o)
    0x08000e54   0x08000e54   0x0000004a   Code   RO          883    i.AUX_task          aux_task.o
    0x08000e9e   0x08000e9e   0x0000002c   Code   RO          939    i.Append_CRC16_Check_Sum  io_task.o
    0x08000eca   0x08000eca   0x00000002   PAD
    0x08000ecc   0x08000ecc   0x0000002c   Code   RO          940    i.Append_CRC8_Check_Sum  io_task.o
    0x08000ef8   0x08000ef8   0x00000040   Code   RO         1022    i.BEEP_Init         beep.o
    0x08000f38   0x08000f38   0x00000030   Code   RO         1023    i.BeepAlam          beep.o
    0x08000f68   0x08000f68   0x0000000c   Code   RO         1025    i.BeepON            beep.o
    0x08000f74   0x08000f74   0x0000005c   Code   RO          314    i.BspInit           app.o
    0x08000fd0   0x08000fd0   0x00000004   Code   RO         3740    i.BusFault_Handler  stm32f4xx_it.o
    0x08000fd4   0x08000fd4   0x00000114   Code   RO         1063    i.CAN1_Configuration  can.o
    0x080010e8   0x080010e8   0x000000dc   Code   RO         1064    i.CAN1_RX0_IRQHandler  can.o
    0x080011c4   0x080011c4   0x0000001c   Code   RO         1065    i.CAN1_TX_IRQHandler  can.o
    0x080011e0   0x080011e0   0x00000028   Code   RO         1067    i.CAN2_RX0_IRQHandler  can.o
    0x08001208   0x08001208   0x0000001c   Code   RO         1068    i.CAN2_TX_IRQHandler  can.o
    0x08001224   0x08001224   0x000000a8   Code   RO         1852    i.CAN_ClearITPendingBit  stm32f4xx_can.o
    0x080012cc   0x080012cc   0x00000038   Code   RO         1854    i.CAN_DeInit        stm32f4xx_can.o
    0x08001304   0x08001304   0x00000108   Code   RO         1856    i.CAN_FilterInit    stm32f4xx_can.o
    0x0800140c   0x0800140c   0x00000120   Code   RO         1858    i.CAN_GetITStatus   stm32f4xx_can.o
    0x0800152c   0x0800152c   0x00000012   Code   RO         1862    i.CAN_ITConfig      stm32f4xx_can.o
    0x0800153e   0x0800153e   0x00000114   Code   RO         1863    i.CAN_Init          stm32f4xx_can.o
    0x08001652   0x08001652   0x000000f0   Code   RO         1866    i.CAN_Receive       stm32f4xx_can.o
    0x08001742   0x08001742   0x00000020   Code   RO         1869    i.CAN_StructInit    stm32f4xx_can.o
    0x08001762   0x08001762   0x00000126   Code   RO         1871    i.CAN_Transmit      stm32f4xx_can.o
    0x08001888   0x08001888   0x00000064   Code   RO          838    i.CHASIS_task       chasis_task.o
    0x080018ec   0x080018ec   0x00000028   Code   RO          582    i.CONCLUDE_task     conclude_task.o
    0x08001914   0x08001914   0x0000005c   Code   RO          421    i.CONFIG_PARAM_Task  config_param_task.o
    0x08001970   0x08001970   0x000001f4   Code   RO          583    i.CalChasisAndSend  conclude_task.o
    0x08001b64   0x08001b64   0x00000024   Code   RO          315    i.ChangeNowPitchAngleToExpangle  app.o
    0x08001b88   0x08001b88   0x00000018   Code   RO          316    i.ChangeNowYawAngleToExpangle  app.o
    0x08001ba0   0x08001ba0   0x0000014c   Code   RO          839    i.ChasisControl     chasis_task.o
    0x08001cec   0x08001cec   0x00000110   Code   RO          840    i.ChasisRoteCal     chasis_task.o
    0x08001dfc   0x08001dfc   0x00000012   Code   RO         1874    i.CheckITStatus     stm32f4xx_can.o
    0x08001e0e   0x08001e0e   0x00000002   PAD
    0x08001e10   0x08001e10   0x00000078   Code   RO          740    i.CheckUpFinishi    gimbal_task.o
    0x08001e88   0x08001e88   0x00000078   Code   RO          741    i.CheckUpQuickBackFinishi  gimbal_task.o
    0x08001f00   0x08001f00   0x00000088   Code   RO          584    i.CurrentControl    conclude_task.o
    0x08001f88   0x08001f88   0x00000038   Code   RO         1337    i.DJI_PID_Cal       pid.o
    0x08001fc0   0x08001fc0   0x000000a0   Code   RO         1338    i.DJI_PID_Init      pid.o
    0x08002060   0x08002060   0x00000218   Code   RO         1339    i.DJI_PID_Param_Init  pid.o
    0x08002278   0x08002278   0x00000024   Code   RO         1627    i.DMA1_Stream0_IRQHandler  usart5.o
    0x0800229c   0x0800229c   0x00000034   Code   RO         2013    i.DMA_ClearFlag     stm32f4xx_dma.o
    0x080022d0   0x080022d0   0x00000016   Code   RO         2015    i.DMA_Cmd           stm32f4xx_dma.o
    0x080022e6   0x080022e6   0x00000002   PAD
    0x080022e8   0x080022e8   0x00000158   Code   RO         2016    i.DMA_DeInit        stm32f4xx_dma.o
    0x08002440   0x08002440   0x00000016   Code   RO         2017    i.DMA_DoubleBufferModeCmd  stm32f4xx_dma.o
    0x08002456   0x08002456   0x00000018   Code   RO         2018    i.DMA_DoubleBufferModeConfig  stm32f4xx_dma.o
    0x0800246e   0x0800246e   0x00000014   Code   RO         2020    i.DMA_GetCmdStatus  stm32f4xx_dma.o
    0x08002482   0x08002482   0x00000008   Code   RO         2021    i.DMA_GetCurrDataCounter  stm32f4xx_dma.o
    0x0800248a   0x0800248a   0x00000014   Code   RO         2022    i.DMA_GetCurrentMemoryTarget  stm32f4xx_dma.o
    0x0800249e   0x0800249e   0x00000002   PAD
    0x080024a0   0x080024a0   0x00000044   Code   RO         2024    i.DMA_GetFlagStatus  stm32f4xx_dma.o
    0x080024e4   0x080024e4   0x00000064   Code   RO         2025    i.DMA_GetITStatus   stm32f4xx_dma.o
    0x08002548   0x08002548   0x0000003a   Code   RO         2026    i.DMA_ITConfig      stm32f4xx_dma.o
    0x08002582   0x08002582   0x00000002   PAD
    0x08002584   0x08002584   0x00000058   Code   RO         2027    i.DMA_Init          stm32f4xx_dma.o
    0x080025dc   0x080025dc   0x00000004   Code   RO         2030    i.DMA_SetCurrDataCounter  stm32f4xx_dma.o
    0x080025e0   0x080025e0   0x00000022   Code   RO         2031    i.DMA_StructInit    stm32f4xx_dma.o
    0x08002602   0x08002602   0x00000028   Code   RO          941    i.DataVerify        io_task.o
    0x0800262a   0x0800262a   0x00000002   PAD
    0x0800262c   0x0800262c   0x000000d0   Code   RO         1161    i.Data_Read         flash.o
    0x080026fc   0x080026fc   0x00000048   Code   RO         1437    i.DeathAreaProcess  usart1.o
    0x08002744   0x08002744   0x00000002   Code   RO         3741    i.DebugMon_Handler  stm32f4xx_it.o
    0x08002746   0x08002746   0x00000002   PAD
    0x08002748   0x08002748   0x00000078   Code   RO          317    i.ExtendAngle       app.o
    0x080027c0   0x080027c0   0x0000000c   Code   RO         2141    i.FLASH_ClearFlag   stm32f4xx_flash.o
    0x080027cc   0x080027cc   0x00000088   Code   RO         2147    i.FLASH_EraseSector  stm32f4xx_flash.o
    0x08002854   0x08002854   0x00000054   Code   RO         2149    i.FLASH_GetStatus   stm32f4xx_flash.o
    0x080028a8   0x080028a8   0x00000014   Code   RO         2153    i.FLASH_Lock        stm32f4xx_flash.o
    0x080028bc   0x080028bc   0x0000004c   Code   RO         2174    i.FLASH_ProgramByte  stm32f4xx_flash.o
    0x08002908   0x08002908   0x00000024   Code   RO         2179    i.FLASH_Unlock      stm32f4xx_flash.o
    0x0800292c   0x0800292c   0x00000022   Code   RO         2180    i.FLASH_WaitForLastOperation  stm32f4xx_flash.o
    0x0800294e   0x0800294e   0x00000002   PAD
    0x08002950   0x08002950   0x0000001c   Code   RO         1239    i.FRICMOTOR_OFF     fricmotor.o
    0x0800296c   0x0800296c   0x0000001c   Code   RO         1240    i.FRICMOTOR_ON      fricmotor.o
    0x08002988   0x08002988   0x00000010   Code   RO         1399    i.FeedMotorOFF      timer3.o
    0x08002998   0x08002998   0x00000010   Code   RO         1400    i.FeedMotorON       timer3.o
    0x080029a8   0x080029a8   0x00000070   Code   RO          318    i.FirstFlashRead    app.o
    0x08002a18   0x08002a18   0x00000134   Code   RO          742    i.FirstGimbalBack   gimbal_task.o
    0x08002b4c   0x08002b4c   0x000000b4   Code   RO         1162    i.Flash_Data_Save   flash.o
    0x08002c00   0x08002c00   0x0000003e   Code   RO         1298    i.FlowLED           led.o
    0x08002c3e   0x08002c3e   0x00000002   PAD
    0x08002c40   0x08002c40   0x000000e8   Code   RO         1241    i.Fricmotor_Configuration  fricmotor.o
    0x08002d28   0x08002d28   0x00000038   Code   RO          743    i.GIMBAL_task       gimbal_task.o
    0x08002d60   0x08002d60   0x00000090   Code   RO         2396    i.GPIO_Init         stm32f4xx_gpio.o
    0x08002df0   0x08002df0   0x00000046   Code   RO         2397    i.GPIO_PinAFConfig  stm32f4xx_gpio.o
    0x08002e36   0x08002e36   0x00000012   Code   RO         2400    i.GPIO_ReadInputDataBit  stm32f4xx_gpio.o
    0x08002e48   0x08002e48   0x00000004   Code   RO         2403    i.GPIO_ResetBits    stm32f4xx_gpio.o
    0x08002e4c   0x08002e4c   0x00000004   Code   RO         2404    i.GPIO_SetBits      stm32f4xx_gpio.o
    0x08002e50   0x08002e50   0x00000012   Code   RO         2405    i.GPIO_StructInit   stm32f4xx_gpio.o
    0x08002e62   0x08002e62   0x00000034   Code   RO          319    i.GetMax            app.o
    0x08002e96   0x08002e96   0x00000002   PAD
    0x08002e98   0x08002e98   0x0000001c   Code   RO          320    i.GetSysTickCnt     app.o
    0x08002eb4   0x08002eb4   0x00000034   Code   RO          942    i.Get_CRC16_Check_Sum  io_task.o
    0x08002ee8   0x08002ee8   0x00000024   Code   RO          943    i.Get_CRC8_Check_Sum  io_task.o
    0x08002f0c   0x08002f0c   0x00000040   Code   RO          744    i.GimbalCtl         gimbal_task.o
    0x08002f4c   0x08002f4c   0x000002a0   Code   RO          745    i.GimbalNomalCtl    gimbal_task.o
    0x080031ec   0x080031ec   0x00000034   Code   RO          746    i.GimbalPitchAngleLimit  gimbal_task.o
    0x08003220   0x08003220   0x00000128   Code   RO          747    i.GimbalQuickBack   gimbal_task.o
    0x08003348   0x08003348   0x00000108   Code   RO          748    i.GimbalSlefaimCtl  gimbal_task.o
    0x08003450   0x08003450   0x00000004   Code   RO         3742    i.HardFault_Handler  stm32f4xx_it.o
    0x08003454   0x08003454   0x00000058   Code   RO          708    i.Judege_Shoot      shoot_task.o
    0x080034ac   0x080034ac   0x000000fc   Code   RO          458    i.JudgeCalibration  stat_judge_task.o
    0x080035a8   0x080035a8   0x00000048   Code   RO          459    i.JudgeChasisStat   stat_judge_task.o
    0x080035f0   0x080035f0   0x00000028   Code   RO          460    i.JudgeFricMotor    stat_judge_task.o
    0x08003618   0x08003618   0x00000064   Code   RO          461    i.JudgeGimabalStat  stat_judge_task.o
    0x0800367c   0x0800367c   0x000000a8   Code   RO          462    i.JudgeSystemStat   stat_judge_task.o
    0x08003724   0x08003724   0x00000100   Code   RO          463    i.KEYFunction       stat_judge_task.o
    0x08003824   0x08003824   0x00000030   Code   RO         1271    i.KEY_Init          key.o
    0x08003854   0x08003854   0x00000024   Code   RO          750    i.KeepPitchexp      gimbal_task.o
    0x08003878   0x08003878   0x00000102   Code   RO         1438    i.KeyBoardProcess   usart1.o
    0x0800397a   0x0800397a   0x00000002   PAD
    0x0800397c   0x0800397c   0x000000e0   Code   RO          886    i.LEDAlam           aux_task.o
    0x08003a5c   0x08003a5c   0x00000064   Code   RO         1299    i.LED_Configuration  led.o
    0x08003ac0   0x08003ac0   0x00000020   Code   RO         1300    i.LightingGreenLED  led.o
    0x08003ae0   0x08003ae0   0x00000040   Code   RO          751    i.LimitAngle        gimbal_task.o
    0x08003b20   0x08003b20   0x00000018   Code   RO         1163    i.Load_And_Save_Param  flash.o
    0x08003b38   0x08003b38   0x00000024   Code   RO          841    i.LockChasis        chasis_task.o
    0x08003b5c   0x08003b5c   0x000000cc   Code   RO         1588    i.ManifoldProcess   usart4.o
    0x08003c28   0x08003c28   0x00000004   Code   RO         3743    i.MemManage_Handler  stm32f4xx_it.o
    0x08003c2c   0x08003c2c   0x000000ec   Code   RO          464    i.MicroStepMotorControl  stat_judge_task.o
    0x08003d18   0x08003d18   0x00000050   Code   RO         1401    i.MicroStepMotor_Configuration  timer3.o
    0x08003d68   0x08003d68   0x000000a4   Code   RO          585    i.MotorSpeedAnalyze  conclude_task.o
    0x08003e0c   0x08003e0c   0x000000b0   Code   RO         1669    i.Mpu6000DataProcess  usart6.o
    0x08003ebc   0x08003ebc   0x00000002   Code   RO         3744    i.NMI_Handler       stm32f4xx_it.o
    0x08003ebe   0x08003ebe   0x00000002   PAD
    0x08003ec0   0x08003ec0   0x00000078   Code   RO         1806    i.NVIC_Init         misc.o
    0x08003f38   0x08003f38   0x00000014   Code   RO         1807    i.NVIC_PriorityGroupConfig  misc.o
    0x08003f4c   0x08003f4c   0x00000188   Code   RO          322    i.PID_Load          app.o
    0x080040d4   0x080040d4   0x000000b8   Code   RO          323    i.ParamInit         app.o
    0x0800418c   0x0800418c   0x000001ac   Code   RO          324    i.PrintTaskInfomation  app.o
    0x08004338   0x08004338   0x0000002c   Code   RO         1070    i.Process3508Data   can.o
    0x08004364   0x08004364   0x00000064   Code   RO         1071    i.Process6623Data   can.o
    0x080043c8   0x080043c8   0x00000088   Code   RO          325    i.ProcessGimbalexp  app.o
    0x08004450   0x08004450   0x000000f4   Code   RO         1439    i.ProcessRC         usart1.o
    0x08004544   0x08004544   0x00000020   Code   RO         2543    i.RCC_AHB1PeriphClockCmd  stm32f4xx_rcc.o
    0x08004564   0x08004564   0x00000020   Code   RO         2552    i.RCC_APB1PeriphClockCmd  stm32f4xx_rcc.o
    0x08004584   0x08004584   0x00000020   Code   RO         2554    i.RCC_APB1PeriphResetCmd  stm32f4xx_rcc.o
    0x080045a4   0x080045a4   0x00000020   Code   RO         2555    i.RCC_APB2PeriphClockCmd  stm32f4xx_rcc.o
    0x080045c4   0x080045c4   0x00000020   Code   RO         2557    i.RCC_APB2PeriphResetCmd  stm32f4xx_rcc.o
    0x080045e4   0x080045e4   0x000000e8   Code   RO         2564    i.RCC_GetClocksFreq  stm32f4xx_rcc.o
    0x080046cc   0x080046cc   0x00000024   Code   RO          626    i.REFERENCE_task    reference_task.o
    0x080046f0   0x080046f0   0x00000014   Code   RO         1440    i.Rc_Init           usart1.o
    0x08004704   0x08004704   0x0000003c   Code   RO          326    i.RecordGimbalZeroPosition  app.o
    0x08004740   0x08004740   0x000000a8   Code   RO         1441    i.RefreshKeyValu    usart1.o
    0x080047e8   0x080047e8   0x0000001c   Code   RO          709    i.SHOOT_task        shoot_task.o
    0x08004804   0x08004804   0x00000034   Code   RO          465    i.STAT_JUDGE_task   stat_judge_task.o
    0x08004838   0x08004838   0x00000064   Code   RO         1301    i.SetLED            led.o
    0x0800489c   0x0800489c   0x000000ec   Code   RO         3793    i.SetSysClock       system_stm32f4xx.o
    0x08004988   0x08004988   0x00000064   Code   RO         1072    i.Set_CM_Speed      can.o
    0x080049ec   0x080049ec   0x00000058   Code   RO         1074    i.Set_Gimbal_Current  can.o
    0x08004a44   0x08004a44   0x00000028   Code   RO          468    i.ShootControl      stat_judge_task.o
    0x08004a6c   0x08004a6c   0x00000028   Code   RO         1810    i.SysTick_CLKSourceConfig  misc.o
    0x08004a94   0x08004a94   0x00000010   Code   RO         3627    i.SysTick_Handler   delay.o
    0x08004aa4   0x08004aa4   0x00000068   Code   RO         3795    i.SystemInit        system_stm32f4xx.o
    0x08004b0c   0x08004b0c   0x000000b0   Code   RO         1402    i.TIM3_Init         timer3.o
    0x08004bbc   0x08004bbc   0x00000018   Code   RO         3069    i.TIM_ARRPreloadConfig  stm32f4xx_tim.o
    0x08004bd4   0x08004bd4   0x00000018   Code   RO         3081    i.TIM_Cmd           stm32f4xx_tim.o
    0x08004bec   0x08004bec   0x0000007c   Code   RO         3110    i.TIM_OC1Init       stm32f4xx_tim.o
    0x08004c68   0x08004c68   0x00000012   Code   RO         3113    i.TIM_OC1PreloadConfig  stm32f4xx_tim.o
    0x08004c7a   0x08004c7a   0x00000002   PAD
    0x08004c7c   0x08004c7c   0x000000a4   Code   RO         3115    i.TIM_OC2Init       stm32f4xx_tim.o
    0x08004d20   0x08004d20   0x0000001a   Code   RO         3118    i.TIM_OC2PreloadConfig  stm32f4xx_tim.o
    0x08004d3a   0x08004d3a   0x00000004   Code   RO         3143    i.TIM_SetCompare1   stm32f4xx_tim.o
    0x08004d3e   0x08004d3e   0x00000004   Code   RO         3144    i.TIM_SetCompare2   stm32f4xx_tim.o
    0x08004d42   0x08004d42   0x00000002   PAD
    0x08004d44   0x08004d44   0x00000084   Code   RO         3153    i.TIM_TimeBaseInit  stm32f4xx_tim.o
    0x08004dc8   0x08004dc8   0x00000438   Code   RO          944    i.TopToBottomDataPPrcess  io_task.o
    0x08005200   0x08005200   0x000000a4   Code   RO         1589    i.UART4_IRQHandler  usart4.o
    0x080052a4   0x080052a4   0x000000bc   Code   RO         1628    i.UART5_IRQHandler  usart5.o
    0x08005360   0x08005360   0x0000014c   Code   RO         1442    i.USART1_Configuration  usart1.o
    0x080054ac   0x080054ac   0x000000a8   Code   RO         1443    i.USART1_IRQHandler  usart1.o
    0x08005554   0x08005554   0x000000b0   Code   RO         1521    i.USART2_IRQHandler  usart2.o
    0x08005604   0x08005604   0x000001b8   Code   RO         1549    i.USART3_Configuration  usart3.o
    0x080057bc   0x080057bc   0x000000bc   Code   RO         1550    i.USART3_IRQHandler  usart3.o
    0x08005878   0x08005878   0x00000068   Code   RO         1551    i.USART3_MYDMA_Enable  usart3.o
    0x080058e0   0x080058e0   0x0000013c   Code   RO         1590    i.USART4_Configuration  usart4.o
    0x08005a1c   0x08005a1c   0x00000180   Code   RO         1629    i.USART5_Configuration  usart5.o
    0x08005b9c   0x08005b9c   0x00000034   Code   RO          627    i.USART5_FIFO_Init  reference_task.o
    0x08005bd0   0x08005bd0   0x00000164   Code   RO         1670    i.USART6_Configuration  usart6.o
    0x08005d34   0x08005d34   0x000000b0   Code   RO         1671    i.USART6_IRQHandler  usart6.o
    0x08005de4   0x08005de4   0x00000018   Code   RO         2881    i.USART_Cmd         stm32f4xx_usart.o
    0x08005dfc   0x08005dfc   0x00000012   Code   RO         2882    i.USART_DMACmd      stm32f4xx_usart.o
    0x08005e0e   0x08005e0e   0x00000002   PAD
    0x08005e10   0x08005e10   0x000000f0   Code   RO         2883    i.USART_DeInit      stm32f4xx_usart.o
    0x08005f00   0x08005f00   0x00000054   Code   RO         2885    i.USART_GetITStatus  stm32f4xx_usart.o
    0x08005f54   0x08005f54   0x0000004a   Code   RO         2887    i.USART_ITConfig    stm32f4xx_usart.o
    0x08005f9e   0x08005f9e   0x00000002   PAD
    0x08005fa0   0x08005fa0   0x000000d4   Code   RO         2888    i.USART_Init        stm32f4xx_usart.o
    0x08006074   0x08006074   0x0000000a   Code   RO         2895    i.USART_ReceiveData  stm32f4xx_usart.o
    0x0800607e   0x0800607e   0x00000018   Code   RO         2904    i.USART_StructInit  stm32f4xx_usart.o
    0x08006096   0x08006096   0x00000002   PAD
    0x08006098   0x08006098   0x0000070c   Code   RO          945    i.Upload_task       io_task.o
    0x080067a4   0x080067a4   0x00000004   Code   RO         3745    i.UsageFault_Handler  stm32f4xx_it.o
    0x080067a8   0x080067a8   0x0000003c   Code   RO          946    i.Verify_CRC16_Check_Sum  io_task.o
    0x080067e4   0x080067e4   0x00000034   Code   RO          947    i.Verify_CRC8_Check_Sum  io_task.o
    0x08006818   0x08006818   0x00000010   Code   RO          888    i.YellowLED         aux_task.o
    0x08006828   0x08006828   0x00000020   Code   RO         5189    i.__0printf$5       mc_w.l(printf5.o)
    0x08006848   0x08006848   0x0000000e   Code   RO         5396    i.__scatterload_copy  mc_w.l(handlers.o)
    0x08006856   0x08006856   0x00000002   Code   RO         5397    i.__scatterload_null  mc_w.l(handlers.o)
    0x08006858   0x08006858   0x0000000e   Code   RO         5398    i.__scatterload_zeroinit  mc_w.l(handlers.o)
    0x08006866   0x08006866   0x00000002   PAD
    0x08006868   0x08006868   0x000002c0   Code   RO         5196    i._printf_core      mc_w.l(printf5.o)
    0x08006b28   0x08006b28   0x00000028   Code   RO         1164    i.clear_flash       flash.o
    0x08006b50   0x08006b50   0x00000050   Code   RO          948    i.data_pack_handle  io_task.o
    0x08006ba0   0x08006ba0   0x00000044   Code   RO         3628    i.delay_init        delay.o
    0x08006be4   0x08006be4   0x00000040   Code   RO         3629    i.delay_ms          delay.o
    0x08006c24   0x08006c24   0x00000048   Code   RO         3630    i.delay_us          delay.o
    0x08006c6c   0x08006c6c   0x000000a0   Code   RO         4260    i.eTaskGetState     tasks.o
    0x08006d0c   0x08006d0c   0x0000005e   Code   RO         1709    i.first_order_filter_cali  user_lib.o
    0x08006d6a   0x08006d6a   0x00000002   PAD
    0x08006d6c   0x08006d6c   0x00000028   Code   RO         1710    i.first_order_filter_init  user_lib.o
    0x08006d94   0x08006d94   0x0000002a   Code   RO         1711    i.fp32_constrain    user_lib.o
    0x08006dbe   0x08006dbe   0x00000002   PAD
    0x08006dc0   0x08006dc0   0x00000024   Code   RO         3692    i.fputc             usart.o
    0x08006de4   0x08006de4   0x00000050   Code   RO         5317    i.free              mc_w.l(malloc.o)
    0x08006e34   0x08006e34   0x00000024   Code   RO         1165    i.get_act_page      flash.o
    0x08006e58   0x08006e58   0x00000034   Code   RO          630    i.get_crc16_check_sum  reference_task.o
    0x08006e8c   0x08006e8c   0x00000024   Code   RO          631    i.get_crc8_check_sum  reference_task.o
    0x08006eb0   0x08006eb0   0x000000a8   Code   RO          632    i.judgement_data_handler  reference_task.o
    0x08006f58   0x08006f58   0x0000003c   Code   RO            3    i.main              main.o
    0x08006f94   0x08006f94   0x0000006c   Code   RO         5318    i.malloc            mc_w.l(malloc.o)
    0x08007000   0x08007000   0x00000098   Code   RO         4262    i.prvAddCurrentTaskToDelayedList  tasks.o
    0x08007098   0x08007098   0x000000b8   Code   RO         4263    i.prvAddNewTaskToReadyList  tasks.o
    0x08007150   0x08007150   0x00000064   Code   RO         4641    i.prvCheckForValidListAndQueue  timers.o
    0x080071b4   0x080071b4   0x00000064   Code   RO         4264    i.prvCheckTasksWaitingTermination  tasks.o
    0x08007218   0x08007218   0x0000002a   Code   RO         4021    i.prvCopyDataFromQueue  queue.o
    0x08007242   0x08007242   0x0000007c   Code   RO         4022    i.prvCopyDataToQueue  queue.o
    0x080072be   0x080072be   0x00000012   Code   RO         4265    i.prvDeleteTCB      tasks.o
    0x080072d0   0x080072d0   0x00000028   Code   RO         4642    i.prvGetNextExpireTime  timers.o
    0x080072f8   0x080072f8   0x0000007c   Code   RO         4864    i.prvHeapInit       heap_4.o
    0x08007374   0x08007374   0x0000002c   Code   RO         4266    i.prvIdleTask       tasks.o
    0x080073a0   0x080073a0   0x0000002e   Code   RO         4024    i.prvInitialiseNewQueue  queue.o
    0x080073ce   0x080073ce   0x00000002   PAD
    0x080073d0   0x080073d0   0x000000d0   Code   RO         4267    i.prvInitialiseNewTask  tasks.o
    0x080074a0   0x080074a0   0x00000068   Code   RO         4268    i.prvInitialiseTaskLists  tasks.o
    0x08007508   0x08007508   0x00000068   Code   RO         4865    i.prvInsertBlockIntoFreeList  heap_4.o
    0x08007570   0x08007570   0x00000058   Code   RO         4644    i.prvInsertTimerInActiveList  timers.o
    0x080075c8   0x080075c8   0x0000001a   Code   RO         4025    i.prvIsQueueEmpty   queue.o
    0x080075e2   0x080075e2   0x0000001e   Code   RO         4026    i.prvIsQueueFull    queue.o
    0x08007600   0x08007600   0x000000a0   Code   RO         4027    i.prvNotifyQueueSetContainer  queue.o
    0x080076a0   0x080076a0   0x00000080   Code   RO         4645    i.prvProcessExpiredTimer  timers.o
    0x08007720   0x08007720   0x0000012c   Code   RO         4646    i.prvProcessReceivedCommands  timers.o
    0x0800784c   0x0800784c   0x00000074   Code   RO         4647    i.prvProcessTimerOrBlockTask  timers.o
    0x080078c0   0x080078c0   0x00000034   Code   RO         4270    i.prvResetNextTaskUnblockTime  tasks.o
    0x080078f4   0x080078f4   0x0000002c   Code   RO         4648    i.prvSampleTimeNow  timers.o
    0x08007920   0x08007920   0x0000009e   Code   RO         4271    i.prvSearchForNameWithinSingleList  tasks.o
    0x080079be   0x080079be   0x00000002   PAD
    0x080079c0   0x080079c0   0x000000bc   Code   RO         4649    i.prvSwitchTimerLists  timers.o
    0x08007a7c   0x08007a7c   0x00000016   Code   RO         4272    i.prvTaskCheckFreeStackSpace  tasks.o
    0x08007a92   0x08007a92   0x00000002   PAD
    0x08007a94   0x08007a94   0x00000074   Code   RO         4780    i.prvTaskExitError  port.o
    0x08007b08   0x08007b08   0x0000001a   Code   RO         4650    i.prvTimerTask      timers.o
    0x08007b22   0x08007b22   0x00000092   Code   RO         4028    i.prvUnlockQueue    queue.o
    0x08007bb4   0x08007bb4   0x00000154   Code   RO         4866    i.pvPortMalloc      heap_4.o
    0x08007d08   0x08007d08   0x00000020   Code   RO         4275    i.pvTaskIncrementMutexHeldCount  tasks.o
    0x08007d28   0x08007d28   0x0000002c   Code   RO         4781    i.pxPortInitialiseStack  port.o
    0x08007d54   0x08007d54   0x00000006   Code   RO         1166    i.read_byte         flash.o
    0x08007d5a   0x08007d5a   0x00000002   PAD
    0x08007d5c   0x08007d5c   0x000001c8   Code   RO            4    i.start_task        main.o
    0x08007f24   0x08007f24   0x00000028   Code   RO         1075    i.transe_angle      can.o
    0x08007f4c   0x08007f4c   0x00000158   Code   RO          633    i.unpack_fifo_data  reference_task.o
    0x080080a4   0x080080a4   0x00000028   Code   RO         3976    i.uxListRemove      list.o
    0x080080cc   0x080080cc   0x00000028   Code   RO            5    i.vApplicationIdleHook  main.o
    0x080080f4   0x080080f4   0x0000001a   Code   RO         3977    i.vListInitialise   list.o
    0x0800810e   0x0800810e   0x00000006   Code   RO         3978    i.vListInitialiseItem  list.o
    0x08008114   0x08008114   0x00000034   Code   RO         3979    i.vListInsert       list.o
    0x08008148   0x08008148   0x00000018   Code   RO         3980    i.vListInsertEnd    list.o
    0x08008160   0x08008160   0x00000088   Code   RO         4783    i.vPortEnterCritical  port.o
    0x080081e8   0x080081e8   0x00000070   Code   RO         4784    i.vPortExitCritical  port.o
    0x08008258   0x08008258   0x000000b8   Code   RO         4867    i.vPortFree         heap_4.o
    0x08008310   0x08008310   0x00000020   Code   RO         4785    i.vPortSetupTimerInterrupt  port.o
    0x08008330   0x08008330   0x000000a0   Code   RO         4786    i.vPortValidateInterruptPriority  port.o
    0x080083d0   0x080083d0   0x0000002c   Code   RO         4034    i.vQueueAddToRegistry  queue.o
    0x080083fc   0x080083fc   0x0000004a   Code   RO         4038    i.vQueueWaitForMessageRestricted  queue.o
    0x08008446   0x08008446   0x00000002   PAD
    0x08008448   0x08008448   0x00000074   Code   RO         4283    i.vTaskDelay        tasks.o
    0x080084bc   0x080084bc   0x000000dc   Code   RO         4284    i.vTaskDelayUntil   tasks.o
    0x08008598   0x08008598   0x0000010c   Code   RO         4285    i.vTaskDelete       tasks.o
    0x080086a4   0x080086a4   0x00000078   Code   RO         4287    i.vTaskGetInfo      tasks.o
    0x0800871c   0x0800871c   0x0000000c   Code   RO         4289    i.vTaskMissedYield  tasks.o
    0x08008728   0x08008728   0x00000054   Code   RO         4291    i.vTaskPlaceOnEventList  tasks.o
    0x0800877c   0x0800877c   0x0000005c   Code   RO         4292    i.vTaskPlaceOnEventListRestricted  tasks.o
    0x080087d8   0x080087d8   0x000000b0   Code   RO         4294    i.vTaskPriorityInherit  tasks.o
    0x08008888   0x08008888   0x0000004c   Code   RO         4298    i.vTaskSetTimeOutState  tasks.o
    0x080088d4   0x080088d4   0x000000ac   Code   RO         4299    i.vTaskStartScheduler  tasks.o
    0x08008980   0x08008980   0x00000010   Code   RO         4301    i.vTaskSuspendAll   tasks.o
    0x08008990   0x08008990   0x000000a8   Code   RO         4302    i.vTaskSwitchContext  tasks.o
    0x08008a38   0x08008a38   0x00000040   Code   RO          634    i.verify_crc16_check_sum  reference_task.o
    0x08008a78   0x08008a78   0x00000030   Code   RO          635    i.verify_crc8_check_sum  reference_task.o
    0x08008aa8   0x08008aa8   0x00000026   Code   RO         1169    i.write_byte        flash.o
    0x08008ace   0x08008ace   0x00000002   PAD
    0x08008ad0   0x08008ad0   0x0000000c   Code   RO         4869    i.xPortGetFreeHeapSize  heap_4.o
    0x08008adc   0x08008adc   0x0000015c   Code   RO         4787    i.xPortStartScheduler  port.o
    0x08008c38   0x08008c38   0x00000034   Code   RO         4788    i.xPortSysTickHandler  port.o
    0x08008c6c   0x08008c6c   0x00000074   Code   RO         4043    i.xQueueGenericCreate  queue.o
    0x08008ce0   0x08008ce0   0x000001c8   Code   RO         4044    i.xQueueGenericReceive  queue.o
    0x08008ea8   0x08008ea8   0x000000b0   Code   RO         4045    i.xQueueGenericReset  queue.o
    0x08008f58   0x08008f58   0x000001c4   Code   RO         4046    i.xQueueGenericSend  queue.o
    0x0800911c   0x0800911c   0x00000110   Code   RO         4047    i.xQueueGenericSendFromISR  queue.o
    0x0800922c   0x0800922c   0x000000a0   Code   RO         4303    i.xTaskCheckForTimeOut  tasks.o
    0x080092cc   0x080092cc   0x00000060   Code   RO         4304    i.xTaskCreate       tasks.o
    0x0800932c   0x0800932c   0x000000bc   Code   RO         4308    i.xTaskGetHandle    tasks.o
    0x080093e8   0x080093e8   0x00000020   Code   RO         4309    i.xTaskGetSchedulerState  tasks.o
    0x08009408   0x08009408   0x0000000c   Code   RO         4310    i.xTaskGetTickCount  tasks.o
    0x08009414   0x08009414   0x00000160   Code   RO         4312    i.xTaskIncrementTick  tasks.o
    0x08009574   0x08009574   0x000000d8   Code   RO         4315    i.xTaskPriorityDisinherit  tasks.o
    0x0800964c   0x0800964c   0x000000b4   Code   RO         4316    i.xTaskRemoveFromEventList  tasks.o
    0x08009700   0x08009700   0x00000120   Code   RO         4318    i.xTaskResumeAll    tasks.o
    0x08009820   0x08009820   0x00000074   Code   RO         4654    i.xTimerCreateTimerTask  timers.o
    0x08009894   0x08009894   0x000000a4   Code   RO         4655    i.xTimerGenericCommand  timers.o
    0x08009938   0x08009938   0x00000302   Data   RO          637    .constdata          reference_task.o
    0x08009c3a   0x08009c3a   0x00000002   PAD
    0x08009c3c   0x08009c3c   0x00000020   Data   RO         5394    Region$$Table       anon$$obj.o


    Execution Region RW_IRAM2 (Exec base: 0x10000000, Load base: 0x08009d84, Size: 0x00000000, Max: 0x00010000, ABSOLUTE)

    **** No section assigned to this execution region ****


    Execution Region RW_IRAM1 (Exec base: 0x20000000, Load base: 0x08009c5c, Size: 0x00006f98, Max: 0x00020000, ABSOLUTE)

    Exec Addr    Load Addr    Size         Type   Attr      Idx    E Section Name        Object

    0x20000000   0x08009c5c   0x0000002c   Data   RW            6    .data               main.o
    0x2000002c   0x08009c88   0x00000004   Data   RW          328    .data               app.o
    0x20000030   0x08009c8c   0x00000008   Data   RW          422    .data               config_param_task.o
    0x20000038   0x08009c94   0x00000015   Data   RW          469    .data               stat_judge_task.o
    0x2000004d   0x08009ca9   0x00000001   PAD
    0x2000004e   0x08009caa   0x00000002   Data   RW          638    .data               reference_task.o
    0x20000050   0x08009cac   0x00000008   Data   RW          710    .data               shoot_task.o
    0x20000058   0x08009cb4   0x00000004   Data   RW          843    .data               chasis_task.o
    0x2000005c   0x08009cb8   0x00000004   Data   RW          889    .data               aux_task.o
    0x20000060   0x08009cbc   0x00000008   Data   RW          951    .data               io_task.o
    0x20000068   0x08009cc4   0x00000004   Data   RW         1026    .data               beep.o
    0x2000006c   0x08009cc8   0x00000001   Data   RW         1302    .data               led.o
    0x2000006d   0x08009cc9   0x00000003   PAD
    0x20000070   0x08009ccc   0x00000005   Data   RW         1445    .data               usart1.o
    0x20000075   0x08009cd1   0x00000001   Data   RW         1523    .data               usart2.o
    0x20000076   0x08009cd2   0x00000002   Data   RW         1553    .data               usart3.o
    0x20000078   0x08009cd4   0x00000001   Data   RW         1592    .data               usart4.o
    0x20000079   0x08009cd5   0x00000001   Data   RW         1631    .data               usart5.o
    0x2000007a   0x08009cd6   0x00000001   Data   RW         1673    .data               usart6.o
    0x2000007b   0x08009cd7   0x00000010   Data   RW         2596    .data               stm32f4xx_rcc.o
    0x2000008b   0x08009ce7   0x00000001   PAD
    0x2000008c   0x08009ce8   0x00000004   Data   RW         3632    .data               delay.o
    0x20000090   0x08009cec   0x00000006   Data   RW         3695    .data               usart.o
    0x20000096   0x08009cf2   0x00000002   PAD
    0x20000098   0x08009cf4   0x00000014   Data   RW         3796    .data               system_stm32f4xx.o
    0x200000ac   0x08009d08   0x0000003c   Data   RW         4321    .data               tasks.o
    0x200000e8   0x08009d44   0x00000014   Data   RW         4663    .data               timers.o
    0x200000fc   0x08009d58   0x0000000c   Data   RW         4789    .data               port.o
    0x20000108   0x08009d64   0x00000018   Data   RW         4872    .data               heap_4.o
    0x20000120   0x08009d7c   0x00000004   Data   RW         5379    .data               mc_w.l(mvars.o)
    0x20000124   0x08009d80   0x00000004   Data   RW         5380    .data               mc_w.l(mvars.o)
    0x20000128        -       0x00000018   Zero   RW          327    .bss                app.o
    0x20000140        -       0x00000028   Zero   RW          547    .bss                detection_task.o
    0x20000168        -       0x00000024   Zero   RW          586    .bss                conclude_task.o
    0x2000018c        -       0x00000538   Zero   RW          636    .bss                reference_task.o
    0x200006c4        -       0x00000018   Zero   RW          753    .bss                gimbal_task.o
    0x200006dc        -       0x00000018   Zero   RW          842    .bss                chasis_task.o
    0x200006f4        -       0x00000186   Zero   RW          949    .bss                io_task.o
    0x2000087a   0x08009d84   0x00000002   PAD
    0x2000087c        -       0x00000078   Zero   RW         1076    .bss                can.o
    0x200008f4        -       0x00000136   Zero   RW         1172    .bss                flash.o
    0x20000a2a        -       0x00000410   Zero   RW         1344    .bss                pid.o
    0x20000e3a   0x08009d84   0x00000002   PAD
    0x20000e3c        -       0x000000c0   Zero   RW         1444    .bss                usart1.o
    0x20000efc        -       0x00000100   Zero   RW         1522    .bss                usart2.o
    0x20000ffc        -       0x00000200   Zero   RW         1552    .bss                usart3.o
    0x200011fc        -       0x00000094   Zero   RW         1591    .bss                usart4.o
    0x20001290        -       0x00000100   Zero   RW         1630    .bss                usart5.o
    0x20001390        -       0x00000110   Zero   RW         1672    .bss                usart6.o
    0x200014a0        -       0x000000ac   Zero   RW         1721    .bss                user_lib.o
    0x2000154c        -       0x00000100   Zero   RW         3694    .bss                usart.o
    0x2000164c        -       0x00000040   Zero   RW         4058    .bss                queue.o
    0x2000168c        -       0x000002e4   Zero   RW         4320    .bss                tasks.o
    0x20001970        -       0x00000028   Zero   RW         4662    .bss                timers.o
    0x20001998        -       0x00005000   Zero   RW         4871    .bss                heap_4.o
    0x20006998        -       0x00000200   Zero   RW         3829    HEAP                startup_stm32f40_41xxx.o
    0x20006b98        -       0x00000400   Zero   RW         3828    STACK               startup_stm32f40_41xxx.o


==============================================================================

Image component sizes


      Code (inc. data)   RO Data    RW Data    ZI Data      Debug   Object Name

      1664        562          0          4         24      34293   app.o
       314         32          0          4          0       1997   aux_task.o
       124         16          0          4          0       1728   beep.o
       964         70          0          0        120       7394   can.o
       740        108          0          4         24       2968   chasis_task.o
       840         76          0          0         36       3155   conclude_task.o
        92          8          0          8          0        854   config_param_task.o
       220         18          0          4          0       2537   delay.o
         0          0          0          0         40        763   detection_task.o
         0          0          0          0          0      11784   event_groups.o
       532        138          0          0        310       5602   flash.o
       288         16          0          0          0       1725   fricmotor.o
      2052        392          0          0         24       6809   gimbal_task.o
       764        182          0         24      20480       4526   heap_4.o
      3292         96          0          8        390       9345   io_task.o
        48          6          0          0          0        507   key.o
       294         42          0          1          0       2226   led.o
       148          0          0          0          0       3238   list.o
       556        266          0         44          0     329840   main.o
       180         24          0          0          0       2081   misc.o
       752         96          0          0       1040       3979   pid.o
      1182        396          0         12          0      10905   port.o
      2164        238          0          0         64      13421   queue.o
       800         52        770          2       1336       8557   reference_task.o
       116          8          0          8          0       1668   shoot_task.o
        36          8        392          0       1536        836   startup_stm32f40_41xxx.o
      1216        324          0         21          0       6778   stat_judge_task.o
      1654         22          0          0          0       7552   stm32f4xx_can.o
       864         72          0          0          0      10061   stm32f4xx_dma.o
       398         40          0          0          0       4501   stm32f4xx_flash.o
       258          0          0          0          0       4069   stm32f4xx_gpio.o
        20          0          0          0          0       2845   stm32f4xx_it.o
       392         48          0         16          0       5817   stm32f4xx_rcc.o
       520         48          0          0          0       6198   stm32f4xx_tim.o
       686         42          0          0          0       6111   stm32f4xx_usart.o
       340         32          0         20          0       1837   system_stm32f4xx.o
      4278       1048          0         60        740      34365   tasks.o
       288         24          0          0          0       2292   timer3.o
      1310        312          0         20         40       8875   timers.o
        36          8          0          6        256       2466   usart.o
      1262         84          0          5        192       6664   usart1.o
       176         18          0          1        256       1072   usart2.o
       732         52          0          2        512       2698   usart3.o
       684         44          0          1        148       3087   usart4.o
       608         60          0          1        256       2480   usart5.o
       708         50          0          1        272       2978   usart6.o
       176          6          0          0        172       3766   user_lib.o

    ----------------------------------------------------------------------
     34820       5184       1196        288      28272     599250   Object Totals
         0          0         32          0          0          0   (incl. Generated)
        52          0          2          7          4          0   (incl. Padding)

    ----------------------------------------------------------------------

      Code (inc. data)   RO Data    RW Data    ZI Data      Debug   Library Member Name

      1444          0          0          0          0      11304   fifo.o
       288          4          0          0          0       1785   pid_regulator.o
         0          0          0          0          0          0   entry.o
         0          0          0          0          0          0   entry10a.o
         0          0          0          0          0          0   entry11a.o
         8          4          0          0          0          0   entry2.o
         4          0          0          0          0          0   entry5.o
         0          0          0          0          0          0   entry7b.o
         0          0          0          0          0          0   entry8b.o
         8          4          0          0          0          0   entry9a.o
        30          0          0          0          0          0   handlers.o
        36          8          0          0          0         68   init.o
         0          0          0          0          0          0   iusefp.o
        30          0          0          0          0         68   llshl.o
        36          0          0          0          0         68   llsshr.o
        32          0          0          0          0         68   llushr.o
       188         20          0          0          0        160   malloc.o
        36          0          0          0          0         68   memcpya.o
        36          0          0          0          0        108   memseta.o
         0          0          0          8          0          0   mvars.o
       736         56          0          0          0        184   printf5.o
        14          0          0          0          0         68   strlen.o
        98          0          0          0          0         92   uldiv.o
        56          0          0          0          0         88   d2f.o
       334          0          0          0          0        148   dadd.o
       186          0          0          0          0        176   depilogue.o
        34          0          0          0          0         76   dflti.o
       228          0          0          0          0         96   dmul.o
        38          0          0          0          0         68   f2d.o
       110          0          0          0          0        168   fepilogue.o

    ----------------------------------------------------------------------
      4012         96          0          8          0      14861   Library Totals
         2          0          0          0          0          0   (incl. Padding)

    ----------------------------------------------------------------------

      Code (inc. data)   RO Data    RW Data    ZI Data      Debug   Library Name

      1732          4          0          0          0      13089   RMLib.lib
      1292         92          0          8          0        952   mc_w.l
       986          0          0          0          0        820   mf_w.l

    ----------------------------------------------------------------------
      4012         96          0          8          0      14861   Library Totals

    ----------------------------------------------------------------------

==============================================================================


      Code (inc. data)   RO Data    RW Data    ZI Data      Debug   

     38832       5280       1196        296      28272     586583   Grand Totals
     38832       5280       1196        296      28272     586583   ELF Image Totals
     38832       5280       1196        296          0          0   ROM Totals

==============================================================================

    Total RO  Size (Code + RO Data)                40028 (  39.09kB)
    Total RW  Size (RW Data + ZI Data)             28568 (  27.90kB)
    Total ROM Size (Code + RO Data + RW Data)      40324 (  39.38kB)

==============================================================================

